Archive member included to satisfy reference by file (symbol)

.\CortexM0\ARM_GCC_541\Debug\capsenseled.a(red.o)
                              .\CortexM0\ARM_GCC_541\Debug\main.o (red_Write)
.\CortexM0\ARM_GCC_541\Debug\capsenseled.a(capsense.o)
                              .\CortexM0\ARM_GCC_541\Debug\main.o (capsense_IsBusy)
.\CortexM0\ARM_GCC_541\Debug\capsenseled.a(capsense_CSHL.o)
                              .\CortexM0\ARM_GCC_541\Debug\main.o (capsense_InitializeEnabledBaselines)
.\CortexM0\ARM_GCC_541\Debug\capsenseled.a(capsense_INT.o)
                              .\CortexM0\ARM_GCC_541\Debug\capsenseled.a(capsense.o) (capsense_ISR)
.\CortexM0\ARM_GCC_541\Debug\capsenseled.a(capsense_SMS.o)
                              .\CortexM0\ARM_GCC_541\Debug\capsenseled.a(capsense_CSHL.o) (capsense_UpdateThresholds)
.\CortexM0\ARM_GCC_541\Debug\capsenseled.a(ble.o)
                              .\CortexM0\ARM_GCC_541\Debug\main.o (CyBle_Start)
.\CortexM0\ARM_GCC_541\Debug\capsenseled.a(ble_gatt.o)
                              .\CortexM0\ARM_GCC_541\Debug\main.o (cyBle_state)
.\CortexM0\ARM_GCC_541\Debug\capsenseled.a(ble_eventHandler.o)
                              .\CortexM0\ARM_GCC_541\Debug\main.o (cyBle_connHandle)
.\CortexM0\ARM_GCC_541\Debug\capsenseled.a(ble_custom.o)
                              .\CortexM0\ARM_GCC_541\Debug\capsenseled.a(ble.o) (CyBle_CustomInit)
.\CortexM0\ARM_GCC_541\Debug\capsenseled.a(pwm.o)
                              .\CortexM0\ARM_GCC_541\Debug\main.o (pwm_Stop)
.\CortexM0\ARM_GCC_541\Debug\capsenseled.a(capsense_SampleClk.o)
                              .\CortexM0\ARM_GCC_541\Debug\capsenseled.a(capsense.o) (capsense_SampleClk_StartEx)
.\CortexM0\ARM_GCC_541\Debug\capsenseled.a(capsense_SenseClk.o)
                              .\CortexM0\ARM_GCC_541\Debug\capsenseled.a(capsense.o) (capsense_SenseClk_StartEx)
.\CortexM0\ARM_GCC_541\Debug\capsenseled.a(CyLib.o)
                              .\CortexM0\ARM_GCC_541\Debug\cyfitter_cfg.o (CySysClkWriteImoFreq)
.\CortexM0\ARM_GCC_541\Debug\capsenseled.a(CyLFClk.o)
                              .\CortexM0\ARM_GCC_541\Debug\cyfitter_cfg.o (CySysClkWcoStart)
.\CortexM0\ARM_GCC_541\Debug\capsenseled.a(ADC.o)
                              .\CortexM0\ARM_GCC_541\Debug\main.o (ADC_Start)
.\CortexM0\ARM_GCC_541\Debug\capsenseled.a(ADC_INT.o)
                              .\CortexM0\ARM_GCC_541\Debug\capsenseled.a(ADC.o) (ADC_ISR)
.\CortexM0\ARM_GCC_541\Debug\capsenseled.a(CyBootAsmGnu.o)
                              .\CortexM0\ARM_GCC_541\Debug\cyfitter_cfg.o (CyDelayCycles)
..\..\..\..\..\PSoC Creator\4.2\Downloads ( 4.2).cylib\BLE_v3_54\Library\gccCyBLEStack_BLE_SOC_PERIPHERAL.a(CyBle.o)
                              .\CortexM0\ARM_GCC_541\Debug\main.o (CyBle_EnterLPM)
..\..\..\..\..\PSoC Creator\4.2\Downloads ( 4.2).cylib\BLE_v3_54\Library\gccCyBLEStack_BLE_SOC_PERIPHERAL.a(CyBleStackMgrIP_Interface.o)
                              ..\..\..\..\..\PSoC Creator\4.2\Downloads ( 4.2).cylib\BLE_v3_54\Library\gccCyBLEStack_BLE_SOC_PERIPHERAL.a(CyBle.o) (CyBleStackMgr_Init)
..\..\..\..\..\PSoC Creator\4.2\Downloads ( 4.2).cylib\BLE_v3_54\Library\gccCyBLEStack_BLE_SOC_PERIPHERAL.a(BT_os.o)
                              ..\..\..\..\..\PSoC Creator\4.2\Downloads ( 4.2).cylib\BLE_v3_54\Library\gccCyBLEStack_BLE_SOC_PERIPHERAL.a(CyBleStackMgrIP_Interface.o) (cyBleStackMemoryConfig)
..\..\..\..\..\PSoC Creator\4.2\Downloads ( 4.2).cylib\BLE_v3_54\Library\gccCyBLEStack_BLE_SOC_PERIPHERAL.a(BT_timer.o)
                              ..\..\..\..\..\PSoC Creator\4.2\Downloads ( 4.2).cylib\BLE_v3_54\Library\gccCyBLEStack_BLE_SOC_PERIPHERAL.a(CyBleStackMgrIP_Interface.o) (timer_init)
..\..\..\..\..\PSoC Creator\4.2\Downloads ( 4.2).cylib\BLE_v3_54\Library\gccCyBLEStack_BLE_SOC_PERIPHERAL.a(CyBleStackMgr_StackTaskHandler.o)
                              ..\..\..\..\..\PSoC Creator\4.2\Downloads ( 4.2).cylib\BLE_v3_54\Library\gccCyBLEStack_BLE_SOC_PERIPHERAL.a(BT_timer.o) (BLE_STACK_TASK_EVT)
..\..\..\..\..\PSoC Creator\4.2\Downloads ( 4.2).cylib\BLE_v3_54\Library\gccCyBLEStack_BLE_SOC_PERIPHERAL.a(transport_sf.o)
                              ..\..\..\..\..\PSoC Creator\4.2\Downloads ( 4.2).cylib\BLE_v3_54\Library\gccCyBLEStack_BLE_SOC_PERIPHERAL.a(CyBleStackMgr_StackTaskHandler.o) (hci_soft_transport_notify_data_received)
..\..\..\..\..\PSoC Creator\4.2\Downloads ( 4.2).cylib\BLE_v3_54\Library\gccCyBLEStack_BLE_SOC_PERIPHERAL.a(CyBleStackMgr_PSoCHal.o)
                              ..\..\..\..\..\PSoC Creator\4.2\Downloads ( 4.2).cylib\BLE_v3_54\Library\gccCyBLEStack_BLE_SOC_PERIPHERAL.a(BT_timer.o) (CyBleStackMgr_GetTime)
..\..\..\..\..\PSoC Creator\4.2\Downloads ( 4.2).cylib\BLE_v3_54\Library\gccCyBLEStack_BLE_SOC_PERIPHERAL.a(CyBleStackMgr_BleSSDriver.o)
[...]
Memory Configuration

Name             Origin             Length             Attributes
rom              0x00000000         0x00020000         xr
ram              0x20000000         0x00004000         xrw
*default*        0x00000000         0xffffffff

Linker script and memory map

LOAD c:/program files (x86)/cypress/psoc creator/4.2/psoc creator/import/gnu/arm/5.4.1/bin/../lib/gcc/arm-none-eabi/5.4.1/armv6-m/crti.o
LOAD c:/program files (x86)/cypress/psoc creator/4.2/psoc creator/import/gnu/arm/5.4.1/bin/../lib/gcc/arm-none-eabi/5.4.1/armv6-m/crtbegin.o
LOAD c:/program files (x86)/cypress/psoc creator/4.2/psoc creator/import/gnu/arm/5.4.1/bin/../lib/gcc/arm-none-eabi/5.4.1/../../../../arm-none-eabi/lib/armv6-m/crt0.o
START GROUP
LOAD .\CortexM0\ARM_GCC_541\Debug\main.o
LOAD .\CortexM0\ARM_GCC_541\Debug\cyfitter_cfg.o
LOAD .\CortexM0\ARM_GCC_541\Debug\cymetadata.o
LOAD .\CortexM0\ARM_GCC_541\Debug\Cm0Start.o
LOAD .\CortexM0\ARM_GCC_541\Debug\capsenseled.a
LOAD ..\..\..\..\..\PSoC Creator\4.2\Downloads ( 4.2).cylib\BLE_v3_54\Library\gccCyBLEStack_BLE_SOC_PERIPHERAL.a
LOAD C:\Program Files (x86)\Cypress\PSoC Creator\4.2\PSoC Creator\psoc\content\CyComponentLibrary\CyComponentLibrary.cylib\CapSense_CSD_P4_v2_60\PSoC4\Library\CapsenseP4Library_GCC.a
END GROUP
START GROUP
LOAD c:/program files (x86)/cypress/psoc creator/4.2/psoc creator/import/gnu/arm/5.4.1/bin/../lib/gcc/arm-none-eabi/5.4.1/armv6-m\libgcc.a
LOAD c:/program files (x86)/cypress/psoc creator/4.2/psoc creator/import/gnu/arm/5.4.1/bin/../lib/gcc/arm-none-eabi/5.4.1/../../../../arm-none-eabi/lib/armv6-m\libg_nano.a
LOAD c:/program files (x86)/cypress/psoc creator/4.2/psoc creator/import/gnu/arm/5.4.1/bin/../lib/gcc/arm-none-eabi/5.4.1/../../../../arm-none-eabi/lib/armv6-m\libc_nano.a
END GROUP
START GROUP
LOAD c:/program files (x86)/cypress/psoc creator/4.2/psoc creator/import/gnu/arm/5.4.1/bin/../lib/gcc/arm-none-eabi/5.4.1/armv6-m\libgcc.a
LOAD c:/program files (x86)/cypress/psoc creator/4.2/psoc creator/import/gnu/arm/5.4.1/bin/../lib/gcc/arm-none-eabi/5.4.1/../../../../arm-none-eabi/lib/armv6-m\libc_nano.a
END GROUP
LOAD c:/program files (x86)/cypress/psoc creator/4.2/psoc creator/import/gnu/arm/5.4.1/bin/../lib/gcc/arm-none-eabi/5.4.1/armv6-m/crtend.o
LOAD c:/program files (x86)/cypress/psoc creator/4.2/psoc creator/import/gnu/arm/5.4.1/bin/../lib/gcc/arm-none-eabi/5.4.1/armv6-m/crtn.o
START GROUP
LOAD c:/program files (x86)/cypress/psoc creator/4.2/psoc creator/import/gnu/arm/5.4.1/bin/../lib/gcc/arm-none-eabi/5.4.1/armv6-m\libgcc.a
LOAD c:/program files (x86)/cypress/psoc creator/4.2/psoc creator/import/gnu/arm/5.4.1/bin/../lib/gcc/arm-none-eabi/5.4.1/../../../../arm-none-eabi/lib/armv6-m\libc.a
LOAD c:/program files (x86)/cypress/psoc creator/4.2/psoc creator/import/gnu/arm/5.4.1/bin/../lib/gcc/arm-none-eabi/5.4.1/../../../../arm-none-eabi/lib/armv6-m\libnosys.a
END GROUP
                0x00000000                CY_APPL_ORIGIN = 0x0
                0x00000080                CY_FLASH_ROW_SIZE = 0x80
                0x00000001                CY_APPL_NUM = 0x1
                0x00000001                CY_APPL_MAX = 0x1
                0x00000040                CY_METADATA_SIZE = 0x40
                0x00000000                CY_APPL_LOADABLE = 0x0
                0x00000000                CY_CHECKSUM_EXCLUDE_SIZE = ALIGN (0x0, CY_FLASH_ROW_SIZE)
                0x00000000                CY_APP_FOR_STACK_AND_COPIER = 0x0
                [!provide]                PROVIDE (__cy_heap_start, _end)
                0x00000001                PROVIDE (__cy_region_num, ((__cy_regions_end - __cy_regions) / 0x10))
                0x20004000                PROVIDE (__cy_stack, (ORIGIN (ram) + LENGTH (ram)))
                [!provide]                PROVIDE (__cy_heap_end, (__cy_stack - 0x800))

.cybootloader   0x00000000        0x0
 *(.cybootloader)
                0x00000000                appl1_start = CY_APPL_ORIGIN?CY_APPL_ORIGIN:ALIGN (CY_FLASH_ROW_SIZE)
                0x0000ff80                appl2_start = (appl1_start + ALIGN ((((LENGTH (rom) - appl1_start) - (0x2 * CY_FLASH_ROW_SIZE)) / 0x2), CY_FLASH_ROW_SIZE))
                0x00000000                appl_start = (CY_APPL_NUM == 0x1)?appl1_start:appl2_start
                0x00000001                cy_project_type_bootloader = (appl_start == 0x0)?0x1:0x0
                0x00000000                cy_project_type_app_for_stack_and_copier = (CY_APP_FOR_STACK_AND_COPIER == 0x1)?0x1:0x0

.text           0x00000000     0x2588
 CREATE_OBJECT_SYMBOLS
                0x00000000                PROVIDE (__cy_interrupt_vector, RomVectors)
 *(.romvectors)
 .romvectors    0x00000000       0x10 .\CortexM0\ARM_GCC_541\Debug\Cm0Start.o
                0x00000000                RomVectors
                0x00000001                ASSERT ((. != __cy_interrupt_vector), No interrupt vector)
                0x00000001                ASSERT (CY_APPL_ORIGIN?(SIZEOF (.cybootloader) <= CY_APPL_ORIGIN):0x1, Wrong image location)
                0x00000010                PROVIDE (__cy_reset, Reset)
 *(.text.Reset)
 .text.Reset    0x00000010        0x8 .\CortexM0\ARM_GCC_541\Debug\Cm0Start.o
                0x00000010                Reset
                0x00000001                ASSERT ((. != __cy_reset), No reset code)
 *(.psocinit)
 .psocinit      0x00000018      0x254 .\CortexM0\ARM_GCC_541\Debug\cyfitter_cfg.o
                0x00000148                cyfitter_cfg
                0x0000026c                . = MAX (., 0x100)
 *(.text .text.* .gnu.linkonce.t.*)
 .text          0x0000026c       0x60 c:/program files (x86)/cypress/psoc creator/4.2/psoc creator/import/gnu/arm/5.4.1/bin/../lib/gcc/arm-none-eabi/5.4.1/armv6-m/crtbegin.o
 .text.updateAnalogIn
                0x000002cc       0x60 .\CortexM0\ARM_GCC_541\Debug\main.o
                0x000002cc                updateAnalogIn
 .text.updateLed
                0x0000032c       0x3c .\CortexM0\ARM_GCC_541\Debug\main.o
                0x0000032c                updateLed
 .text.updateCapsense
                0x00000368       0x64 .\CortexM0\ARM_GCC_541\Debug\main.o
                0x00000368                updateCapsense
 .text.BleCallBack
                0x000003cc       0xd4 .\CortexM0\ARM_GCC_541\Debug\main.o
                0x000003cc                BleCallBack
 .text.main     0x000004a0       0x58 .\CortexM0\ARM_GCC_541\Debug\main.o
                0x000004a0                main
 .text.cfg_write_bytes32
                0x000004f8       0x34 .\CortexM0\ARM_GCC_541\Debug\cyfitter_cfg.o
 .text.CYMEMZERO
                0x0000052c        0xc .\CortexM0\ARM_GCC_541\Debug\cyfitter_cfg.o
 .text.SetAnalogRoutingPumps
                0x00000538       0x20 .\CortexM0\ARM_GCC_541\Debug\cyfitter_cfg.o
                0x00000538                SetAnalogRoutingPumps
 .text.AnalogSetDefault
                0x00000558       0x3c .\CortexM0\ARM_GCC_541\Debug\cyfitter_cfg.o
 .text.IntDefaultHandler
                0x00000594       0x10 .\CortexM0\ARM_GCC_541\Debug\Cm0Start.o
                0x00000594                IntDefaultHandler
 .text.Start_c  0x000005a4       0x48 .\CortexM0\ARM_GCC_541\Debug\Cm0Start.o
                0x000005a4                Start_c
 .text.initialize_psoc
                0x000005ec       0x4c .\CortexM0\ARM_GCC_541\Debug\Cm0Start.o
                0x000005ec                initialize_psoc
 .text.red_Write
                0x00000638       0x18 .\CortexM0\ARM_GCC_541\Debug\capsenseled.a(red.o)
                0x00000638                red_Write
 .text.red_Read
                0x00000650       0x10 .\CortexM0\ARM_GCC_541\Debug\capsenseled.a(red.o)
                0x00000650                red_Read
 .text.capsense_CsdHwBlockInit
                0x00000660       0x7c .\CortexM0\ARM_GCC_541\Debug\capsenseled.a(capsense.o)
                0x00000660                capsense_CsdHwBlockInit
 .text.capsense_Enable
                0x000006dc       0x40 .\CortexM0\ARM_GCC_541\Debug\capsenseled.a(capsense.o)
                0x000006dc                capsense_Enable
 .text.capsense_IsBusy
                0x0000071c       0x10 .\CortexM0\ARM_GCC_541\Debug\capsenseled.a(capsense.o)
                0x0000071c                capsense_IsBusy
 .text.capsense_ReadSensorRaw
                0x0000072c       0x10 .\CortexM0\ARM_GCC_541\Debug\capsenseled.a(capsense.o)
                0x0000072c                capsense_ReadSensorRaw
 .text.capsense_EnableSensor
                0x0000073c       0x48 .\CortexM0\ARM_GCC_541\Debug\capsenseled.a(capsense.o)
                0x0000073c                capsense_EnableSensor
 .text.capsense_DisableSensor
                0x00000784       0x70 .\CortexM0\ARM_GCC_541\Debug\capsenseled.a(capsense.o)
                0x00000784                capsense_DisableSensor
 .text.capsense_ClearSensors
                0x000007f4       0x14 .\CortexM0\ARM_GCC_541\Debug\capsenseled.a(capsense.o)
                0x000007f4                capsense_ClearSensors
 .text.capsense_SetShieldDelay
                0x00000808       0x18 .\CortexM0\ARM_GCC_541\Debug\capsenseled.a(capsense.o)
                0x00000808                capsense_SetShieldDelay
 .text.capsense_GetBitValue
                0x00000820       0x18 .\CortexM0\ARM_GCC_541\Debug\capsenseled.a(capsense.o)
                0x00000820                capsense_GetBitValue
 .text.capsense_FindNextSensor
                0x00000838       0x24 .\CortexM0\ARM_GCC_541\Debug\capsenseled.a(capsense.o)
                0x00000838                capsense_FindNextSensor
 .text.capsense_PreScan
                0x0000085c      0x10c .\CortexM0\ARM_GCC_541\Debug\capsenseled.a(capsense.o)
                0x0000085c                capsense_PreScan
 .text.capsense_ScanSensor
                0x00000968       0x1c .\CortexM0\ARM_GCC_541\Debug\capsenseled.a(capsense.o)
                0x00000968                capsense_ScanSensor
 .text.capsense_ScanEnabledWidgets
                0x00000984       0x38 .\CortexM0\ARM_GCC_541\Debug\capsenseled.a(capsense.o)
                0x00000984                capsense_ScanEnabledWidgets
 .text.capsense_PostScan
                0x000009bc       0x90 .\CortexM0\ARM_GCC_541\Debug\capsenseled.a(capsense.o)
                0x000009bc                capsense_PostScan
 .text.capsense_SetBitValue
                0x00000a4c       0x28 .\CortexM0\ARM_GCC_541\Debug\capsenseled.a(capsense.o)
                0x00000a4c                capsense_SetBitValue
 .text.capsense_GetSensorRaw
                0x00000a74       0x2c .\CortexM0\ARM_GCC_541\Debug\capsenseled.a(capsense.o)
                0x00000a74                capsense_GetSensorRaw
 .text.capsense_SetUnscannedSensorState
                0x00000aa0        0xc .\CortexM0\ARM_GCC_541\Debug\capsenseled.a(capsense.o)
                0x00000aa0                capsense_SetUnscannedSensorState
 .text.capsense_Init
                0x00000aac       0x24 .\CortexM0\ARM_GCC_541\Debug\capsenseled.a(capsense.o)
                0x00000aac                capsense_Init
 .text.capsense_Start
                0x00000ad0       0x38 .\CortexM0\ARM_GCC_541\Debug\capsenseled.a(capsense.o)
                0x00000ad0                capsense_Start
 .text.capsense_NormalizeWidgets
                0x00000b08       0x40 .\CortexM0\ARM_GCC_541\Debug\capsenseled.a(capsense.o)
                0x00000b08                capsense_NormalizeWidgets
 .text.capsense_BaseInit
                0x00000b48       0x24 .\CortexM0\ARM_GCC_541\Debug\capsenseled.a(capsense_CSHL.o)
                0x00000b48                capsense_BaseInit
 .text.capsense_InitializeEnabledBaselines
                0x00000b6c       0x30 .\CortexM0\ARM_GCC_541\Debug\capsenseled.a(capsense_CSHL.o)
                0x00000b6c                capsense_InitializeEnabledBaselines
 .text.capsense_FindMaximum
                0x00000b9c       0x2c .\CortexM0\ARM_GCC_541\Debug\capsenseled.a(capsense_CSHL.o)
                0x00000b9c                capsense_FindMaximum
 .text.capsense_CalcCentroid
                0x00000bc8       0xe4 .\CortexM0\ARM_GCC_541\Debug\capsenseled.a(capsense_CSHL.o)
                0x00000bc8                capsense_CalcCentroid
 .text.capsense_IIR4Filter
                0x00000cac        0xc .\CortexM0\ARM_GCC_541\Debug\capsenseled.a(capsense_CSHL.o)
                0x00000cac                capsense_IIR4Filter
 .text.capsense_UpdateBaselineNoThreshold
                0x00000cb8      0x120 .\CortexM0\ARM_GCC_541\Debug\capsenseled.a(capsense_CSHL.o)
                0x00000cb8                capsense_UpdateBaselineNoThreshold
 .text.capsense_UpdateSensorBaseline
                0x00000dd8       0x10 .\CortexM0\ARM_GCC_541\Debug\capsenseled.a(capsense_CSHL.o)
                0x00000dd8                capsense_UpdateSensorBaseline
 .text.capsense_UpdateEnabledBaselines
                0x00000de8       0x24 .\CortexM0\ARM_GCC_541\Debug\capsenseled.a(capsense_CSHL.o)
                0x00000de8                capsense_UpdateEnabledBaselines
 .text.capsense_GetCentroidPos
                0x00000e0c       0x7c .\CortexM0\ARM_GCC_541\Debug\capsenseled.a(capsense_CSHL.o)
                0x00000e0c                capsense_GetCentroidPos
 .text.capsense_ISR
                0x00000e88       0x9c .\CortexM0\ARM_GCC_541\Debug\capsenseled.a(capsense_INT.o)
                0x00000e88                capsense_ISR
 .text.capsense_UpdateThresholds
                0x00000f24       0x74 .\CortexM0\ARM_GCC_541\Debug\capsenseled.a(capsense_SMS.o)
                0x00000f24                capsense_UpdateThresholds
 .text.capsense_SetAnalogSwitchesSrcDirect
                0x00000f98       0x10 .\CortexM0\ARM_GCC_541\Debug\capsenseled.a(capsense_SMS.o)
                0x00000f98                capsense_SetAnalogSwitchesSrcDirect
 .text.capsense_DisableBaselineIDAC
                0x00000fa8       0x1c .\CortexM0\ARM_GCC_541\Debug\capsenseled.a(capsense_SMS.o)
                0x00000fa8                capsense_DisableBaselineIDAC
 .text.capsense_EnableBaselineIDAC
                0x00000fc4       0x50 .\CortexM0\ARM_GCC_541\Debug\capsenseled.a(capsense_SMS.o)
                0x00000fc4                capsense_EnableBaselineIDAC
 .text.capsense_AutoTune
                0x00001014       0xbc .\CortexM0\ARM_GCC_541\Debug\capsenseled.a(capsense_SMS.o)
                0x00001014                capsense_AutoTune
 .text.CyBle_ServiceInit
                0x000010d0        0x8 .\CortexM0\ARM_GCC_541\Debug\capsenseled.a(ble.o)
                0x000010d0                CyBle_ServiceInit
 .text.CyBle_Init
                0x000010d8       0x34 .\CortexM0\ARM_GCC_541\Debug\capsenseled.a(ble.o)
                0x000010d8                CyBle_Init
 .text.CyBle_Start
                0x0000110c       0xb0 .\CortexM0\ARM_GCC_541\Debug\capsenseled.a(ble.o)
                0x0000110c                CyBle_Start
 .text.CyBle_GappStartAdvertisement
                0x000011bc       0x88 .\CortexM0\ARM_GCC_541\Debug\capsenseled.a(ble.o)
                0x000011bc                CyBle_GappStartAdvertisement
 .text.CyBle_ChangeAdDeviceAddress
                0x00001244        0x4 .\CortexM0\ARM_GCC_541\Debug\capsenseled.a(ble.o)
                0x00001244                CyBle_ChangeAdDeviceAddress
 .text.CyBle_Get16ByPtr
                0x00001248        0xc .\CortexM0\ARM_GCC_541\Debug\capsenseled.a(ble.o)
                0x00001248                CyBle_Get16ByPtr
 .text.CyBle_GattsWriteEventHandler
                0x00001254       0x58 .\CortexM0\ARM_GCC_541\Debug\capsenseled.a(ble_gatt.o)
                0x00001254                CyBle_GattsWriteEventHandler
 .text.CyBle_GattDisconnectEventHandler
                0x000012ac       0x10 .\CortexM0\ARM_GCC_541\Debug\capsenseled.a(ble_eventHandler.o)
 .text.CyBle_WriteReqHandler
                0x000012bc       0x38 .\CortexM0\ARM_GCC_541\Debug\capsenseled.a(ble_eventHandler.o)
 .text.CyBle_IsDeviceAddressValid
                0x000012f4       0x24 .\CortexM0\ARM_GCC_541\Debug\capsenseled.a(ble_eventHandler.o)
                0x000012f4                CyBle_IsDeviceAddressValid
 .text.CyBle_EventHandler
                0x00001318      0x2c0 .\CortexM0\ARM_GCC_541\Debug\capsenseled.a(ble_eventHandler.o)
                0x00001318                CyBle_EventHandler
 .text.CyBle_CustomInit
                0x000015d8        0x4 .\CortexM0\ARM_GCC_541\Debug\capsenseled.a(ble_custom.o)
                0x000015d8                CyBle_CustomInit
 .text.pwm_Enable
                0x000015dc       0x14 .\CortexM0\ARM_GCC_541\Debug\capsenseled.a(pwm.o)
                0x000015dc                pwm_Enable
 .text.pwm_Stop
                0x000015f0       0x10 .\CortexM0\ARM_GCC_541\Debug\capsenseled.a(pwm.o)
                0x000015f0                pwm_Stop
 .text.pwm_WriteCounter
                0x00001600        0xc .\CortexM0\ARM_GCC_541\Debug\capsenseled.a(pwm.o)
                0x00001600                pwm_WriteCounter
 .text.pwm_WritePeriod
                0x0000160c        0xc .\CortexM0\ARM_GCC_541\Debug\capsenseled.a(pwm.o)
                0x0000160c                pwm_WritePeriod
 .text.pwm_WriteCompare
                0x00001618        0xc .\CortexM0\ARM_GCC_541\Debug\capsenseled.a(pwm.o)
                0x00001618                pwm_WriteCompare
 .text.pwm_SetInterruptMode
                0x00001624        0xc .\CortexM0\ARM_GCC_541\Debug\capsenseled.a(pwm.o)
                0x00001624                pwm_SetInterruptMode
 .text.pwm_ReadStatusRegister
                0x00001630        0xc .\CortexM0\ARM_GCC_541\Debug\capsenseled.a(pwm.o)
                0x00001630                pwm_ReadStatusRegister
 .text.pwm_ReadCapture
                0x0000163c        0xc .\CortexM0\ARM_GCC_541\Debug\capsenseled.a(pwm.o)
                0x0000163c                pwm_ReadCapture
 .text.pwm_ClearFIFO
                0x00001648       0x14 .\CortexM0\ARM_GCC_541\Debug\capsenseled.a(pwm.o)
                0x00001648                pwm_ClearFIFO
 .text.pwm_Init
                0x0000165c       0x58 .\CortexM0\ARM_GCC_541\Debug\capsenseled.a(pwm.o)
                0x0000165c                pwm_Init
 .text.pwm_Start
                0x000016b4       0x20 .\CortexM0\ARM_GCC_541\Debug\capsenseled.a(pwm.o)
                0x000016b4                pwm_Start
 .text.capsense_SampleClk_StartEx
                0x000016d4       0x1c .\CortexM0\ARM_GCC_541\Debug\capsenseled.a(capsense_SampleClk.o)
                0x000016d4                capsense_SampleClk_StartEx
 .text.capsense_SampleClk_Stop
                0x000016f0       0x18 .\CortexM0\ARM_GCC_541\Debug\capsenseled.a(capsense_SampleClk.o)
                0x000016f0                capsense_SampleClk_Stop
 .text.capsense_SampleClk_SetFractionalDividerRegister
                0x00001708       0x20 .\CortexM0\ARM_GCC_541\Debug\capsenseled.a(capsense_SampleClk.o)
                0x00001708                capsense_SampleClk_SetFractionalDividerRegister
 .text.capsense_SenseClk_StartEx
                0x00001728       0x1c .\CortexM0\ARM_GCC_541\Debug\capsenseled.a(capsense_SenseClk.o)
                0x00001728                capsense_SenseClk_StartEx
 .text.capsense_SenseClk_Stop
                0x00001744       0x18 .\CortexM0\ARM_GCC_541\Debug\capsenseled.a(capsense_SenseClk.o)
                0x00001744                capsense_SenseClk_Stop
 .text.capsense_SenseClk_SetFractionalDividerRegister
                0x0000175c       0x20 .\CortexM0\ARM_GCC_541\Debug\capsenseled.a(capsense_SenseClk.o)
                0x0000175c                capsense_SenseClk_SetFractionalDividerRegister
 .text.CySysClkWriteImoFreq
                0x0000177c       0x64 .\CortexM0\ARM_GCC_541\Debug\capsenseled.a(CyLib.o)
                0x0000177c                CySysClkWriteImoFreq
 .text.CySysClkEcoReadStatus
                0x000017e0       0x10 .\CortexM0\ARM_GCC_541\Debug\capsenseled.a(CyLib.o)
                0x000017e0                CySysClkEcoReadStatus
 .text.CyIntEnable
                0x000017f0       0x14 .\CortexM0\ARM_GCC_541\Debug\capsenseled.a(CyLib.o)
                0x000017f0                CyIntEnable
 .text.CyIntDisable
                0x00001804       0x14 .\CortexM0\ARM_GCC_541\Debug\capsenseled.a(CyLib.o)
                0x00001804                CyIntDisable
 .text.CyIntClearPending
                0x00001818       0x14 .\CortexM0\ARM_GCC_541\Debug\capsenseled.a(CyLib.o)
                0x00001818                CyIntClearPending
 .text.CyHalt   0x0000182c        0x4 .\CortexM0\ARM_GCC_541\Debug\capsenseled.a(CyLib.o)
                0x0000182c                CyHalt
 .text.CyIntSetVector
                0x00001830       0x24 .\CortexM0\ARM_GCC_541\Debug\capsenseled.a(CyLib.o)
                0x00001830                CyIntSetVector
 .text.CyIntSetPriority
                0x00001854       0x4c .\CortexM0\ARM_GCC_541\Debug\capsenseled.a(CyLib.o)
                0x00001854                CyIntSetPriority
 .text.CyDelay  0x000018a0       0x30 .\CortexM0\ARM_GCC_541\Debug\capsenseled.a(CyLib.o)
                0x000018a0                CyDelay
 .text.CyDelayUs
                0x000018d0       0x14 .\CortexM0\ARM_GCC_541\Debug\capsenseled.a(CyLib.o)
                0x000018d0                CyDelayUs
 .text.CySysClkEcoStart
                0x000018e4       0x54 .\CortexM0\ARM_GCC_541\Debug\capsenseled.a(CyLib.o)
                0x000018e4                CySysClkEcoStart
 .text.CySysWdtLocked
                0x00001938       0x14 .\CortexM0\ARM_GCC_541\Debug\capsenseled.a(CyLFClk.o)
 .text.CySysClkWcoStart
                0x0000194c       0x40 .\CortexM0\ARM_GCC_541\Debug\capsenseled.a(CyLFClk.o)
                0x0000194c                CySysClkWcoStart
 .text.CySysClkWcoSetPowerMode
                0x0000198c       0x80 .\CortexM0\ARM_GCC_541\Debug\capsenseled.a(CyLFClk.o)
                0x0000198c                CySysClkWcoSetPowerMode
 .text.CySysWdtLock
                0x00001a0c       0x1c .\CortexM0\ARM_GCC_541\Debug\capsenseled.a(CyLFClk.o)
                0x00001a0c                CySysWdtLock
 .text.CySysWdtUnlock
                0x00001a28       0x30 .\CortexM0\ARM_GCC_541\Debug\capsenseled.a(CyLFClk.o)
                0x00001a28                CySysWdtUnlock
 .text.CySysWdtClearInterrupt
                0x00001a58       0x4c .\CortexM0\ARM_GCC_541\Debug\capsenseled.a(CyLFClk.o)
                0x00001a58                CySysWdtClearInterrupt
 .text.CySysWdtIsr
                0x00001aa4       0xa4 .\CortexM0\ARM_GCC_541\Debug\capsenseled.a(CyLFClk.o)
                0x00001aa4                CySysWdtIsr
 .text.ADC_Init
                0x00001b48      0x104 .\CortexM0\ARM_GCC_541\Debug\capsenseled.a(ADC.o)
                0x00001b48                ADC_Init
 .text.ADC_Enable
                0x00001c4c       0x30 .\CortexM0\ARM_GCC_541\Debug\capsenseled.a(ADC.o)
                0x00001c4c                ADC_Enable
 .text.ADC_Start
                0x00001c7c       0x20 .\CortexM0\ARM_GCC_541\Debug\capsenseled.a(ADC.o)
                0x00001c7c                ADC_Start
 .text.ADC_StartConvert
                0x00001c9c       0x14 .\CortexM0\ARM_GCC_541\Debug\capsenseled.a(ADC.o)
                0x00001c9c                ADC_StartConvert
 .text.ADC_GetResult16
                0x00001cb0       0x2c .\CortexM0\ARM_GCC_541\Debug\capsenseled.a(ADC.o)
                0x00001cb0                ADC_GetResult16
 .text.ADC_ISR  0x00001cdc        0xc .\CortexM0\ARM_GCC_541\Debug\capsenseled.a(ADC_INT.o)
                0x00001cdc                ADC_ISR
 .text          0x00001ce8       0x20 .\CortexM0\ARM_GCC_541\Debug\capsenseled.a(CyBootAsmGnu.o)
                0x00001ce8                CyDelayCycles
                0x00001cfa                CyEnterCriticalSection
                0x00001d02                CyExitCriticalSection
 .text.CalibrateOneDAC_P4_v2_60
                0x00001d08       0x40 C:\Program Files (x86)\Cypress\PSoC Creator\4.2\PSoC Creator\psoc\content\CyComponentLibrary\CyComponentLibrary.cylib\CapSense_CSD_P4_v2_60\PSoC4\Library\CapsenseP4Library_GCC.a(CSD_P4_SmartSense_v2_60.o)
                0x00001d08                CalibrateOneDAC_P4_v2_60
 .text.CalibrateSensors_P4_v2_60
                0x00001d48       0x22 C:\Program Files (x86)\Cypress\PSoC Creator\4.2\PSoC Creator\psoc\content\CyComponentLibrary\CyComponentLibrary.cylib\CapSense_CSD_P4_v2_60\PSoC4\Library\CapsenseP4Library_GCC.a(CSD_P4_SmartSense_v2_60.o)
                0x00001d48                CalibrateSensors_P4_v2_60
 .text.TunePrescalers_P4_v2_60
                0x00001d6a       0x42 C:\Program Files (x86)\Cypress\PSoC Creator\4.2\PSoC Creator\psoc\content\CyComponentLibrary\CyComponentLibrary.cylib\CapSense_CSD_P4_v2_60\PSoC4\Library\CapsenseP4Library_GCC.a(CSD_P4_SmartSense_v2_60.o)
                0x00001d6a                TunePrescalers_P4_v2_60
 .text.TuneSensitivity_P4_v2_60
                0x00001dac       0xdc C:\Program Files (x86)\Cypress\PSoC Creator\4.2\PSoC Creator\psoc\content\CyComponentLibrary\CyComponentLibrary.cylib\CapSense_CSD_P4_v2_60\PSoC4\Library\CapsenseP4Library_GCC.a(CSD_P4_SmartSense_v2_60.o)
                0x00001dac                TuneSensitivity_P4_v2_60
 .text.MeasureNoiseEnvelope_P4_v2_60
                0x00001e88       0xfc C:\Program Files (x86)\Cypress\PSoC Creator\4.2\PSoC Creator\psoc\content\CyComponentLibrary\CyComponentLibrary.cylib\CapSense_CSD_P4_v2_60\PSoC4\Library\CapsenseP4Library_GCC.a(CSD_P4_SmartSense_v2_60.o)
                0x00001e88                MeasureNoiseEnvelope_P4_v2_60
 .text.CalculateThresholds_P4_v2_60
                0x00001f84       0x36 C:\Program Files (x86)\Cypress\PSoC Creator\4.2\PSoC Creator\psoc\content\CyComponentLibrary\CyComponentLibrary.cylib\CapSense_CSD_P4_v2_60\PSoC4\Library\CapsenseP4Library_GCC.a(CSD_P4_SmartSense_v2_60.o)
                0x00001f84                CalculateThresholds_P4_v2_60
 *fill*         0x00001fba        0x2 
 .text.CyBLE_Bless_LlRegWrite
                0x00001fbc        0x4 .\CortexM0\ARM_GCC_541\Debug\capsenseled.a(ble_HAL_PVT.o)
                0x00001fbc                CyBLE_Bless_LlRegWrite
 .text.CyBLE_Bless_RfRegWrite
                0x00001fc0        0x4 .\CortexM0\ARM_GCC_541\Debug\capsenseled.a(ble_HAL_PVT.o)
                0x00001fc0                CyBLE_Bless_RfRegWrite
 .text.CyBLE_BlessDeviceConfig
                0x00001fc4      0x134 .\CortexM0\ARM_GCC_541\Debug\capsenseled.a(ble_HAL_PVT.o)
                0x00001fc4                CyBLE_BlessDeviceConfig
 .text.CyBleHal_DelayUs
                0x000020f8        0x8 .\CortexM0\ARM_GCC_541\Debug\capsenseled.a(ble_HAL_PVT.o)
                0x000020f8                CyBleHal_DelayUs
 .text.CyBleHal_DelayMs
                0x00002100        0x8 .\CortexM0\ARM_GCC_541\Debug\capsenseled.a(ble_HAL_PVT.o)
                0x00002100                CyBleHal_DelayMs
 .text.CyBleHal_EnableGlobalInterrupts
                0x00002108        0x8 .\CortexM0\ARM_GCC_541\Debug\capsenseled.a(ble_HAL_PVT.o)
                0x00002108                CyBleHal_EnableGlobalInterrupts
 .text.CyBleHal_DisableGlobalInterrupts
                0x00002110        0x8 .\CortexM0\ARM_GCC_541\Debug\capsenseled.a(ble_HAL_PVT.o)
                0x00002110                CyBleHal_DisableGlobalInterrupts
 .text.CyBle_HalInit
                0x00002118       0x18 .\CortexM0\ARM_GCC_541\Debug\capsenseled.a(ble_HAL_PVT.o)
                0x00002118                CyBle_HalInit
 .text.CYBLE_BlessStart
                0x00002130       0x10 .\CortexM0\ARM_GCC_541\Debug\capsenseled.a(ble_HAL_PVT.o)
                0x00002130                CYBLE_BlessStart
 .text.CyBLE_GetIpBlockVersion
                0x00002140        0x8 .\CortexM0\ARM_GCC_541\Debug\capsenseled.a(ble_HAL_PVT.o)
                0x00002140                CyBLE_GetIpBlockVersion
 .text.CyBle_Hal_pairing_local_public_key_handler
                0x00002148        0x4 .\CortexM0\ARM_GCC_541\Debug\capsenseled.a(ble_HAL_PVT.o)
                0x00002148                CyBle_Hal_pairing_local_public_key_handler
 .text.CyBle_Hal_pairing_remote_key_handler
                0x0000214c        0x4 .\CortexM0\ARM_GCC_541\Debug\capsenseled.a(ble_HAL_PVT.o)
                0x0000214c                CyBle_Hal_pairing_remote_key_handler
 .text.CyBle_Hal_pairing_dhkey_handler
                0x00002150        0x4 .\CortexM0\ARM_GCC_541\Debug\capsenseled.a(ble_HAL_PVT.o)
                0x00002150                CyBle_Hal_pairing_dhkey_handler
 .text.CyBle_Hal_pairing_dhkey_check_handler
                0x00002154        0x4 .\CortexM0\ARM_GCC_541\Debug\capsenseled.a(ble_HAL_PVT.o)
                0x00002154                CyBle_Hal_pairing_dhkey_check_handler
 .text.CyBle_Hal_pairing_keypress_notification_handler
                0x00002158        0x4 .\CortexM0\ARM_GCC_541\Debug\capsenseled.a(ble_HAL_PVT.o)
                0x00002158                CyBle_Hal_pairing_keypress_notification_handler
 .text.CyBle_Hal_pairing_rand_handler
                0x0000215c        0x4 .\CortexM0\ARM_GCC_541\Debug\capsenseled.a(ble_HAL_PVT.o)
                0x0000215c                CyBle_Hal_pairing_rand_handler
 .text.CyBle_Hal_pairing_confirm_handler
                0x00002160        0x4 .\CortexM0\ARM_GCC_541\Debug\capsenseled.a(ble_HAL_PVT.o)
                0x00002160                CyBle_Hal_pairing_confirm_handler
 .text.CyBle_Hal_pairing_lr_confirming_handler
                0x00002164        0x4 .\CortexM0\ARM_GCC_541\Debug\capsenseled.a(ble_HAL_PVT.o)
                0x00002164                CyBle_Hal_pairing_lr_confirming_handler
 .text.CyBle_Hal_pairing_sc_tbx_local_pubkey_generate_complete
                0x00002168        0x4 .\CortexM0\ARM_GCC_541\Debug\capsenseled.a(ble_HAL_PVT.o)
                0x00002168                CyBle_Hal_pairing_sc_tbx_local_pubkey_generate_complete
 .text.CyBle_Hal_pairing_sc_generate_local_P256_public_key
                0x0000216c        0x4 .\CortexM0\ARM_GCC_541\Debug\capsenseled.a(ble_HAL_PVT.o)
                0x0000216c                CyBle_Hal_pairing_sc_generate_local_P256_public_key
 .text.CyBle_Hal_se_smp_sc_user_passkey_handler
                0x00002170        0x4 .\CortexM0\ARM_GCC_541\Debug\capsenseled.a(ble_HAL_PVT.o)
                0x00002170                CyBle_Hal_se_smp_sc_user_passkey_handler
 .text.CyBle_Hal_EccPointMult
                0x00002174        0x4 .\CortexM0\ARM_GCC_541\Debug\capsenseled.a(ble_HAL_PVT.o)
                0x00002174                CyBle_Hal_EccPointMult
 .text.ble_bless_isr_SetVector
                0x00002178        0xc .\CortexM0\ARM_GCC_541\Debug\capsenseled.a(ble_bless_isr.o)
                0x00002178                ble_bless_isr_SetVector
 .text.ble_bless_isr_SetPriority
                0x00002184       0x20 .\CortexM0\ARM_GCC_541\Debug\capsenseled.a(ble_bless_isr.o)
                0x00002184                ble_bless_isr_SetPriority
 .text.ble_bless_isr_Enable
                0x000021a4       0x10 .\CortexM0\ARM_GCC_541\Debug\capsenseled.a(ble_bless_isr.o)
                0x000021a4                ble_bless_isr_Enable
 .text.ble_bless_isr_Disable
                0x000021b4       0x10 .\CortexM0\ARM_GCC_541\Debug\capsenseled.a(ble_bless_isr.o)
                0x000021b4                ble_bless_isr_Disable
 .text.ble_bless_isr_StartEx
                0x000021c4       0x1c .\CortexM0\ARM_GCC_541\Debug\capsenseled.a(ble_bless_isr.o)
                0x000021c4                ble_bless_isr_StartEx
 .text.CySysPmSleep
                0x000021e0       0x1c .\CortexM0\ARM_GCC_541\Debug\capsenseled.a(cyPm.o)
                0x000021e0                CySysPmSleep
 .text.CyBLE_Bless_Interrupt
                0x000021fc        0x8 .\CortexM0\ARM_GCC_541\Debug\capsenseled.a(ble_HAL_INT.o)
                0x000021fc                CyBLE_Bless_Interrupt
 .text          0x00002204      0x114 c:/program files (x86)/cypress/psoc creator/4.2/psoc creator/import/gnu/arm/5.4.1/bin/../lib/gcc/arm-none-eabi/5.4.1/armv6-m\libgcc.a(_udivsi3.o)
                0x00002204                __aeabi_uidiv
                0x00002204                __udivsi3
                0x00002310                __aeabi_uidivmod
 .text          0x00002318      0x1d4 c:/program files (x86)/cypress/psoc creator/4.2/psoc creator/import/gnu/arm/5.4.1/bin/../lib/gcc/arm-none-eabi/5.4.1/armv6-m\libgcc.a(_divsi3.o)
                0x00002318                __divsi3
                0x00002318                __aeabi_idiv
                0x000024e4                __aeabi_idivmod
 .text          0x000024ec        0x4 c:/program files (x86)/cypress/psoc creator/4.2/psoc creator/import/gnu/arm/5.4.1/bin/../lib/gcc/arm-none-eabi/5.4.1/armv6-m\libgcc.a(_dvmd_tls.o)
                0x000024ec                __aeabi_idiv0
                0x000024ec                __aeabi_ldiv0
 .text.__errno  0x000024f0        0xc c:/program files (x86)/cypress/psoc creator/4.2/psoc creator/import/gnu/arm/5.4.1/bin/../lib/gcc/arm-none-eabi/5.4.1/../../../../arm-none-eabi/lib/armv6-m\libg_nano.a(lib_a-errno.o)
                0x000024f0                __errno
 .text.__libc_init_array
                0x000024fc       0x4c c:/program files (x86)/cypress/psoc creator/4.2/psoc creator/import/gnu/arm/5.4.1/bin/../lib/gcc/arm-none-eabi/5.4.1/../../../../arm-none-eabi/lib/armv6-m\libg_nano.a(lib_a-init.o)
                0x000024fc                __libc_init_array
 .text.memcmp   0x00002548       0x1e c:/program files (x86)/cypress/psoc creator/4.2/psoc creator/import/gnu/arm/5.4.1/bin/../lib/gcc/arm-none-eabi/5.4.1/../../../../arm-none-eabi/lib/armv6-m\libg_nano.a(lib_a-memcmp.o)
                0x00002548                memcmp
 .text.memcpy   0x00002566       0x12 c:/program files (x86)/cypress/psoc creator/4.2/psoc creator/import/gnu/arm/5.4.1/bin/../lib/gcc/arm-none-eabi/5.4.1/../../../../arm-none-eabi/lib/armv6-m\libg_nano.a(lib_a-memcpy-stub.o)
                0x00002566                memcpy
 .text.memset   0x00002578       0x10 c:/program files (x86)/cypress/psoc creator/4.2/psoc creator/import/gnu/arm/5.4.1/bin/../lib/gcc/arm-none-eabi/5.4.1/../../../../arm-none-eabi/lib/armv6-m\libg_nano.a(lib_a-memset.o)
                0x00002578                memset
 *(.plt)
 *(.gnu.warning)
 *(.glue_7t)
 .glue_7t       0x00002588        0x0 linker stubs
 *(.glue_7)
 .glue_7        0x00002588        0x0 linker stubs
 *(.vfp11_veneer)
 .vfp11_veneer  0x00002588        0x0 linker stubs
 *(.bootloader)
 *(.ARM.extab* .gnu.linkonce.armextab.*)
 *(.gcc_except_table)

.v4_bx          0x00002588        0x0
 .v4_bx         0x00002588        0x0 linker stubs

.iplt           0x00002588        0x0
 .iplt          0x00002588        0x0 c:/program files (x86)/cypress/psoc creator/4.2/psoc creator/import/gnu/arm/5.4.1/bin/../lib/gcc/arm-none-eabi/5.4.1/armv6-m/crtbegin.o

i.CyBle_ControllerGetFeatureHeapReq
                0x00002588       0x58
 i.CyBle_ControllerGetFeatureHeapReq
                0x00002588       0x58 ..\..\..\..\..\PSoC Creator\4.2\Downloads ( 4.2).cylib\BLE_v3_54\Library\gccCyBLEStack_BLE_SOC_PERIPHERAL.a(CyBle.o)
                0x00002588                CyBle_ControllerGetFeatureHeapReq

i.CyBle_EnterLPM
                0x000025e0        0x8
 i.CyBle_EnterLPM
                0x000025e0        0x8 ..\..\..\..\..\PSoC Creator\4.2\Downloads ( 4.2).cylib\BLE_v3_54\Library\gccCyBLEStack_BLE_SOC_PERIPHERAL.a(CyBle.o)
                0x000025e0                CyBle_EnterLPM

i.CyBle_ExitLPM
                0x000025e8        0x8
 i.CyBle_ExitLPM
                0x000025e8        0x8 ..\..\..\..\..\PSoC Creator\4.2\Downloads ( 4.2).cylib\BLE_v3_54\Library\gccCyBLEStack_BLE_SOC_PERIPHERAL.a(CyBle.o)
                0x000025e8                CyBle_ExitLPM

i.CyBle_ProcessEvents
                0x000025f0        0x8
 i.CyBle_ProcessEvents
                0x000025f0        0x8 ..\..\..\..\..\PSoC Creator\4.2\Downloads ( 4.2).cylib\BLE_v3_54\Library\gccCyBLEStack_BLE_SOC_PERIPHERAL.a(CyBle.o)
                0x000025f0                CyBle_ProcessEvents

i.CyBle_SetDeviceAddress
                0x000025f8       0x24
 i.CyBle_SetDeviceAddress
                0x000025f8       0x24 ..\..\..\..\..\PSoC Creator\4.2\Downloads ( 4.2).cylib\BLE_v3_54\Library\gccCyBLEStack_BLE_SOC_PERIPHERAL.a(CyBle.o)
                0x000025f8                CyBle_SetDeviceAddress

i.CyBle_StackGetFeatureConfig
                0x0000261c       0x38
 i.CyBle_StackGetFeatureConfig
                0x0000261c       0x38 ..\..\..\..\..\PSoC Creator\4.2\Downloads ( 4.2).cylib\BLE_v3_54\Library\gccCyBLEStack_BLE_SOC_PERIPHERAL.a(CyBle.o)
                0x0000261c                CyBle_StackGetFeatureConfig

i.CyBle_StackInit
                0x00002654      0x154
 i.CyBle_StackInit
                0x00002654      0x154 ..\..\..\..\..\PSoC Creator\4.2\Downloads ( 4.2).cylib\BLE_v3_54\Library\gccCyBLEStack_BLE_SOC_PERIPHERAL.a(CyBle.o)
                0x00002654                CyBle_StackInit

i.CyBle_StackSetFeatureConfig
                0x000027a8       0xe8
 i.CyBle_StackSetFeatureConfig
                0x000027a8       0xe8 ..\..\..\..\..\PSoC Creator\4.2\Downloads ( 4.2).cylib\BLE_v3_54\Library\gccCyBLEStack_BLE_SOC_PERIPHERAL.a(CyBle.o)
                0x000027a8                CyBle_StackSetFeatureConfig

i.CyBle_StackValidateInputParams
                0x00002890       0xf4
 i.CyBle_StackValidateInputParams
                0x00002890       0xf4 ..\..\..\..\..\PSoC Creator\4.2\Downloads ( 4.2).cylib\BLE_v3_54\Library\gccCyBLEStack_BLE_SOC_PERIPHERAL.a(CyBle.o)

i.__ARM_common_switch8
                0x00002984       0x1a
 i.__ARM_common_switch8
                0x00002984       0x1a ..\..\..\..\..\PSoC Creator\4.2\Downloads ( 4.2).cylib\BLE_v3_54\Library\gccCyBLEStack_BLE_SOC_PERIPHERAL.a(CyBle.o)
                0x00002984                __ARM_common_switch8

i.CyBleStackMgr_Init
                0x000029a0      0x10c
 i.CyBleStackMgr_Init
                0x000029a0      0x10c ..\..\..\..\..\PSoC Creator\4.2\Downloads ( 4.2).cylib\BLE_v3_54\Library\gccCyBLEStack_BLE_SOC_PERIPHERAL.a(CyBleStackMgrIP_Interface.o)
                0x000029a0                CyBleStackMgr_Init

i.CyBleStackMgr_ProcessBleEvents
                0x00002aac       0x14
 i.CyBleStackMgr_ProcessBleEvents
                0x00002aac       0x14 ..\..\..\..\..\PSoC Creator\4.2\Downloads ( 4.2).cylib\BLE_v3_54\Library\gccCyBLEStack_BLE_SOC_PERIPHERAL.a(CyBleStackMgrIP_Interface.o)
                0x00002aac                CyBleStackMgr_ProcessBleEvents

i.CyBle_GetHeapMemory
                0x00002ac0       0x28
 i.CyBle_GetHeapMemory
                0x00002ac0       0x28 ..\..\..\..\..\PSoC Creator\4.2\Downloads ( 4.2).cylib\BLE_v3_54\Library\gccCyBLEStack_BLE_SOC_PERIPHERAL.a(CyBleStackMgrIP_Interface.o)
                0x00002ac0                CyBle_GetHeapMemory

i.CyBle_GetNumAppBufferPools
                0x00002ae8        0xc
 i.CyBle_GetNumAppBufferPools
                0x00002ae8        0xc ..\..\..\..\..\PSoC Creator\4.2\Downloads ( 4.2).cylib\BLE_v3_54\Library\gccCyBLEStack_BLE_SOC_PERIPHERAL.a(CyBleStackMgrIP_Interface.o)
                0x00002ae8                CyBle_GetNumAppBufferPools

i.CyBle_HostStackBufferPoolInit
                0x00002af4       0xec
 i.CyBle_HostStackBufferPoolInit
                0x00002af4       0xec ..\..\..\..\..\PSoC Creator\4.2\Downloads ( 4.2).cylib\BLE_v3_54\Library\gccCyBLEStack_BLE_SOC_PERIPHERAL.a(CyBleStackMgrIP_Interface.o)

i.ble_stack_idle_task_callback
                0x00002be0        0x2
 i.ble_stack_idle_task_callback
                0x00002be0        0x2 ..\..\..\..\..\PSoC Creator\4.2\Downloads ( 4.2).cylib\BLE_v3_54\Library\gccCyBLEStack_BLE_SOC_PERIPHERAL.a(CyBleStackMgrIP_Interface.o)
                0x00002be0                ble_stack_idle_task_callback

i.BT_OSFreeBuf  0x00002be4       0x20
 i.BT_OSFreeBuf
                0x00002be4       0x20 ..\..\..\..\..\PSoC Creator\4.2\Downloads ( 4.2).cylib\BLE_v3_54\Library\gccCyBLEStack_BLE_SOC_PERIPHERAL.a(BT_os.o)
                0x00002be4                BT_OSFreeBuf

i.BT_OSGetBuF   0x00002c04       0x34
 i.BT_OSGetBuF  0x00002c04       0x34 ..\..\..\..\..\PSoC Creator\4.2\Downloads ( 4.2).cylib\BLE_v3_54\Library\gccCyBLEStack_BLE_SOC_PERIPHERAL.a(BT_os.o)
                0x00002c04                BT_OSGetBuF

i.BT_OSMemCreate
                0x00002c38       0x3c
 i.BT_OSMemCreate
                0x00002c38       0x3c ..\..\..\..\..\PSoC Creator\4.2\Downloads ( 4.2).cylib\BLE_v3_54\Library\gccCyBLEStack_BLE_SOC_PERIPHERAL.a(BT_os.o)
                0x00002c38                BT_OSMemCreate

i.BT_alloc_mem_ext
                0x00002c74       0x3c
 i.BT_alloc_mem_ext
                0x00002c74       0x3c ..\..\..\..\..\PSoC Creator\4.2\Downloads ( 4.2).cylib\BLE_v3_54\Library\gccCyBLEStack_BLE_SOC_PERIPHERAL.a(BT_os.o)
                0x00002c74                BT_alloc_mem_ext

i.BT_free_mem   0x00002cb0        0xc
 i.BT_free_mem  0x00002cb0        0xc ..\..\..\..\..\PSoC Creator\4.2\Downloads ( 4.2).cylib\BLE_v3_54\Library\gccCyBLEStack_BLE_SOC_PERIPHERAL.a(BT_os.o)
                0x00002cb0                BT_free_mem

i.bt_stack_create_buffer_pool
                0x00002cbc       0x30
 i.bt_stack_create_buffer_pool
                0x00002cbc       0x30 ..\..\..\..\..\PSoC Creator\4.2\Downloads ( 4.2).cylib\BLE_v3_54\Library\gccCyBLEStack_BLE_SOC_PERIPHERAL.a(BT_os.o)
                0x00002cbc                bt_stack_create_buffer_pool

i.BT_start_timer
                0x00002cec       0xa8
 i.BT_start_timer
                0x00002cec       0xa8 ..\..\..\..\..\PSoC Creator\4.2\Downloads ( 4.2).cylib\BLE_v3_54\Library\gccCyBLEStack_BLE_SOC_PERIPHERAL.a(BT_timer.o)
                0x00002cec                BT_start_timer

i.BT_stop_timer
                0x00002d94       0x64
 i.BT_stop_timer
                0x00002d94       0x64 ..\..\..\..\..\PSoC Creator\4.2\Downloads ( 4.2).cylib\BLE_v3_54\Library\gccCyBLEStack_BLE_SOC_PERIPHERAL.a(BT_timer.o)
                0x00002d94                BT_stop_timer

i.BT_timer_process_signals
                0x00002df8       0xa4
 i.BT_timer_process_signals
                0x00002df8       0xa4 ..\..\..\..\..\PSoC Creator\4.2\Downloads ( 4.2).cylib\BLE_v3_54\Library\gccCyBLEStack_BLE_SOC_PERIPHERAL.a(BT_timer.o)
                0x00002df8                BT_timer_process_signals

i.pf_timer_handle_callback
                0x00002e9c       0x20
 i.pf_timer_handle_callback
                0x00002e9c       0x20 ..\..\..\..\..\PSoC Creator\4.2\Downloads ( 4.2).cylib\BLE_v3_54\Library\gccCyBLEStack_BLE_SOC_PERIPHERAL.a(BT_timer.o)
                0x00002e9c                pf_timer_handle_callback

i.timer_active_entity
                0x00002ebc       0x24
 i.timer_active_entity
                0x00002ebc       0x24 ..\..\..\..\..\PSoC Creator\4.2\Downloads ( 4.2).cylib\BLE_v3_54\Library\gccCyBLEStack_BLE_SOC_PERIPHERAL.a(BT_timer.o)
                0x00002ebc                timer_active_entity

i.timer_alloc_entity
                0x00002ee0       0x1c
 i.timer_alloc_entity
                0x00002ee0       0x1c ..\..\..\..\..\PSoC Creator\4.2\Downloads ( 4.2).cylib\BLE_v3_54\Library\gccCyBLEStack_BLE_SOC_PERIPHERAL.a(BT_timer.o)
                0x00002ee0                timer_alloc_entity

i.timer_allocated_entity
                0x00002efc       0x34
 i.timer_allocated_entity
                0x00002efc       0x34 ..\..\..\..\..\PSoC Creator\4.2\Downloads ( 4.2).cylib\BLE_v3_54\Library\gccCyBLEStack_BLE_SOC_PERIPHERAL.a(BT_timer.o)
                0x00002efc                timer_allocated_entity

i.timer_bt_init
                0x00002f30        0x2
 i.timer_bt_init
                0x00002f30        0x2 ..\..\..\..\..\PSoC Creator\4.2\Downloads ( 4.2).cylib\BLE_v3_54\Library\gccCyBLEStack_BLE_SOC_PERIPHERAL.a(BT_timer.o)
                0x00002f30                timer_bt_init

i.timer_init    0x00002f34       0x28
 i.timer_init   0x00002f34       0x28 ..\..\..\..\..\PSoC Creator\4.2\Downloads ( 4.2).cylib\BLE_v3_54\Library\gccCyBLEStack_BLE_SOC_PERIPHERAL.a(BT_timer.o)
                0x00002f34                timer_init

i.timer_update_offsets
                0x00002f5c       0x2c
 i.timer_update_offsets
                0x00002f5c       0x2c ..\..\..\..\..\PSoC Creator\4.2\Downloads ( 4.2).cylib\BLE_v3_54\Library\gccCyBLEStack_BLE_SOC_PERIPHERAL.a(BT_timer.o)

i.CyBle_CheckBleStackTaskStatus
                0x00002f88        0x4
 i.CyBle_CheckBleStackTaskStatus
                0x00002f88        0x4 ..\..\..\..\..\PSoC Creator\4.2\Downloads ( 4.2).cylib\BLE_v3_54\Library\gccCyBLEStack_BLE_SOC_PERIPHERAL.a(CyBleStackMgr_StackTaskHandler.o)
                0x00002f88                CyBle_CheckBleStackTaskStatus

i.CyBle_CreateBleStackTask
                0x00002f8c       0x2c
 i.CyBle_CreateBleStackTask
                0x00002f8c       0x2c ..\..\..\..\..\PSoC Creator\4.2\Downloads ( 4.2).cylib\BLE_v3_54\Library\gccCyBLEStack_BLE_SOC_PERIPHERAL.a(CyBleStackMgr_StackTaskHandler.o)
                0x00002f8c                CyBle_CreateBleStackTask

i.CyBle_SignalBleStackTask
                0x00002fb8       0x50
 i.CyBle_SignalBleStackTask
                0x00002fb8       0x50 ..\..\..\..\..\PSoC Creator\4.2\Downloads ( 4.2).cylib\BLE_v3_54\Library\gccCyBLEStack_BLE_SOC_PERIPHERAL.a(CyBleStackMgr_StackTaskHandler.o)
                0x00002fb8                CyBle_SignalBleStackTask

i.CyBle_StackTaskHandler
                0x00003008       0x64
 i.CyBle_StackTaskHandler
                0x00003008       0x64 ..\..\..\..\..\PSoC Creator\4.2\Downloads ( 4.2).cylib\BLE_v3_54\Library\gccCyBLEStack_BLE_SOC_PERIPHERAL.a(CyBleStackMgr_StackTaskHandler.o)
                0x00003008                CyBle_StackTaskHandler

i.hci_soft_transport_notify_data_received
                0x0000306c        0xc
 i.hci_soft_transport_notify_data_received
                0x0000306c        0xc ..\..\..\..\..\PSoC Creator\4.2\Downloads ( 4.2).cylib\BLE_v3_54\Library\gccCyBLEStack_BLE_SOC_PERIPHERAL.a(transport_sf.o)
                0x0000306c                hci_soft_transport_notify_data_received

i.hci_soft_transport_rx_data
                0x00003078       0x40
 i.hci_soft_transport_rx_data
                0x00003078       0x40 ..\..\..\..\..\PSoC Creator\4.2\Downloads ( 4.2).cylib\BLE_v3_54\Library\gccCyBLEStack_BLE_SOC_PERIPHERAL.a(transport_sf.o)
                0x00003078                hci_soft_transport_rx_data

i.hci_transport_bt_init
                0x000030b8        0x2
 i.hci_transport_bt_init
                0x000030b8        0x2 ..\..\..\..\..\PSoC Creator\4.2\Downloads ( 4.2).cylib\BLE_v3_54\Library\gccCyBLEStack_BLE_SOC_PERIPHERAL.a(transport_sf.o)
                0x000030b8                hci_transport_bt_init

i.hci_transport_init
                0x000030bc       0x10
 i.hci_transport_init
                0x000030bc       0x10 ..\..\..\..\..\PSoC Creator\4.2\Downloads ( 4.2).cylib\BLE_v3_54\Library\gccCyBLEStack_BLE_SOC_PERIPHERAL.a(transport_sf.o)
                0x000030bc                hci_transport_init

i.hci_transport_write_data
                0x000030cc       0xd4
 i.hci_transport_write_data
                0x000030cc       0xd4 ..\..\..\..\..\PSoC Creator\4.2\Downloads ( 4.2).cylib\BLE_v3_54\Library\gccCyBLEStack_BLE_SOC_PERIPHERAL.a(transport_sf.o)
                0x000030cc                hci_transport_write_data

i.pf_hci_soft_transport_write
                0x000031a0       0x44
 i.pf_hci_soft_transport_write
                0x000031a0       0x44 ..\..\..\..\..\PSoC Creator\4.2\Downloads ( 4.2).cylib\BLE_v3_54\Library\gccCyBLEStack_BLE_SOC_PERIPHERAL.a(transport_sf.o)
                0x000031a0                pf_hci_soft_transport_write

i.pf_soft_hci_transport_init
                0x000031e4        0xc
 i.pf_soft_hci_transport_init
                0x000031e4        0xc ..\..\..\..\..\PSoC Creator\4.2\Downloads ( 4.2).cylib\BLE_v3_54\Library\gccCyBLEStack_BLE_SOC_PERIPHERAL.a(transport_sf.o)
                0x000031e4                pf_soft_hci_transport_init

i.CyBleStackMgr_GetTime
                0x000031f0       0x14
 i.CyBleStackMgr_GetTime
                0x000031f0       0x14 ..\..\..\..\..\PSoC Creator\4.2\Downloads ( 4.2).cylib\BLE_v3_54\Library\gccCyBLEStack_BLE_SOC_PERIPHERAL.a(CyBleStackMgr_PSoCHal.o)
                0x000031f0                CyBleStackMgr_GetTime

i.CyBleStackMgr_HalInit
                0x00003204       0x24
 i.CyBleStackMgr_HalInit
                0x00003204       0x24 ..\..\..\..\..\PSoC Creator\4.2\Downloads ( 4.2).cylib\BLE_v3_54\Library\gccCyBLEStack_BLE_SOC_PERIPHERAL.a(CyBleStackMgr_PSoCHal.o)
                0x00003204                CyBleStackMgr_HalInit

i.CyBleStackMgr_HalIntrEnable
                0x00003228        0x8
 i.CyBleStackMgr_HalIntrEnable
                0x00003228        0x8 ..\..\..\..\..\PSoC Creator\4.2\Downloads ( 4.2).cylib\BLE_v3_54\Library\gccCyBLEStack_BLE_SOC_PERIPHERAL.a(CyBleStackMgr_PSoCHal.o)
                0x00003228                CyBleStackMgr_HalIntrEnable

i.CyBleStackMgr_HandleLinkLayerTick
                0x00003230       0x5c
 i.CyBleStackMgr_HandleLinkLayerTick
                0x00003230       0x5c ..\..\..\..\..\PSoC Creator\4.2\Downloads ( 4.2).cylib\BLE_v3_54\Library\gccCyBLEStack_BLE_SOC_PERIPHERAL.a(CyBleStackMgr_PSoCHal.o)
                0x00003230                CyBleStackMgr_HandleLinkLayerTick

i.CyBleStackMgr_HciPortInit
                0x0000328c        0xc
 i.CyBleStackMgr_HciPortInit
                0x0000328c        0xc ..\..\..\..\..\PSoC Creator\4.2\Downloads ( 4.2).cylib\BLE_v3_54\Library\gccCyBLEStack_BLE_SOC_PERIPHERAL.a(CyBleStackMgr_PSoCHal.o)
                0x0000328c                CyBleStackMgr_HciPortInit

i.CyBleStackMgr_HciPortReset
                0x00003298        0x2
 i.CyBleStackMgr_HciPortReset
                0x00003298        0x2 ..\..\..\..\..\PSoC Creator\4.2\Downloads ( 4.2).cylib\BLE_v3_54\Library\gccCyBLEStack_BLE_SOC_PERIPHERAL.a(CyBleStackMgr_PSoCHal.o)
                0x00003298                CyBleStackMgr_HciPortReset

i.CyBleStackMgr_HciPortWrite
                0x0000329a        0x8
 i.CyBleStackMgr_HciPortWrite
                0x0000329a        0x8 ..\..\..\..\..\PSoC Creator\4.2\Downloads ( 4.2).cylib\BLE_v3_54\Library\gccCyBLEStack_BLE_SOC_PERIPHERAL.a(CyBleStackMgr_PSoCHal.o)
                0x0000329a                CyBleStackMgr_HciPortWrite

i.CyBleStackMgr_ResetLinkLayerTimerEntity
                0x000032a4       0x14
 i.CyBleStackMgr_ResetLinkLayerTimerEntity
                0x000032a4       0x14 ..\..\..\..\..\PSoC Creator\4.2\Downloads ( 4.2).cylib\BLE_v3_54\Library\gccCyBLEStack_BLE_SOC_PERIPHERAL.a(CyBleStackMgr_PSoCHal.o)
                0x000032a4                CyBleStackMgr_ResetLinkLayerTimerEntity

i.CyBleStackMgr_TimerStart
                0x000032b8       0x2c
 i.CyBleStackMgr_TimerStart
                0x000032b8       0x2c ..\..\..\..\..\PSoC Creator\4.2\Downloads ( 4.2).cylib\BLE_v3_54\Library\gccCyBLEStack_BLE_SOC_PERIPHERAL.a(CyBleStackMgr_PSoCHal.o)
                0x000032b8                CyBleStackMgr_TimerStart

i.CyBleStackMgr_TimerStop
                0x000032e4       0x18
 i.CyBleStackMgr_TimerStop
                0x000032e4       0x18 ..\..\..\..\..\PSoC Creator\4.2\Downloads ( 4.2).cylib\BLE_v3_54\Library\gccCyBLEStack_BLE_SOC_PERIPHERAL.a(CyBleStackMgr_PSoCHal.o)
                0x000032e4                CyBleStackMgr_TimerStop

i.CyBleStackMgr_isTimerRunning
                0x000032fc       0x10
 i.CyBleStackMgr_isTimerRunning
                0x000032fc       0x10 ..\..\..\..\..\PSoC Creator\4.2\Downloads ( 4.2).cylib\BLE_v3_54\Library\gccCyBLEStack_BLE_SOC_PERIPHERAL.a(CyBleStackMgr_PSoCHal.o)
                0x000032fc                CyBleStackMgr_isTimerRunning

i.CyBleAtlantisRadioInit
                0x0000330c      0x168
 i.CyBleAtlantisRadioInit
                0x0000330c      0x168 ..\..\..\..\..\PSoC Creator\4.2\Downloads ( 4.2).cylib\BLE_v3_54\Library\gccCyBLEStack_BLE_SOC_PERIPHERAL.a(CyBleStackMgr_BleSSDriver.o)

i.CyBleStackMgr_BleSSFifoRead
                0x00003474       0x38
 i.CyBleStackMgr_BleSSFifoRead
                0x00003474       0x38 ..\..\..\..\..\PSoC Creator\4.2\Downloads ( 4.2).cylib\BLE_v3_54\Library\gccCyBLEStack_BLE_SOC_PERIPHERAL.a(CyBleStackMgr_BleSSDriver.o)
                0x00003474                CyBleStackMgr_BleSSFifoRead

i.CyBleStackMgr_BleSSFifoWrite
                0x000034ac       0x30
 i.CyBleStackMgr_BleSSFifoWrite
                0x000034ac       0x30 ..\..\..\..\..\PSoC Creator\4.2\Downloads ( 4.2).cylib\BLE_v3_54\Library\gccCyBLEStack_BLE_SOC_PERIPHERAL.a(CyBleStackMgr_BleSSDriver.o)
                0x000034ac                CyBleStackMgr_BleSSFifoWrite

i.CyBleStackMgr_BleSSInit
                0x000034dc       0x50
 i.CyBleStackMgr_BleSSInit
                0x000034dc       0x50 ..\..\..\..\..\PSoC Creator\4.2\Downloads ( 4.2).cylib\BLE_v3_54\Library\gccCyBLEStack_BLE_SOC_PERIPHERAL.a(CyBleStackMgr_BleSSDriver.o)
                0x000034dc                CyBleStackMgr_BleSSInit

i.CyBleStackMgr_BleSSMemRead
                0x0000352c       0x32
 i.CyBleStackMgr_BleSSMemRead
                0x0000352c       0x32 ..\..\..\..\..\PSoC Creator\4.2\Downloads ( 4.2).cylib\BLE_v3_54\Library\gccCyBLEStack_BLE_SOC_PERIPHERAL.a(CyBleStackMgr_BleSSDriver.o)
                0x0000352c                CyBleStackMgr_BleSSMemRead

i.CyBleStackMgr_BleSSMemWrite
                0x00003560       0x34
 i.CyBleStackMgr_BleSSMemWrite
                0x00003560       0x34 ..\..\..\..\..\PSoC Creator\4.2\Downloads ( 4.2).cylib\BLE_v3_54\Library\gccCyBLEStack_BLE_SOC_PERIPHERAL.a(CyBleStackMgr_BleSSDriver.o)
                0x00003560                CyBleStackMgr_BleSSMemWrite

i.CyBleStackMgr_BleSSMemWriteFields
                0x00003594       0x78
 i.CyBleStackMgr_BleSSMemWriteFields
                0x00003594       0x78 ..\..\..\..\..\PSoC Creator\4.2\Downloads ( 4.2).cylib\BLE_v3_54\Library\gccCyBLEStack_BLE_SOC_PERIPHERAL.a(CyBleStackMgr_BleSSDriver.o)
                0x00003594                CyBleStackMgr_BleSSMemWriteFields

i.CyBleStackMgr_BleSSRegRead
                0x0000360c        0xc
 i.CyBleStackMgr_BleSSRegRead
                0x0000360c        0xc ..\..\..\..\..\PSoC Creator\4.2\Downloads ( 4.2).cylib\BLE_v3_54\Library\gccCyBLEStack_BLE_SOC_PERIPHERAL.a(CyBleStackMgr_BleSSDriver.o)
                0x0000360c                CyBleStackMgr_BleSSRegRead

i.CyBleStackMgr_BleSSReset
                0x00003618       0x38
 i.CyBleStackMgr_BleSSReset
                0x00003618       0x38 ..\..\..\..\..\PSoC Creator\4.2\Downloads ( 4.2).cylib\BLE_v3_54\Library\gccCyBLEStack_BLE_SOC_PERIPHERAL.a(CyBleStackMgr_BleSSDriver.o)
                0x00003618                CyBleStackMgr_BleSSReset

i.CyBleStackMgr_BleSSShutdown
                0x00003650       0x3c
 i.CyBleStackMgr_BleSSShutdown
                0x00003650       0x3c ..\..\..\..\..\PSoC Creator\4.2\Downloads ( 4.2).cylib\BLE_v3_54\Library\gccCyBLEStack_BLE_SOC_PERIPHERAL.a(CyBleStackMgr_BleSSDriver.o)
                0x00003650                CyBleStackMgr_BleSSShutdown

i.CyBleStackMgr_GenericIface
                0x0000368c       0x3c
 i.CyBleStackMgr_GenericIface
                0x0000368c       0x3c ..\..\..\..\..\PSoC Creator\4.2\Downloads ( 4.2).cylib\BLE_v3_54\Library\gccCyBLEStack_BLE_SOC_PERIPHERAL.a(CyBleStackMgr_BleSSDriver.o)
                0x0000368c                CyBleStackMgr_GenericIface

i.CyBleStackMgr_HandleBleSSIntr
                0x000036c8       0xa0
 i.CyBleStackMgr_HandleBleSSIntr
                0x000036c8       0xa0 ..\..\..\..\..\PSoC Creator\4.2\Downloads ( 4.2).cylib\BLE_v3_54\Library\gccCyBLEStack_BLE_SOC_PERIPHERAL.a(CyBleStackMgr_BleSSDriver.o)
                0x000036c8                CyBleStackMgr_HandleBleSSIntr

i.CyBleStackMgr_SetClockParam
                0x00003768       0xb4
 i.CyBleStackMgr_SetClockParam
                0x00003768       0xb4 ..\..\..\..\..\PSoC Creator\4.2\Downloads ( 4.2).cylib\BLE_v3_54\Library\gccCyBLEStack_BLE_SOC_PERIPHERAL.a(CyBleStackMgr_BleSSDriver.o)

i.CyBleStackMgr_isXtalCpuClkSource
                0x0000381c       0x18
 i.CyBleStackMgr_isXtalCpuClkSource
                0x0000381c       0x18 ..\..\..\..\..\PSoC Creator\4.2\Downloads ( 4.2).cylib\BLE_v3_54\Library\gccCyBLEStack_BLE_SOC_PERIPHERAL.a(CyBleStackMgr_BleSSDriver.o)
                0x0000381c                CyBleStackMgr_isXtalCpuClkSource

i.CyBle_EnterDsmMode
                0x00003834       0x3c
 i.CyBle_EnterDsmMode
                0x00003834       0x3c ..\..\..\..\..\PSoC Creator\4.2\Downloads ( 4.2).cylib\BLE_v3_54\Library\gccCyBLEStack_BLE_SOC_PERIPHERAL.a(CyBleStackMgr_BleSSDriver.o)
                0x00003834                CyBle_EnterDsmMode

i.CyBle_ExitDsmMode
                0x00003870       0x2c
 i.CyBle_ExitDsmMode
                0x00003870       0x2c ..\..\..\..\..\PSoC Creator\4.2\Downloads ( 4.2).cylib\BLE_v3_54\Library\gccCyBLEStack_BLE_SOC_PERIPHERAL.a(CyBleStackMgr_BleSSDriver.o)
                0x00003870                CyBle_ExitDsmMode

i.CyBle_GetBleSsOperationalMode
                0x0000389c        0xc
 i.CyBle_GetBleSsOperationalMode
                0x0000389c        0xc ..\..\..\..\..\PSoC Creator\4.2\Downloads ( 4.2).cylib\BLE_v3_54\Library\gccCyBLEStack_BLE_SOC_PERIPHERAL.a(CyBleStackMgr_BleSSDriver.o)
                0x0000389c                CyBle_GetBleSsOperationalMode

i.CyBle_GetLpMode
                0x000038a8       0x26
 i.CyBle_GetLpMode
                0x000038a8       0x26 ..\..\..\..\..\PSoC Creator\4.2\Downloads ( 4.2).cylib\BLE_v3_54\Library\gccCyBLEStack_BLE_SOC_PERIPHERAL.a(CyBleStackMgr_BleSSDriver.o)
                0x000038a8                CyBle_GetLpMode

i.CyBle_GetTxGainMode
                0x000038d0       0x2c
 i.CyBle_GetTxGainMode
                0x000038d0       0x2c ..\..\..\..\..\PSoC Creator\4.2\Downloads ( 4.2).cylib\BLE_v3_54\Library\gccCyBLEStack_BLE_SOC_PERIPHERAL.a(CyBleStackMgr_BleSSDriver.o)
                0x000038d0                CyBle_GetTxGainMode

i.CyBle_SetAutoWakeUp
                0x000038fc        0xc
 i.CyBle_SetAutoWakeUp
                0x000038fc        0xc ..\..\..\..\..\PSoC Creator\4.2\Downloads ( 4.2).cylib\BLE_v3_54\Library\gccCyBLEStack_BLE_SOC_PERIPHERAL.a(CyBleStackMgr_BleSSDriver.o)
                0x000038fc                CyBle_SetAutoWakeUp

i.CyBle_SetBleSsOperationalMode
                0x00003908       0x20
 i.CyBle_SetBleSsOperationalMode
                0x00003908       0x20 ..\..\..\..\..\PSoC Creator\4.2\Downloads ( 4.2).cylib\BLE_v3_54\Library\gccCyBLEStack_BLE_SOC_PERIPHERAL.a(CyBleStackMgr_BleSSDriver.o)
                0x00003908                CyBle_SetBleSsOperationalMode

i.CyBle_SetEventCloseState
                0x00003928        0xc
 i.CyBle_SetEventCloseState
                0x00003928        0xc ..\..\..\..\..\PSoC Creator\4.2\Downloads ( 4.2).cylib\BLE_v3_54\Library\gccCyBLEStack_BLE_SOC_PERIPHERAL.a(CyBleStackMgr_BleSSDriver.o)
                0x00003928                CyBle_SetEventCloseState

i.CyBle_SetRxGainMode
                0x00003934       0x20
 i.CyBle_SetRxGainMode
                0x00003934       0x20 ..\..\..\..\..\PSoC Creator\4.2\Downloads ( 4.2).cylib\BLE_v3_54\Library\gccCyBLEStack_BLE_SOC_PERIPHERAL.a(CyBleStackMgr_BleSSDriver.o)
                0x00003934                CyBle_SetRxGainMode

i.CyBle_SetTxGainMode
                0x00003954       0x38
 i.CyBle_SetTxGainMode
                0x00003954       0x38 ..\..\..\..\..\PSoC Creator\4.2\Downloads ( 4.2).cylib\BLE_v3_54\Library\gccCyBLEStack_BLE_SOC_PERIPHERAL.a(CyBleStackMgr_BleSSDriver.o)
                0x00003954                CyBle_SetTxGainMode

i.pf_rf_get_abs_rssi
                0x0000398c       0x50
 i.pf_rf_get_abs_rssi
                0x0000398c       0x50 ..\..\..\..\..\PSoC Creator\4.2\Downloads ( 4.2).cylib\BLE_v3_54\Library\gccCyBLEStack_BLE_SOC_PERIPHERAL.a(CyBleStackMgr_BleSSDriver.o)
                0x0000398c                pf_rf_get_abs_rssi

i.BleStackFlashStorageInit
                0x000039dc       0x84
 i.BleStackFlashStorageInit
                0x000039dc       0x84 ..\..\..\..\..\PSoC Creator\4.2\Downloads ( 4.2).cylib\BLE_v3_54\Library\gccCyBLEStack_BLE_SOC_PERIPHERAL.a(storage_pl.o)
                0x000039dc                BleStackFlashStorageInit

i.BleStackIsFlashCorrupted
                0x00003a60       0x3c
 i.BleStackIsFlashCorrupted
                0x00003a60       0x3c ..\..\..\..\..\PSoC Creator\4.2\Downloads ( 4.2).cylib\BLE_v3_54\Library\gccCyBLEStack_BLE_SOC_PERIPHERAL.a(storage_pl.o)
                0x00003a60                BleStackIsFlashCorrupted

i.BleStackWriteToFlashPending
                0x00003a9c       0x24
 i.BleStackWriteToFlashPending
                0x00003a9c       0x24 ..\..\..\..\..\PSoC Creator\4.2\Downloads ( 4.2).cylib\BLE_v3_54\Library\gccCyBLEStack_BLE_SOC_PERIPHERAL.a(storage_pl.o)
                0x00003a9c                BleStackWriteToFlashPending

i.BleStackWriteToFlashRam
                0x00003ac0       0x7c
 i.BleStackWriteToFlashRam
                0x00003ac0       0x7c ..\..\..\..\..\PSoC Creator\4.2\Downloads ( 4.2).cylib\BLE_v3_54\Library\gccCyBLEStack_BLE_SOC_PERIPHERAL.a(storage_pl.o)
                0x00003ac0                BleStackWriteToFlashRam

i.calc_checksum
                0x00003b3c       0x1a
 i.calc_checksum
                0x00003b3c       0x1a ..\..\..\..\..\PSoC Creator\4.2\Downloads ( 4.2).cylib\BLE_v3_54\Library\gccCyBLEStack_BLE_SOC_PERIPHERAL.a(storage_pl.o)
                0x00003b3c                calc_checksum

i.storage_bt_init_pl
                0x00003b58       0x30
 i.storage_bt_init_pl
                0x00003b58       0x30 ..\..\..\..\..\PSoC Creator\4.2\Downloads ( 4.2).cylib\BLE_v3_54\Library\gccCyBLEStack_BLE_SOC_PERIPHERAL.a(storage_pl.o)
                0x00003b58                storage_bt_init_pl

i.storage_close_pl
                0x00003b88        0x4
 i.storage_close_pl
                0x00003b88        0x4 ..\..\..\..\..\PSoC Creator\4.2\Downloads ( 4.2).cylib\BLE_v3_54\Library\gccCyBLEStack_BLE_SOC_PERIPHERAL.a(storage_pl.o)
                0x00003b88                storage_close_pl

i.storage_open_pl
                0x00003b8c       0x1c
 i.storage_open_pl
                0x00003b8c       0x1c ..\..\..\..\..\PSoC Creator\4.2\Downloads ( 4.2).cylib\BLE_v3_54\Library\gccCyBLEStack_BLE_SOC_PERIPHERAL.a(storage_pl.o)
                0x00003b8c                storage_open_pl

i.storage_read_pl
                0x00003ba8       0x28
 i.storage_read_pl
                0x00003ba8       0x28 ..\..\..\..\..\PSoC Creator\4.2\Downloads ( 4.2).cylib\BLE_v3_54\Library\gccCyBLEStack_BLE_SOC_PERIPHERAL.a(storage_pl.o)
                0x00003ba8                storage_read_pl

i.storage_read_signature_pl
                0x00003bd0       0x2c
 i.storage_read_signature_pl
                0x00003bd0       0x2c ..\..\..\..\..\PSoC Creator\4.2\Downloads ( 4.2).cylib\BLE_v3_54\Library\gccCyBLEStack_BLE_SOC_PERIPHERAL.a(storage_pl.o)
                0x00003bd0                storage_read_signature_pl

i.storage_register_flash_pointer
                0x00003bfc       0x20
 i.storage_register_flash_pointer
                0x00003bfc       0x20 ..\..\..\..\..\PSoC Creator\4.2\Downloads ( 4.2).cylib\BLE_v3_54\Library\gccCyBLEStack_BLE_SOC_PERIPHERAL.a(storage_pl.o)
                0x00003bfc                storage_register_flash_pointer

i.storage_reset_storage_offset
                0x00003c1c       0x10
 i.storage_reset_storage_offset
                0x00003c1c       0x10 ..\..\..\..\..\PSoC Creator\4.2\Downloads ( 4.2).cylib\BLE_v3_54\Library\gccCyBLEStack_BLE_SOC_PERIPHERAL.a(storage_pl.o)

i.storage_write_pl
                0x00003c2c       0x24
 i.storage_write_pl
                0x00003c2c       0x24 ..\..\..\..\..\PSoC Creator\4.2\Downloads ( 4.2).cylib\BLE_v3_54\Library\gccCyBLEStack_BLE_SOC_PERIPHERAL.a(storage_pl.o)
                0x00003c2c                storage_write_pl

i.storage_write_signature_pl
                0x00003c50       0x14
 i.storage_write_signature_pl
                0x00003c50       0x14 ..\..\..\..\..\PSoC Creator\4.2\Downloads ( 4.2).cylib\BLE_v3_54\Library\gccCyBLEStack_BLE_SOC_PERIPHERAL.a(storage_pl.o)
                0x00003c50                storage_write_signature_pl

i.OS_init       0x00003c64       0x64
 i.OS_init      0x00003c64       0x64 ..\..\..\..\..\PSoC Creator\4.2\Downloads ( 4.2).cylib\BLE_v3_54\Library\gccCyBLEStack_BLE_SOC_PERIPHERAL.a(mint_os.o)
                0x00003c64                OS_init

i.mintos_malloc
                0x00003cc8       0x34
 i.mintos_malloc
                0x00003cc8       0x34 ..\..\..\..\..\PSoC Creator\4.2\Downloads ( 4.2).cylib\BLE_v3_54\Library\gccCyBLEStack_BLE_SOC_PERIPHERAL.a(mint_os.o)
                0x00003cc8                mintos_malloc

i.OS_create_queue
                0x00003cfc       0x64
 i.OS_create_queue
                0x00003cfc       0x64 ..\..\..\..\..\PSoC Creator\4.2\Downloads ( 4.2).cylib\BLE_v3_54\Library\gccCyBLEStack_BLE_SOC_PERIPHERAL.a(mint_os_queue.o)
                0x00003cfc                OS_create_queue

i.OS_enqueue_item
                0x00003d60       0x8c
 i.OS_enqueue_item
                0x00003d60       0x8c ..\..\..\..\..\PSoC Creator\4.2\Downloads ( 4.2).cylib\BLE_v3_54\Library\gccCyBLEStack_BLE_SOC_PERIPHERAL.a(mint_os_queue.o)
                0x00003d60                OS_enqueue_item

i.OS_queue_get_num_of_items
                0x00003dec       0x28
 i.OS_queue_get_num_of_items
                0x00003dec       0x28 ..\..\..\..\..\PSoC Creator\4.2\Downloads ( 4.2).cylib\BLE_v3_54\Library\gccCyBLEStack_BLE_SOC_PERIPHERAL.a(mint_os_queue.o)
                0x00003dec                OS_queue_get_num_of_items

i.OS_queue_mgmt_init
                0x00003e14       0x40
 i.OS_queue_mgmt_init
                0x00003e14       0x40 ..\..\..\..\..\PSoC Creator\4.2\Downloads ( 4.2).cylib\BLE_v3_54\Library\gccCyBLEStack_BLE_SOC_PERIPHERAL.a(mint_os_queue.o)
                0x00003e14                OS_queue_mgmt_init

i.OS_remove_item
                0x00003e54       0xa0
 i.OS_remove_item
                0x00003e54       0xa0 ..\..\..\..\..\PSoC Creator\4.2\Downloads ( 4.2).cylib\BLE_v3_54\Library\gccCyBLEStack_BLE_SOC_PERIPHERAL.a(mint_os_queue.o)
                0x00003e54                OS_remove_item

i.OS_create_task
                0x00003ef4       0x88
 i.OS_create_task
                0x00003ef4       0x88 ..\..\..\..\..\PSoC Creator\4.2\Downloads ( 4.2).cylib\BLE_v3_54\Library\gccCyBLEStack_BLE_SOC_PERIPHERAL.a(mint_os_task.o)
                0x00003ef4                OS_create_task

i.OS_isr_send_signal_to_task
                0x00003f7c        0xc
 i.OS_isr_send_signal_to_task
                0x00003f7c        0xc ..\..\..\..\..\PSoC Creator\4.2\Downloads ( 4.2).cylib\BLE_v3_54\Library\gccCyBLEStack_BLE_SOC_PERIPHERAL.a(mint_os_task.o)
                0x00003f7c                OS_isr_send_signal_to_task

i.OS_scheduler  0x00003f88       0x64
 i.OS_scheduler
                0x00003f88       0x64 ..\..\..\..\..\PSoC Creator\4.2\Downloads ( 4.2).cylib\BLE_v3_54\Library\gccCyBLEStack_BLE_SOC_PERIPHERAL.a(mint_os_task.o)
                0x00003f88                OS_scheduler

i.OS_send_signal_to_task
                0x00003fec        0xc
 i.OS_send_signal_to_task
                0x00003fec        0xc ..\..\..\..\..\PSoC Creator\4.2\Downloads ( 4.2).cylib\BLE_v3_54\Library\gccCyBLEStack_BLE_SOC_PERIPHERAL.a(mint_os_task.o)
                0x00003fec                OS_send_signal_to_task

i.OS_send_signal_to_task_context
                0x00003ff8       0x3c
 i.OS_send_signal_to_task_context
                0x00003ff8       0x3c ..\..\..\..\..\PSoC Creator\4.2\Downloads ( 4.2).cylib\BLE_v3_54\Library\gccCyBLEStack_BLE_SOC_PERIPHERAL.a(mint_os_task.o)

i.OS_task_mgmt_init
                0x00004034       0x50
 i.OS_task_mgmt_init
                0x00004034       0x50 ..\..\..\..\..\PSoC Creator\4.2\Downloads ( 4.2).cylib\BLE_v3_54\Library\gccCyBLEStack_BLE_SOC_PERIPHERAL.a(mint_os_task.o)
                0x00004034                OS_task_mgmt_init

i.mint_buf_mgmt_allocate_buffer
                0x00004084       0x4c
 i.mint_buf_mgmt_allocate_buffer
                0x00004084       0x4c ..\..\..\..\..\PSoC Creator\4.2\Downloads ( 4.2).cylib\BLE_v3_54\Library\gccCyBLEStack_BLE_SOC_PERIPHERAL.a(mint_buf_mgmt.o)
                0x00004084                mint_buf_mgmt_allocate_buffer

i.mint_buf_mgmt_create_pool
                0x000040d0       0xd0
 i.mint_buf_mgmt_create_pool
                0x000040d0       0xd0 ..\..\..\..\..\PSoC Creator\4.2\Downloads ( 4.2).cylib\BLE_v3_54\Library\gccCyBLEStack_BLE_SOC_PERIPHERAL.a(mint_buf_mgmt.o)
                0x000040d0                mint_buf_mgmt_create_pool

i.mint_buf_mgmt_free_buffer
                0x000041a0       0xa4
 i.mint_buf_mgmt_free_buffer
                0x000041a0       0xa4 ..\..\..\..\..\PSoC Creator\4.2\Downloads ( 4.2).cylib\BLE_v3_54\Library\gccCyBLEStack_BLE_SOC_PERIPHERAL.a(mint_buf_mgmt.o)
                0x000041a0                mint_buf_mgmt_free_buffer

i.mint_buf_mgmt_init
                0x00004244       0x44
 i.mint_buf_mgmt_init
                0x00004244       0x44 ..\..\..\..\..\PSoC Creator\4.2\Downloads ( 4.2).cylib\BLE_v3_54\Library\gccCyBLEStack_BLE_SOC_PERIPHERAL.a(mint_buf_mgmt.o)
                0x00004244                mint_buf_mgmt_init

i.mint_buf_mgmt_malloc
                0x00004288       0x28
 i.mint_buf_mgmt_malloc
                0x00004288       0x28 ..\..\..\..\..\PSoC Creator\4.2\Downloads ( 4.2).cylib\BLE_v3_54\Library\gccCyBLEStack_BLE_SOC_PERIPHERAL.a(mint_buf_mgmt.o)
                0x00004288                mint_buf_mgmt_malloc

i.mint_buf_mgmt_pl_init
                0x000042b0       0x48
 i.mint_buf_mgmt_pl_init
                0x000042b0       0x48 ..\..\..\..\..\PSoC Creator\4.2\Downloads ( 4.2).cylib\BLE_v3_54\Library\gccCyBLEStack_BLE_SOC_PERIPHERAL.a(mint_buf_mgmt.o)
                0x000042b0                mint_buf_mgmt_pl_init

i.mint_buf_mgmt_reset_pool
                0x000042f8       0x70
 i.mint_buf_mgmt_reset_pool
                0x000042f8       0x70 ..\..\..\..\..\PSoC Creator\4.2\Downloads ( 4.2).cylib\BLE_v3_54\Library\gccCyBLEStack_BLE_SOC_PERIPHERAL.a(mint_buf_mgmt.o)
                0x000042f8                mint_buf_mgmt_reset_pool

i.mint_buf_mgmt_stack_init
                0x00004368       0x24
 i.mint_buf_mgmt_stack_init
                0x00004368       0x24 ..\..\..\..\..\PSoC Creator\4.2\Downloads ( 4.2).cylib\BLE_v3_54\Library\gccCyBLEStack_BLE_SOC_PERIPHERAL.a(mint_buf_mgmt.o)
                0x00004368                mint_buf_mgmt_stack_init

i.mint_buf_mgmt_stack_pop
                0x0000438c       0x36
 i.mint_buf_mgmt_stack_pop
                0x0000438c       0x36 ..\..\..\..\..\PSoC Creator\4.2\Downloads ( 4.2).cylib\BLE_v3_54\Library\gccCyBLEStack_BLE_SOC_PERIPHERAL.a(mint_buf_mgmt.o)
                0x0000438c                mint_buf_mgmt_stack_pop

i.mint_buf_mgmt_stack_push
                0x000043c2       0x36
 i.mint_buf_mgmt_stack_push
                0x000043c2       0x36 ..\..\..\..\..\PSoC Creator\4.2\Downloads ( 4.2).cylib\BLE_v3_54\Library\gccCyBLEStack_BLE_SOC_PERIPHERAL.a(mint_buf_mgmt.o)
                0x000043c2                mint_buf_mgmt_stack_push

i.mint_buf_mgmt_stack_reset
                0x000043f8       0x1e
 i.mint_buf_mgmt_stack_reset
                0x000043f8       0x1e ..\..\..\..\..\PSoC Creator\4.2\Downloads ( 4.2).cylib\BLE_v3_54\Library\gccCyBLEStack_BLE_SOC_PERIPHERAL.a(mint_buf_mgmt.o)
                0x000043f8                mint_buf_mgmt_stack_reset

i.mint_buf_mgmt_stack_search_item
                0x00004416       0x30
 i.mint_buf_mgmt_stack_search_item
                0x00004416       0x30 ..\..\..\..\..\PSoC Creator\4.2\Downloads ( 4.2).cylib\BLE_v3_54\Library\gccCyBLEStack_BLE_SOC_PERIPHERAL.a(mint_buf_mgmt.o)
                0x00004416                mint_buf_mgmt_stack_search_item

i.CyBleControllerIP_GetPingState
                0x00004448        0xc
 i.CyBleControllerIP_GetPingState
                0x00004448        0xc ..\..\..\..\..\PSoC Creator\4.2\Downloads ( 4.2).cylib\BLE_v3_54\Library\gccCyBLEStack_BLE_SOC_PERIPHERAL.a(CyBleControllerIP_Interface.o)
                0x00004448                CyBleControllerIP_GetPingState

i.CyBleController_AddDeviceToWhiteList
                0x00004454       0x48
 i.CyBleController_AddDeviceToWhiteList
                0x00004454       0x48 ..\..\..\..\..\PSoC Creator\4.2\Downloads ( 4.2).cylib\BLE_v3_54\Library\gccCyBLEStack_BLE_SOC_PERIPHERAL.a(CyBleControllerIP_Interface.o)
                0x00004454                CyBleController_AddDeviceToWhiteList

i.CyBleController_EnterLowPowerMode
                0x0000449c       0x2c
 i.CyBleController_EnterLowPowerMode
                0x0000449c       0x2c ..\..\..\..\..\PSoC Creator\4.2\Downloads ( 4.2).cylib\BLE_v3_54\Library\gccCyBLEStack_BLE_SOC_PERIPHERAL.a(CyBleControllerIP_Interface.o)
                0x0000449c                CyBleController_EnterLowPowerMode

i.CyBleController_ExitLowPowerMode
                0x000044c8       0x10
 i.CyBleController_ExitLowPowerMode
                0x000044c8       0x10 ..\..\..\..\..\PSoC Creator\4.2\Downloads ( 4.2).cylib\BLE_v3_54\Library\gccCyBLEStack_BLE_SOC_PERIPHERAL.a(CyBleControllerIP_Interface.o)
                0x000044c8                CyBleController_ExitLowPowerMode

i.CyBleController_GetDeviceAddress
                0x000044d8       0x22
 i.CyBleController_GetDeviceAddress
                0x000044d8       0x22 ..\..\..\..\..\PSoC Creator\4.2\Downloads ( 4.2).cylib\BLE_v3_54\Library\gccCyBLEStack_BLE_SOC_PERIPHERAL.a(CyBleControllerIP_Interface.o)
                0x000044d8                CyBleController_GetDeviceAddress

i.CyBleController_GetDleHeapMemory
                0x000044fa       0x10
 i.CyBleController_GetDleHeapMemory
                0x000044fa       0x10 ..\..\..\..\..\PSoC Creator\4.2\Downloads ( 4.2).cylib\BLE_v3_54\Library\gccCyBLEStack_BLE_SOC_PERIPHERAL.a(CyBleControllerIP_Interface.o)
                0x000044fa                CyBleController_GetDleHeapMemory

i.CyBleController_GetPrivacyHeapMemory
                0x0000450c       0x1c
 i.CyBleController_GetPrivacyHeapMemory
                0x0000450c       0x1c ..\..\..\..\..\PSoC Creator\4.2\Downloads ( 4.2).cylib\BLE_v3_54\Library\gccCyBLEStack_BLE_SOC_PERIPHERAL.a(CyBleControllerIP_Interface.o)
                0x0000450c                CyBleController_GetPrivacyHeapMemory

i.CyBleController_Init
                0x00004528       0x40
 i.CyBleController_Init
                0x00004528       0x40 ..\..\..\..\..\PSoC Creator\4.2\Downloads ( 4.2).cylib\BLE_v3_54\Library\gccCyBLEStack_BLE_SOC_PERIPHERAL.a(CyBleControllerIP_Interface.o)
                0x00004528                CyBleController_Init

i.CyBleController_LlReset
                0x00004568       0x10
 i.CyBleController_LlReset
                0x00004568       0x10 ..\..\..\..\..\PSoC Creator\4.2\Downloads ( 4.2).cylib\BLE_v3_54\Library\gccCyBLEStack_BLE_SOC_PERIPHERAL.a(CyBleControllerIP_Interface.o)
                0x00004568                CyBleController_LlReset

i.CyBleController_SetDeviceAddress
                0x00004578       0x2e
 i.CyBleController_SetDeviceAddress
                0x00004578       0x2e ..\..\..\..\..\PSoC Creator\4.2\Downloads ( 4.2).cylib\BLE_v3_54\Library\gccCyBLEStack_BLE_SOC_PERIPHERAL.a(CyBleControllerIP_Interface.o)
                0x00004578                CyBleController_SetDeviceAddress

i.CyBleController_SetDleParams
                0x000045a8       0x1c
 i.CyBleController_SetDleParams
                0x000045a8       0x1c ..\..\..\..\..\PSoC Creator\4.2\Downloads ( 4.2).cylib\BLE_v3_54\Library\gccCyBLEStack_BLE_SOC_PERIPHERAL.a(CyBleControllerIP_Interface.o)
                0x000045a8                CyBleController_SetDleParams

i.CyBleController_SetLePrivacyParams
                0x000045c4       0x18
 i.CyBleController_SetLePrivacyParams
                0x000045c4       0x18 ..\..\..\..\..\PSoC Creator\4.2\Downloads ( 4.2).cylib\BLE_v3_54\Library\gccCyBLEStack_BLE_SOC_PERIPHERAL.a(CyBleControllerIP_Interface.o)
                0x000045c4                CyBleController_SetLePrivacyParams

i.CyBle_GetFirmwareProgrammedDSM
                0x000045dc        0xc
 i.CyBle_GetFirmwareProgrammedDSM
                0x000045dc        0xc ..\..\..\..\..\PSoC Creator\4.2\Downloads ( 4.2).cylib\BLE_v3_54\Library\gccCyBLEStack_BLE_SOC_PERIPHERAL.a(CyBleControllerIP_Interface.o)
                0x000045dc                CyBle_GetFirmwareProgrammedDSM

i.CyBle_GetTxPowerLevel
                0x000045e8       0x54
 i.CyBle_GetTxPowerLevel
                0x000045e8       0x54 ..\..\..\..\..\PSoC Creator\4.2\Downloads ( 4.2).cylib\BLE_v3_54\Library\gccCyBLEStack_BLE_SOC_PERIPHERAL.a(CyBleControllerIP_Interface.o)
                0x000045e8                CyBle_GetTxPowerLevel

i.CyBle_SendBlessEvtoAPP
                0x0000463c        0xc
 i.CyBle_SendBlessEvtoAPP
                0x0000463c        0xc ..\..\..\..\..\PSoC Creator\4.2\Downloads ( 4.2).cylib\BLE_v3_54\Library\gccCyBLEStack_BLE_SOC_PERIPHERAL.a(CyBleControllerIP_Interface.o)
                0x0000463c                CyBle_SendBlessEvtoAPP

i.CyBle_SendEventToApp
                0x00004648       0x38
 i.CyBle_SendEventToApp
                0x00004648       0x38 ..\..\..\..\..\PSoC Creator\4.2\Downloads ( 4.2).cylib\BLE_v3_54\Library\gccCyBLEStack_BLE_SOC_PERIPHERAL.a(CyBleControllerIP_Interface.o)
                0x00004648                CyBle_SendEventToApp

i.CyBle_SetFirmwareProgrammedDSM
                0x00004680        0xc
 i.CyBle_SetFirmwareProgrammedDSM
                0x00004680        0xc ..\..\..\..\..\PSoC Creator\4.2\Downloads ( 4.2).cylib\BLE_v3_54\Library\gccCyBLEStack_BLE_SOC_PERIPHERAL.a(CyBleControllerIP_Interface.o)
                0x00004680                CyBle_SetFirmwareProgrammedDSM

i.CyBle_SetTxPowerLevel
                0x0000468c       0x88
 i.CyBle_SetTxPowerLevel
                0x0000468c       0x88 ..\..\..\..\..\PSoC Creator\4.2\Downloads ( 4.2).cylib\BLE_v3_54\Library\gccCyBLEStack_BLE_SOC_PERIPHERAL.a(CyBleControllerIP_Interface.o)
                0x0000468c                CyBle_SetTxPowerLevel

i.ll_check_and_mark_packet_ready_for_transmission
                0x00004714       0x44
 i.ll_check_and_mark_packet_ready_for_transmission
                0x00004714       0x44 ..\..\..\..\..\PSoC Creator\4.2\Downloads ( 4.2).cylib\BLE_v3_54\Library\gccCyBLEStack_BLE_SOC_PERIPHERAL.a(ll.o)
                0x00004714                ll_check_and_mark_packet_ready_for_transmission

i.ll_cleanup_pending_data_pdu
                0x00004758       0x44
 i.ll_cleanup_pending_data_pdu
                0x00004758       0x44 ..\..\..\..\..\PSoC Creator\4.2\Downloads ( 4.2).cylib\BLE_v3_54\Library\gccCyBLEStack_BLE_SOC_PERIPHERAL.a(ll.o)
                0x00004758                ll_cleanup_pending_data_pdu

i.ll_enter_dsm_mode
                0x0000479c      0x15c
 i.ll_enter_dsm_mode
                0x0000479c      0x15c ..\..\..\..\..\PSoC Creator\4.2\Downloads ( 4.2).cylib\BLE_v3_54\Library\gccCyBLEStack_BLE_SOC_PERIPHERAL.a(ll.o)
                0x0000479c                ll_enter_dsm_mode

i.ll_enter_hibernate_mode
                0x000048f8       0x28
 i.ll_enter_hibernate_mode
                0x000048f8       0x28 ..\..\..\..\..\PSoC Creator\4.2\Downloads ( 4.2).cylib\BLE_v3_54\Library\gccCyBLEStack_BLE_SOC_PERIPHERAL.a(ll.o)
                0x000048f8                ll_enter_hibernate_mode

i.ll_enter_sm_mode
                0x00004920       0x60
 i.ll_enter_sm_mode
                0x00004920       0x60 ..\..\..\..\..\PSoC Creator\4.2\Downloads ( 4.2).cylib\BLE_v3_54\Library\gccCyBLEStack_BLE_SOC_PERIPHERAL.a(ll.o)
                0x00004920                ll_enter_sm_mode

i.ll_exit_low_power_mode
                0x00004980       0x84
 i.ll_exit_low_power_mode
                0x00004980       0x84 ..\..\..\..\..\PSoC Creator\4.2\Downloads ( 4.2).cylib\BLE_v3_54\Library\gccCyBLEStack_BLE_SOC_PERIPHERAL.a(ll.o)
                0x00004980                ll_exit_low_power_mode

i.ll_get_ack_status
                0x00004a04       0x44
 i.ll_get_ack_status
                0x00004a04       0x44 ..\..\..\..\..\PSoC Creator\4.2\Downloads ( 4.2).cylib\BLE_v3_54\Library\gccCyBLEStack_BLE_SOC_PERIPHERAL.a(ll.o)
                0x00004a04                ll_get_ack_status

i.ll_get_ack_status_for_all_connections
                0x00004a48       0x34
 i.ll_get_ack_status_for_all_connections
                0x00004a48       0x34 ..\..\..\..\..\PSoC Creator\4.2\Downloads ( 4.2).cylib\BLE_v3_54\Library\gccCyBLEStack_BLE_SOC_PERIPHERAL.a(ll.o)
                0x00004a48                ll_get_ack_status_for_all_connections

i.ll_get_adv_ch_tx_power
                0x00004a7c       0x20
 i.ll_get_adv_ch_tx_power
                0x00004a7c       0x20 ..\..\..\..\..\PSoC Creator\4.2\Downloads ( 4.2).cylib\BLE_v3_54\Library\gccCyBLEStack_BLE_SOC_PERIPHERAL.a(ll.o)
                0x00004a7c                ll_get_adv_ch_tx_power

i.ll_get_data_channel_map
                0x00004a9c       0x28
 i.ll_get_data_channel_map
                0x00004a9c       0x28 ..\..\..\..\..\PSoC Creator\4.2\Downloads ( 4.2).cylib\BLE_v3_54\Library\gccCyBLEStack_BLE_SOC_PERIPHERAL.a(ll.o)
                0x00004a9c                ll_get_data_channel_map

i.ll_get_max_white_list_size
                0x00004ac4        0xc
 i.ll_get_max_white_list_size
                0x00004ac4        0xc ..\..\..\..\..\PSoC Creator\4.2\Downloads ( 4.2).cylib\BLE_v3_54\Library\gccCyBLEStack_BLE_SOC_PERIPHERAL.a(ll.o)
                0x00004ac4                ll_get_max_white_list_size

i.ll_get_my_role
                0x00004ad0        0xc
 i.ll_get_my_role
                0x00004ad0        0xc ..\..\..\..\..\PSoC Creator\4.2\Downloads ( 4.2).cylib\BLE_v3_54\Library\gccCyBLEStack_BLE_SOC_PERIPHERAL.a(ll.o)
                0x00004ad0                ll_get_my_role

i.ll_get_next_available_fifo_for_data_pdu
                0x00004adc        0x8
 i.ll_get_next_available_fifo_for_data_pdu
                0x00004adc        0x8 ..\..\..\..\..\PSoC Creator\4.2\Downloads ( 4.2).cylib\BLE_v3_54\Library\gccCyBLEStack_BLE_SOC_PERIPHERAL.a(ll.o)
                0x00004adc                ll_get_next_available_fifo_for_data_pdu

i.ll_get_next_available_fifo_for_ll_pdu
                0x00004ae4       0x2c
 i.ll_get_next_available_fifo_for_ll_pdu
                0x00004ae4       0x2c ..\..\..\..\..\PSoC Creator\4.2\Downloads ( 4.2).cylib\BLE_v3_54\Library\gccCyBLEStack_BLE_SOC_PERIPHERAL.a(ll.o)
                0x00004ae4                ll_get_next_available_fifo_for_ll_pdu

i.ll_get_rssi_value
                0x00004b10       0x26
 i.ll_get_rssi_value
                0x00004b10       0x26 ..\..\..\..\..\PSoC Creator\4.2\Downloads ( 4.2).cylib\BLE_v3_54\Library\gccCyBLEStack_BLE_SOC_PERIPHERAL.a(ll.o)
                0x00004b10                ll_get_rssi_value

i.ll_get_transmit_power_level
                0x00004b38       0x2c
 i.ll_get_transmit_power_level
                0x00004b38       0x2c ..\..\..\..\..\PSoC Creator\4.2\Downloads ( 4.2).cylib\BLE_v3_54\Library\gccCyBLEStack_BLE_SOC_PERIPHERAL.a(ll.o)
                0x00004b38                ll_get_transmit_power_level

i.ll_handle_ack_received
                0x00004b64       0x74
 i.ll_handle_ack_received
                0x00004b64       0x74 ..\..\..\..\..\PSoC Creator\4.2\Downloads ( 4.2).cylib\BLE_v3_54\Library\gccCyBLEStack_BLE_SOC_PERIPHERAL.a(ll.o)
                0x00004b64                ll_handle_ack_received

i.ll_handle_add_device_in_whitelist
                0x00004bd8       0x50
 i.ll_handle_add_device_in_whitelist
                0x00004bd8       0x50 ..\..\..\..\..\PSoC Creator\4.2\Downloads ( 4.2).cylib\BLE_v3_54\Library\gccCyBLEStack_BLE_SOC_PERIPHERAL.a(ll.o)
                0x00004bd8                ll_handle_add_device_in_whitelist

i.ll_handle_clear_whitelist
                0x00004c28       0x24
 i.ll_handle_clear_whitelist
                0x00004c28       0x24 ..\..\..\..\..\PSoC Creator\4.2\Downloads ( 4.2).cylib\BLE_v3_54\Library\gccCyBLEStack_BLE_SOC_PERIPHERAL.a(ll.o)
                0x00004c28                ll_handle_clear_whitelist

i.ll_handle_encrypt_host_data
                0x00004c4c       0x36
 i.ll_handle_encrypt_host_data
                0x00004c4c       0x36 ..\..\..\..\..\PSoC Creator\4.2\Downloads ( 4.2).cylib\BLE_v3_54\Library\gccCyBLEStack_BLE_SOC_PERIPHERAL.a(ll.o)
                0x00004c4c                ll_handle_encrypt_host_data

i.ll_handle_host_data_packet
                0x00004c84       0x9c
 i.ll_handle_host_data_packet
                0x00004c84       0x9c ..\..\..\..\..\PSoC Creator\4.2\Downloads ( 4.2).cylib\BLE_v3_54\Library\gccCyBLEStack_BLE_SOC_PERIPHERAL.a(ll.o)
                0x00004c84                ll_handle_host_data_packet

i.ll_handle_read_host_channel_map
                0x00004d20        0x4
 i.ll_handle_read_host_channel_map
                0x00004d20        0x4 ..\..\..\..\..\PSoC Creator\4.2\Downloads ( 4.2).cylib\BLE_v3_54\Library\gccCyBLEStack_BLE_SOC_PERIPHERAL.a(ll.o)
                0x00004d20                ll_handle_read_host_channel_map

i.ll_handle_remove_device_in_whitelist
                0x00004d24       0x38
 i.ll_handle_remove_device_in_whitelist
                0x00004d24       0x38 ..\..\..\..\..\PSoC Creator\4.2\Downloads ( 4.2).cylib\BLE_v3_54\Library\gccCyBLEStack_BLE_SOC_PERIPHERAL.a(ll.o)
                0x00004d24                ll_handle_remove_device_in_whitelist

i.ll_handle_reset
                0x00004d5c        0xe
 i.ll_handle_reset
                0x00004d5c        0xe ..\..\..\..\..\PSoC Creator\4.2\Downloads ( 4.2).cylib\BLE_v3_54\Library\gccCyBLEStack_BLE_SOC_PERIPHERAL.a(ll.o)
                0x00004d5c                ll_handle_reset

i.ll_handle_set_random_address
                0x00004d6a       0x36
 i.ll_handle_set_random_address
                0x00004d6a       0x36 ..\..\..\..\..\PSoC Creator\4.2\Downloads ( 4.2).cylib\BLE_v3_54\Library\gccCyBLEStack_BLE_SOC_PERIPHERAL.a(ll.o)
                0x00004d6a                ll_handle_set_random_address

i.ll_init       0x00004da0       0x20
 i.ll_init      0x00004da0       0x20 ..\..\..\..\..\PSoC Creator\4.2\Downloads ( 4.2).cylib\BLE_v3_54\Library\gccCyBLEStack_BLE_SOC_PERIPHERAL.a(ll.o)
                0x00004da0                ll_init

i.ll_initialize_device_attributes
                0x00004dc0       0xc0
 i.ll_initialize_device_attributes
                0x00004dc0       0xc0 ..\..\..\..\..\PSoC Creator\4.2\Downloads ( 4.2).cylib\BLE_v3_54\Library\gccCyBLEStack_BLE_SOC_PERIPHERAL.a(ll.o)
                0x00004dc0                ll_initialize_device_attributes

i.ll_is_pkt_pending
                0x00004e80       0x2a
 i.ll_is_pkt_pending
                0x00004e80       0x2a ..\..\..\..\..\PSoC Creator\4.2\Downloads ( 4.2).cylib\BLE_v3_54\Library\gccCyBLEStack_BLE_SOC_PERIPHERAL.a(ll.o)
                0x00004e80                ll_is_pkt_pending

i.ll_is_sent_pkt_pending
                0x00004eaa       0x1a
 i.ll_is_sent_pkt_pending
                0x00004eaa       0x1a ..\..\..\..\..\PSoC Creator\4.2\Downloads ( 4.2).cylib\BLE_v3_54\Library\gccCyBLEStack_BLE_SOC_PERIPHERAL.a(ll.o)
                0x00004eaa                ll_is_sent_pkt_pending

i.ll_isr_exit_low_power_mode
                0x00004ec4       0x16
 i.ll_isr_exit_low_power_mode
                0x00004ec4       0x16 ..\..\..\..\..\PSoC Creator\4.2\Downloads ( 4.2).cylib\BLE_v3_54\Library\gccCyBLEStack_BLE_SOC_PERIPHERAL.a(ll.o)
                0x00004ec4                ll_isr_exit_low_power_mode

i.ll_load_host_data_packet
                0x00004eda       0x3c
 i.ll_load_host_data_packet
                0x00004eda       0x3c ..\..\..\..\..\PSoC Creator\4.2\Downloads ( 4.2).cylib\BLE_v3_54\Library\gccCyBLEStack_BLE_SOC_PERIPHERAL.a(ll.o)
                0x00004eda                ll_load_host_data_packet

i.ll_load_packet_to_fifo
                0x00004f18       0xc0
 i.ll_load_packet_to_fifo
                0x00004f18       0xc0 ..\..\..\..\..\PSoC Creator\4.2\Downloads ( 4.2).cylib\BLE_v3_54\Library\gccCyBLEStack_BLE_SOC_PERIPHERAL.a(ll.o)
                0x00004f18                ll_load_packet_to_fifo

i.ll_process_acks
                0x00004fd8       0x60
 i.ll_process_acks
                0x00004fd8       0x60 ..\..\..\..\..\PSoC Creator\4.2\Downloads ( 4.2).cylib\BLE_v3_54\Library\gccCyBLEStack_BLE_SOC_PERIPHERAL.a(ll.o)
                0x00004fd8                ll_process_acks

i.ll_reset      0x00005038       0x14
 i.ll_reset     0x00005038       0x14 ..\..\..\..\..\PSoC Creator\4.2\Downloads ( 4.2).cylib\BLE_v3_54\Library\gccCyBLEStack_BLE_SOC_PERIPHERAL.a(ll.o)
                0x00005038                ll_reset

i.ll_update_active_features
                0x0000504c       0x58
 i.ll_update_active_features
                0x0000504c       0x58 ..\..\..\..\..\PSoC Creator\4.2\Downloads ( 4.2).cylib\BLE_v3_54\Library\gccCyBLEStack_BLE_SOC_PERIPHERAL.a(ll.o)
                0x0000504c                ll_update_active_features

i.ll_update_device_fsm
                0x000050a4        0x8
 i.ll_update_device_fsm
                0x000050a4        0x8 ..\..\..\..\..\PSoC Creator\4.2\Downloads ( 4.2).cylib\BLE_v3_54\Library\gccCyBLEStack_BLE_SOC_PERIPHERAL.a(ll.o)
                0x000050a4                ll_update_device_fsm

i.ll_validate_add_device_to_whitelist_params
                0x000050ac       0x14
 i.ll_validate_add_device_to_whitelist_params
                0x000050ac       0x14 ..\..\..\..\..\PSoC Creator\4.2\Downloads ( 4.2).cylib\BLE_v3_54\Library\gccCyBLEStack_BLE_SOC_PERIPHERAL.a(ll.o)
                0x000050ac                ll_validate_add_device_to_whitelist_params

i.ll_validate_bd_addr
                0x000050c0       0x1a
 i.ll_validate_bd_addr
                0x000050c0       0x1a ..\..\..\..\..\PSoC Creator\4.2\Downloads ( 4.2).cylib\BLE_v3_54\Library\gccCyBLEStack_BLE_SOC_PERIPHERAL.a(ll.o)
                0x000050c0                ll_validate_bd_addr

i.ll_wait_to_enter_dsm
                0x000050dc       0x40
 i.ll_wait_to_enter_dsm
                0x000050dc       0x40 ..\..\..\..\..\PSoC Creator\4.2\Downloads ( 4.2).cylib\BLE_v3_54\Library\gccCyBLEStack_BLE_SOC_PERIPHERAL.a(ll.o)

i.ll_wait_to_exit_dsm
                0x0000511c       0x2c
 i.ll_wait_to_exit_dsm
                0x0000511c       0x2c ..\..\..\..\..\PSoC Creator\4.2\Downloads ( 4.2).cylib\BLE_v3_54\Library\gccCyBLEStack_BLE_SOC_PERIPHERAL.a(ll.o)

i.pf_le_start_timer
                0x00005148       0x16
 i.pf_le_start_timer
                0x00005148       0x16 ..\..\..\..\..\PSoC Creator\4.2\Downloads ( 4.2).cylib\BLE_v3_54\Library\gccCyBLEStack_BLE_SOC_PERIPHERAL.a(ll.o)
                0x00005148                pf_le_start_timer

i.pf_le_stop_timer
                0x0000515e       0x12
 i.pf_le_stop_timer
                0x0000515e       0x12 ..\..\..\..\..\PSoC Creator\4.2\Downloads ( 4.2).cylib\BLE_v3_54\Library\gccCyBLEStack_BLE_SOC_PERIPHERAL.a(ll.o)
                0x0000515e                pf_le_stop_timer

i.CyBleControllerIP_TuneAdvEventInterPktSlots
                0x00005170       0x3c
 i.CyBleControllerIP_TuneAdvEventInterPktSlots
                0x00005170       0x3c ..\..\..\..\..\PSoC Creator\4.2\Downloads ( 4.2).cylib\BLE_v3_54\Library\gccCyBLEStack_BLE_SOC_PERIPHERAL.a(ll_advertiser.o)
                0x00005170                CyBleControllerIP_TuneAdvEventInterPktSlots

i.ll_adv_is_configured_connection_adv
                0x000051ac       0x1e
 i.ll_adv_is_configured_connection_adv
                0x000051ac       0x1e ..\..\..\..\..\PSoC Creator\4.2\Downloads ( 4.2).cylib\BLE_v3_54\Library\gccCyBLEStack_BLE_SOC_PERIPHERAL.a(ll_advertiser.o)
                0x000051ac                ll_adv_is_configured_connection_adv

i.ll_check_random_address_in_use_by_advertiser
                0x000051ca       0x10
 i.ll_check_random_address_in_use_by_advertiser
                0x000051ca       0x10 ..\..\..\..\..\PSoC Creator\4.2\Downloads ( 4.2).cylib\BLE_v3_54\Library\gccCyBLEStack_BLE_SOC_PERIPHERAL.a(ll_advertiser.o)
                0x000051ca                ll_check_random_address_in_use_by_advertiser

i.ll_check_whitelist_in_use_by_advertiser
                0x000051da       0x10
 i.ll_check_whitelist_in_use_by_advertiser
                0x000051da       0x10 ..\..\..\..\..\PSoC Creator\4.2\Downloads ( 4.2).cylib\BLE_v3_54\Library\gccCyBLEStack_BLE_SOC_PERIPHERAL.a(ll_advertiser.o)
                0x000051da                ll_check_whitelist_in_use_by_advertiser

i.ll_get_adv_data
                0x000051ec        0xc
 i.ll_get_adv_data
                0x000051ec        0xc ..\..\..\..\..\PSoC Creator\4.2\Downloads ( 4.2).cylib\BLE_v3_54\Library\gccCyBLEStack_BLE_SOC_PERIPHERAL.a(ll_advertiser.o)
                0x000051ec                ll_get_adv_data

i.ll_get_adv_status
                0x000051f8        0xc
 i.ll_get_adv_status
                0x000051f8        0xc ..\..\..\..\..\PSoC Creator\4.2\Downloads ( 4.2).cylib\BLE_v3_54\Library\gccCyBLEStack_BLE_SOC_PERIPHERAL.a(ll_advertiser.o)
                0x000051f8                ll_get_adv_status

i.ll_get_adv_type
                0x00005204       0x18
 i.ll_get_adv_type
                0x00005204       0x18 ..\..\..\..\..\PSoC Creator\4.2\Downloads ( 4.2).cylib\BLE_v3_54\Library\gccCyBLEStack_BLE_SOC_PERIPHERAL.a(ll_advertiser.o)
                0x00005204                ll_get_adv_type

i.ll_get_scan_rsp_data
                0x0000521c        0xc
 i.ll_get_scan_rsp_data
                0x0000521c        0xc ..\..\..\..\..\PSoC Creator\4.2\Downloads ( 4.2).cylib\BLE_v3_54\Library\gccCyBLEStack_BLE_SOC_PERIPHERAL.a(ll_advertiser.o)
                0x0000521c                ll_get_scan_rsp_data

i.ll_handle_adv_intr
                0x00005228       0x70
 i.ll_handle_adv_intr
                0x00005228       0x70 ..\..\..\..\..\PSoC Creator\4.2\Downloads ( 4.2).cylib\BLE_v3_54\Library\gccCyBLEStack_BLE_SOC_PERIPHERAL.a(ll_advertiser.o)
                0x00005228                ll_handle_adv_intr

i.ll_handle_set_adv_data
                0x00005298       0x38
 i.ll_handle_set_adv_data
                0x00005298       0x38 ..\..\..\..\..\PSoC Creator\4.2\Downloads ( 4.2).cylib\BLE_v3_54\Library\gccCyBLEStack_BLE_SOC_PERIPHERAL.a(ll_advertiser.o)
                0x00005298                ll_handle_set_adv_data

i.ll_handle_set_adv_parameters
                0x000052d0       0xa4
 i.ll_handle_set_adv_parameters
                0x000052d0       0xa4 ..\..\..\..\..\PSoC Creator\4.2\Downloads ( 4.2).cylib\BLE_v3_54\Library\gccCyBLEStack_BLE_SOC_PERIPHERAL.a(ll_advertiser.o)