Archive member included to satisfy reference by file (symbol)

.\CortexM0\ARM_GCC_541\Debug\capsenseled.a(red.o)
                              .\CortexM0\ARM_GCC_541\Debug\main.o (red_Write)
.\CortexM0\ARM_GCC_541\Debug\capsenseled.a(capsense.o)
                              .\CortexM0\ARM_GCC_541\Debug\main.o (capsense_IsBusy)
.\CortexM0\ARM_GCC_541\Debug\capsenseled.a(capsense_CSHL.o)
                              .\CortexM0\ARM_GCC_541\Debug\main.o (capsense_InitializeEnabledBaselines)
.\CortexM0\ARM_GCC_541\Debug\capsenseled.a(capsense_INT.o)
                              .\CortexM0\ARM_GCC_541\Debug\capsenseled.a(capsense.o) (capsense_ISR)
.\CortexM0\ARM_GCC_541\Debug\capsenseled.a(capsense_SMS.o)
                              .\CortexM0\ARM_GCC_541\Debug\capsenseled.a(capsense_CSHL.o) (capsense_UpdateThresholds)
.\CortexM0\ARM_GCC_541\Debug\capsenseled.a(ble.o)
                              .\CortexM0\ARM_GCC_541\Debug\main.o (CyBle_Start)
.\CortexM0\ARM_GCC_541\Debug\capsenseled.a(ble_gatt.o)
                              .\CortexM0\ARM_GCC_541\Debug\main.o (cyBle_state)
.\CortexM0\ARM_GCC_541\Debug\capsenseled.a(ble_eventHandler.o)
                              .\CortexM0\ARM_GCC_541\Debug\main.o (cyBle_connHandle)
.\CortexM0\ARM_GCC_541\Debug\capsenseled.a(ble_custom.o)
                              .\CortexM0\ARM_GCC_541\Debug\capsenseled.a(ble.o) (CyBle_CustomInit)
.\CortexM0\ARM_GCC_541\Debug\capsenseled.a(pwm.o)
                              .\CortexM0\ARM_GCC_541\Debug\main.o (pwm_Stop)
.\CortexM0\ARM_GCC_541\Debug\capsenseled.a(capsense_SampleClk.o)
                              .\CortexM0\ARM_GCC_541\Debug\capsenseled.a(capsense.o) (capsense_SampleClk_StartEx)
.\CortexM0\ARM_GCC_541\Debug\capsenseled.a(capsense_SenseClk.o)
                              .\CortexM0\ARM_GCC_541\Debug\capsenseled.a(capsense.o) (capsense_SenseClk_StartEx)
.\CortexM0\ARM_GCC_541\Debug\capsenseled.a(CyLib.o)
                              .\CortexM0\ARM_GCC_541\Debug\cyfitter_cfg.o (CySysClkWriteImoFreq)
.\CortexM0\ARM_GCC_541\Debug\capsenseled.a(CyLFClk.o)
                              .\CortexM0\ARM_GCC_541\Debug\cyfitter_cfg.o (CySysClkWcoStart)
.\CortexM0\ARM_GCC_541\Debug\capsenseled.a(ADC.o)
                              .\CortexM0\ARM_GCC_541\Debug\main.o (ADC_Start)
.\CortexM0\ARM_GCC_541\Debug\capsenseled.a(ADC_INT.o)
                              .\CortexM0\ARM_GCC_541\Debug\capsenseled.a(ADC.o) (ADC_ISR)
.\CortexM0\ARM_GCC_541\Debug\capsenseled.a(CyBootAsmGnu.o)
                              .\CortexM0\ARM_GCC_541\Debug\cyfitter_cfg.o (CyDelayCycles)
..\..\..\..\..\PSoC Creator\4.2\Downloads ( 4.2).cylib\BLE_v3_54\Library\gccCyBLEStack_BLE_SOC_PERIPHERAL.a(CyBle.o)
                              .\CortexM0\ARM_GCC_541\Debug\main.o (CyBle_EnterLPM)
..\..\..\..\..\PSoC Creator\4.2\Downloads ( 4.2).cylib\BLE_v3_54\Library\gccCyBLEStack_BLE_SOC_PERIPHERAL.a(CyBleStackMgrIP_Interface.o)
                              ..\..\..\..\..\PSoC Creator\4.2\Downloads ( 4.2).cylib\BLE_v3_54\Library\gccCyBLEStack_BLE_SOC_PERIPHERAL.a(CyBle.o) (CyBleStackMgr_Init)
..\..\..\..\..\PSoC Creator\4.2\Downloads ( 4.2).cylib\BLE_v3_54\Library\gccCyBLEStack_BLE_SOC_PERIPHERAL.a(BT_os.o)
                              ..\..\..\..\..\PSoC Creator\4.2\Downloads ( 4.2).cylib\BLE_v3_54\Library\gccCyBLEStack_BLE_SOC_PERIPHERAL.a(CyBleStackMgrIP_Interface.o) (cyBleStackMemoryConfig)
..\..\..\..\..\PSoC Creator\4.2\Downloads ( 4.2).cylib\BLE_v3_54\Library\gccCyBLEStack_BLE_SOC_PERIPHERAL.a(BT_timer.o)
                              ..\..\..\..\..\PSoC Creator\4.2\Downloads ( 4.2).cylib\BLE_v3_54\Library\gccCyBLEStack_BLE_SOC_PERIPHERAL.a(CyBleStackMgrIP_Interface.o) (timer_init)
..\..\..\..\..\PSoC Creator\4.2\Downloads ( 4.2).cylib\BLE_v3_54\Library\gccCyBLEStack_BLE_SOC_PERIPHERAL.a(CyBleStackMgr_StackTaskHandler.o)
                              ..\..\..\..\..\PSoC Creator\4.2\Downloads ( 4.2).cylib\BLE_v3_54\Library\gccCyBLEStack_BLE_SOC_PERIPHERAL.a(BT_timer.o) (BLE_STACK_TASK_EVT)
..\..\..\..\..\PSoC Creator\4.2\Downloads ( 4.2).cylib\BLE_v3_54\Library\gccCyBLEStack_BLE_SOC_PERIPHERAL.a(transport_sf.o)
                              ..\..\..\..\..\PSoC Creator\4.2\Downloads ( 4.2).cylib\BLE_v3_54\Library\gccCyBLEStack_BLE_SOC_PERIPHERAL.a(CyBleStackMgr_StackTaskHandler.o) (hci_soft_transport_notify_data_received)
..\..\..\..\..\PSoC Creator\4.2\Downloads ( 4.2).cylib\BLE_v3_54\Library\gccCyBLEStack_BLE_SOC_PERIPHERAL.a(CyBleStackMgr_PSoCHal.o)
                              ..\..\..\..\..\PSoC Creator\4.2\Downloads ( 4.2).cylib\BLE_v3_54\Library\gccCyBLEStack_BLE_SOC_PERIPHERAL.a(BT_timer.o) (CyBleStackMgr_GetTime)
..\..\..\..\..\PSoC Creator\4.2\Downloads ( 4.2).cylib\BLE_v3_54\Library\gccCyBLEStack_BLE_SOC_PERIPHERAL.a(CyBleStackMgr_BleSSDriver.o)
[...]
Memory Configuration

Name             Origin             Length             Attributes
rom              0x00000000         0x00020000         xr
ram              0x20000000         0x00004000         xrw
*default*        0x00000000         0xffffffff

Linker script and memory map

LOAD c:/program files (x86)/cypress/psoc creator/4.2/psoc creator/import/gnu/arm/5.4.1/bin/../lib/gcc/arm-none-eabi/5.4.1/armv6-m/crti.o
LOAD c:/program files (x86)/cypress/psoc creator/4.2/psoc creator/import/gnu/arm/5.4.1/bin/../lib/gcc/arm-none-eabi/5.4.1/armv6-m/crtbegin.o
LOAD c:/program files (x86)/cypress/psoc creator/4.2/psoc creator/import/gnu/arm/5.4.1/bin/../lib/gcc/arm-none-eabi/5.4.1/../../../../arm-none-eabi/lib/armv6-m/crt0.o
START GROUP
LOAD .\CortexM0\ARM_GCC_541\Debug\main.o
LOAD .\CortexM0\ARM_GCC_541\Debug\cyfitter_cfg.o
LOAD .\CortexM0\ARM_GCC_541\Debug\cymetadata.o
LOAD .\CortexM0\ARM_GCC_541\Debug\Cm0Start.o
LOAD .\CortexM0\ARM_GCC_541\Debug\capsenseled.a
LOAD ..\..\..\..\..\PSoC Creator\4.2\Downloads ( 4.2).cylib\BLE_v3_54\Library\gccCyBLEStack_BLE_SOC_PERIPHERAL.a
LOAD C:\Program Files (x86)\Cypress\PSoC Creator\4.2\PSoC Creator\psoc\content\CyComponentLibrary\CyComponentLibrary.cylib\CapSense_CSD_P4_v2_60\PSoC4\Library\CapsenseP4Library_GCC.a
END GROUP
START GROUP
LOAD c:/program files (x86)/cypress/psoc creator/4.2/psoc creator/import/gnu/arm/5.4.1/bin/../lib/gcc/arm-none-eabi/5.4.1/armv6-m\libgcc.a
LOAD c:/program files (x86)/cypress/psoc creator/4.2/psoc creator/import/gnu/arm/5.4.1/bin/../lib/gcc/arm-none-eabi/5.4.1/../../../../arm-none-eabi/lib/armv6-m\libg_nano.a
LOAD c:/program files (x86)/cypress/psoc creator/4.2/psoc creator/import/gnu/arm/5.4.1/bin/../lib/gcc/arm-none-eabi/5.4.1/../../../../arm-none-eabi/lib/armv6-m\libc_nano.a
END GROUP
START GROUP
LOAD c:/program files (x86)/cypress/psoc creator/4.2/psoc creator/import/gnu/arm/5.4.1/bin/../lib/gcc/arm-none-eabi/5.4.1/armv6-m\libgcc.a
LOAD c:/program files (x86)/cypress/psoc creator/4.2/psoc creator/import/gnu/arm/5.4.1/bin/../lib/gcc/arm-none-eabi/5.4.1/../../../../arm-none-eabi/lib/armv6-m\libc_nano.a
END GROUP
LOAD c:/program files (x86)/cypress/psoc creator/4.2/psoc creator/import/gnu/arm/5.4.1/bin/../lib/gcc/arm-none-eabi/5.4.1/armv6-m/crtend.o
LOAD c:/program files (x86)/cypress/psoc creator/4.2/psoc creator/import/gnu/arm/5.4.1/bin/../lib/gcc/arm-none-eabi/5.4.1/armv6-m/crtn.o
START GROUP
LOAD c:/program files (x86)/cypress/psoc creator/4.2/psoc creator/import/gnu/arm/5.4.1/bin/../lib/gcc/arm-none-eabi/5.4.1/armv6-m\libgcc.a
LOAD c:/program files (x86)/cypress/psoc creator/4.2/psoc creator/import/gnu/arm/5.4.1/bin/../lib/gcc/arm-none-eabi/5.4.1/../../../../arm-none-eabi/lib/armv6-m\libc.a
LOAD c:/program files (x86)/cypress/psoc creator/4.2/psoc creator/import/gnu/arm/5.4.1/bin/../lib/gcc/arm-none-eabi/5.4.1/../../../../arm-none-eabi/lib/armv6-m\libnosys.a
END GROUP
                0x00000000                CY_APPL_ORIGIN = 0x0
                0x00000080                CY_FLASH_ROW_SIZE = 0x80
                0x00000001                CY_APPL_NUM = 0x1
                0x00000001                CY_APPL_MAX = 0x1
                0x00000040                CY_METADATA_SIZE = 0x40
                0x00000000                CY_APPL_LOADABLE = 0x0
                0x00000000                CY_CHECKSUM_EXCLUDE_SIZE = ALIGN (0x0, CY_FLASH_ROW_SIZE)
                0x00000000                CY_APP_FOR_STACK_AND_COPIER = 0x0
                [!provide]                PROVIDE (__cy_heap_start, _end)
                0x00000001                PROVIDE (__cy_region_num, ((__cy_regions_end - __cy_regions) / 0x10))
                0x20004000                PROVIDE (__cy_stack, (ORIGIN (ram) + LENGTH (ram)))
                [!provide]                PROVIDE (__cy_heap_end, (__cy_stack - 0x800))

.cybootloader   0x00000000        0x0
 *(.cybootloader)
                0x00000000                appl1_start = CY_APPL_ORIGIN?CY_APPL_ORIGIN:ALIGN (CY_FLASH_ROW_SIZE)
                0x0000ff80                appl2_start = (appl1_start + ALIGN ((((LENGTH (rom) - appl1_start) - (0x2 * CY_FLASH_ROW_SIZE)) / 0x2), CY_FLASH_ROW_SIZE))
                0x00000000                appl_start = (CY_APPL_NUM == 0x1)?appl1_start:appl2_start
                0x00000001                cy_project_type_bootloader = (appl_start == 0x0)?0x1:0x0
                0x00000000                cy_project_type_app_for_stack_and_copier = (CY_APP_FOR_STACK_AND_COPIER == 0x1)?0x1:0x0

.text           0x00000000     0x25d8
 CREATE_OBJECT_SYMBOLS
                0x00000000                PROVIDE (__cy_interrupt_vector, RomVectors)
 *(.romvectors)
 .romvectors    0x00000000       0x10 .\CortexM0\ARM_GCC_541\Debug\Cm0Start.o
                0x00000000                RomVectors
                0x00000001                ASSERT ((. != __cy_interrupt_vector), No interrupt vector)
                0x00000001                ASSERT (CY_APPL_ORIGIN?(SIZEOF (.cybootloader) <= CY_APPL_ORIGIN):0x1, Wrong image location)
                0x00000010                PROVIDE (__cy_reset, Reset)
 *(.text.Reset)
 .text.Reset    0x00000010        0x8 .\CortexM0\ARM_GCC_541\Debug\Cm0Start.o
                0x00000010                Reset
                0x00000001                ASSERT ((. != __cy_reset), No reset code)
 *(.psocinit)
 .psocinit      0x00000018      0x254 .\CortexM0\ARM_GCC_541\Debug\cyfitter_cfg.o
                0x00000148                cyfitter_cfg
                0x0000026c                . = MAX (., 0x100)
 *(.text .text.* .gnu.linkonce.t.*)
 .text          0x0000026c       0x60 c:/program files (x86)/cypress/psoc creator/4.2/psoc creator/import/gnu/arm/5.4.1/bin/../lib/gcc/arm-none-eabi/5.4.1/armv6-m/crtbegin.o
 .text.updateAnalogIn
                0x000002cc       0x58 .\CortexM0\ARM_GCC_541\Debug\main.o
                0x000002cc                updateAnalogIn
 .text.updateLed
                0x00000324       0x3c .\CortexM0\ARM_GCC_541\Debug\main.o
                0x00000324                updateLed
 .text.updateCapsense
                0x00000360       0x64 .\CortexM0\ARM_GCC_541\Debug\main.o
                0x00000360                updateCapsense
 .text.BleCallBack
                0x000003c4       0xf4 .\CortexM0\ARM_GCC_541\Debug\main.o
                0x000003c4                BleCallBack
 .text.main     0x000004b8       0x7c .\CortexM0\ARM_GCC_541\Debug\main.o
                0x000004b8                main
 .text.cfg_write_bytes32
                0x00000534       0x34 .\CortexM0\ARM_GCC_541\Debug\cyfitter_cfg.o
 .text.CYMEMZERO
                0x00000568        0xc .\CortexM0\ARM_GCC_541\Debug\cyfitter_cfg.o
 .text.SetAnalogRoutingPumps
                0x00000574       0x20 .\CortexM0\ARM_GCC_541\Debug\cyfitter_cfg.o
                0x00000574                SetAnalogRoutingPumps
 .text.AnalogSetDefault
                0x00000594       0x3c .\CortexM0\ARM_GCC_541\Debug\cyfitter_cfg.o
 .text.IntDefaultHandler
                0x000005d0       0x10 .\CortexM0\ARM_GCC_541\Debug\Cm0Start.o
                0x000005d0                IntDefaultHandler
 .text.Start_c  0x000005e0       0x48 .\CortexM0\ARM_GCC_541\Debug\Cm0Start.o
                0x000005e0                Start_c
 .text.initialize_psoc
                0x00000628       0x4c .\CortexM0\ARM_GCC_541\Debug\Cm0Start.o
                0x00000628                initialize_psoc
 .text.red_Write
                0x00000674       0x18 .\CortexM0\ARM_GCC_541\Debug\capsenseled.a(red.o)
                0x00000674                red_Write
 .text.red_Read
                0x0000068c       0x10 .\CortexM0\ARM_GCC_541\Debug\capsenseled.a(red.o)
                0x0000068c                red_Read
 .text.capsense_CsdHwBlockInit
                0x0000069c       0x7c .\CortexM0\ARM_GCC_541\Debug\capsenseled.a(capsense.o)
                0x0000069c                capsense_CsdHwBlockInit
 .text.capsense_Enable
                0x00000718       0x40 .\CortexM0\ARM_GCC_541\Debug\capsenseled.a(capsense.o)
                0x00000718                capsense_Enable
 .text.capsense_IsBusy
                0x00000758       0x10 .\CortexM0\ARM_GCC_541\Debug\capsenseled.a(capsense.o)
                0x00000758                capsense_IsBusy
 .text.capsense_ReadSensorRaw
                0x00000768       0x10 .\CortexM0\ARM_GCC_541\Debug\capsenseled.a(capsense.o)
                0x00000768                capsense_ReadSensorRaw
 .text.capsense_EnableSensor
                0x00000778       0x48 .\CortexM0\ARM_GCC_541\Debug\capsenseled.a(capsense.o)
                0x00000778                capsense_EnableSensor
 .text.capsense_DisableSensor
                0x000007c0       0x70 .\CortexM0\ARM_GCC_541\Debug\capsenseled.a(capsense.o)
                0x000007c0                capsense_DisableSensor
 .text.capsense_ClearSensors
                0x00000830       0x14 .\CortexM0\ARM_GCC_541\Debug\capsenseled.a(capsense.o)
                0x00000830                capsense_ClearSensors
 .text.capsense_SetShieldDelay
                0x00000844       0x18 .\CortexM0\ARM_GCC_541\Debug\capsenseled.a(capsense.o)
                0x00000844                capsense_SetShieldDelay
 .text.capsense_GetBitValue
                0x0000085c       0x18 .\CortexM0\ARM_GCC_541\Debug\capsenseled.a(capsense.o)
                0x0000085c                capsense_GetBitValue
 .text.capsense_FindNextSensor
                0x00000874       0x24 .\CortexM0\ARM_GCC_541\Debug\capsenseled.a(capsense.o)
                0x00000874                capsense_FindNextSensor
 .text.capsense_PreScan
                0x00000898      0x10c .\CortexM0\ARM_GCC_541\Debug\capsenseled.a(capsense.o)
                0x00000898                capsense_PreScan
 .text.capsense_ScanSensor
                0x000009a4       0x1c .\CortexM0\ARM_GCC_541\Debug\capsenseled.a(capsense.o)
                0x000009a4                capsense_ScanSensor
 .text.capsense_ScanEnabledWidgets
                0x000009c0       0x38 .\CortexM0\ARM_GCC_541\Debug\capsenseled.a(capsense.o)
                0x000009c0                capsense_ScanEnabledWidgets
 .text.capsense_PostScan
                0x000009f8       0x90 .\CortexM0\ARM_GCC_541\Debug\capsenseled.a(capsense.o)
                0x000009f8                capsense_PostScan
 .text.capsense_SetBitValue
                0x00000a88       0x28 .\CortexM0\ARM_GCC_541\Debug\capsenseled.a(capsense.o)
                0x00000a88                capsense_SetBitValue
 .text.capsense_GetSensorRaw
                0x00000ab0       0x2c .\CortexM0\ARM_GCC_541\Debug\capsenseled.a(capsense.o)
                0x00000ab0                capsense_GetSensorRaw
 .text.capsense_SetUnscannedSensorState
                0x00000adc        0xc .\CortexM0\ARM_GCC_541\Debug\capsenseled.a(capsense.o)
                0x00000adc                capsense_SetUnscannedSensorState
 .text.capsense_Init
                0x00000ae8       0x24 .\CortexM0\ARM_GCC_541\Debug\capsenseled.a(capsense.o)
                0x00000ae8                capsense_Init
 .text.capsense_Start
                0x00000b0c       0x38 .\CortexM0\ARM_GCC_541\Debug\capsenseled.a(capsense.o)
                0x00000b0c                capsense_Start
 .text.capsense_NormalizeWidgets
                0x00000b44       0x40 .\CortexM0\ARM_GCC_541\Debug\capsenseled.a(capsense.o)
                0x00000b44                capsense_NormalizeWidgets
 .text.capsense_BaseInit
                0x00000b84       0x24 .\CortexM0\ARM_GCC_541\Debug\capsenseled.a(capsense_CSHL.o)
                0x00000b84                capsense_BaseInit
 .text.capsense_InitializeEnabledBaselines
                0x00000ba8       0x30 .\CortexM0\ARM_GCC_541\Debug\capsenseled.a(capsense_CSHL.o)
                0x00000ba8                capsense_InitializeEnabledBaselines
 .text.capsense_FindMaximum
                0x00000bd8       0x2c .\CortexM0\ARM_GCC_541\Debug\capsenseled.a(capsense_CSHL.o)
                0x00000bd8                capsense_FindMaximum
 .text.capsense_CalcCentroid
                0x00000c04       0xe4 .\CortexM0\ARM_GCC_541\Debug\capsenseled.a(capsense_CSHL.o)
                0x00000c04                capsense_CalcCentroid
 .text.capsense_IIR4Filter
                0x00000ce8        0xc .\CortexM0\ARM_GCC_541\Debug\capsenseled.a(capsense_CSHL.o)
                0x00000ce8                capsense_IIR4Filter
 .text.capsense_UpdateBaselineNoThreshold
                0x00000cf4      0x120 .\CortexM0\ARM_GCC_541\Debug\capsenseled.a(capsense_CSHL.o)
                0x00000cf4                capsense_UpdateBaselineNoThreshold
 .text.capsense_UpdateSensorBaseline
                0x00000e14       0x10 .\CortexM0\ARM_GCC_541\Debug\capsenseled.a(capsense_CSHL.o)
                0x00000e14                capsense_UpdateSensorBaseline
 .text.capsense_UpdateEnabledBaselines
                0x00000e24       0x24 .\CortexM0\ARM_GCC_541\Debug\capsenseled.a(capsense_CSHL.o)
                0x00000e24                capsense_UpdateEnabledBaselines
 .text.capsense_GetCentroidPos
                0x00000e48       0x7c .\CortexM0\ARM_GCC_541\Debug\capsenseled.a(capsense_CSHL.o)
                0x00000e48                capsense_GetCentroidPos
 .text.capsense_ISR
                0x00000ec4       0x9c .\CortexM0\ARM_GCC_541\Debug\capsenseled.a(capsense_INT.o)
                0x00000ec4                capsense_ISR
 .text.capsense_UpdateThresholds
                0x00000f60       0x74 .\CortexM0\ARM_GCC_541\Debug\capsenseled.a(capsense_SMS.o)
                0x00000f60                capsense_UpdateThresholds
 .text.capsense_SetAnalogSwitchesSrcDirect
                0x00000fd4       0x10 .\CortexM0\ARM_GCC_541\Debug\capsenseled.a(capsense_SMS.o)
                0x00000fd4                capsense_SetAnalogSwitchesSrcDirect
 .text.capsense_DisableBaselineIDAC
                0x00000fe4       0x1c .\CortexM0\ARM_GCC_541\Debug\capsenseled.a(capsense_SMS.o)
                0x00000fe4                capsense_DisableBaselineIDAC
 .text.capsense_EnableBaselineIDAC
                0x00001000       0x50 .\CortexM0\ARM_GCC_541\Debug\capsenseled.a(capsense_SMS.o)
                0x00001000                capsense_EnableBaselineIDAC
 .text.capsense_AutoTune
                0x00001050       0xbc .\CortexM0\ARM_GCC_541\Debug\capsenseled.a(capsense_SMS.o)
                0x00001050                capsense_AutoTune
 .text.CyBle_ServiceInit
                0x0000110c        0x8 .\CortexM0\ARM_GCC_541\Debug\capsenseled.a(ble.o)
                0x0000110c                CyBle_ServiceInit
 .text.CyBle_Init
                0x00001114       0x34 .\CortexM0\ARM_GCC_541\Debug\capsenseled.a(ble.o)
                0x00001114                CyBle_Init
 .text.CyBle_Start
                0x00001148       0xb4 .\CortexM0\ARM_GCC_541\Debug\capsenseled.a(ble.o)
                0x00001148                CyBle_Start
 .text.CyBle_GappStartAdvertisement
                0x000011fc       0x88 .\CortexM0\ARM_GCC_541\Debug\capsenseled.a(ble.o)
                0x000011fc                CyBle_GappStartAdvertisement
 .text.CyBle_ChangeAdDeviceAddress
                0x00001284        0x4 .\CortexM0\ARM_GCC_541\Debug\capsenseled.a(ble.o)
                0x00001284                CyBle_ChangeAdDeviceAddress
 .text.CyBle_Get16ByPtr
                0x00001288        0xc .\CortexM0\ARM_GCC_541\Debug\capsenseled.a(ble.o)
                0x00001288                CyBle_Get16ByPtr
 .text.CyBle_GattsWriteEventHandler
                0x00001294       0x58 .\CortexM0\ARM_GCC_541\Debug\capsenseled.a(ble_gatt.o)
                0x00001294                CyBle_GattsWriteEventHandler
 .text.CyBle_GattDisconnectEventHandler
                0x000012ec       0x10 .\CortexM0\ARM_GCC_541\Debug\capsenseled.a(ble_eventHandler.o)
 .text.CyBle_WriteReqHandler
                0x000012fc       0x38 .\CortexM0\ARM_GCC_541\Debug\capsenseled.a(ble_eventHandler.o)
 .text.CyBle_IsDeviceAddressValid
                0x00001334       0x24 .\CortexM0\ARM_GCC_541\Debug\capsenseled.a(ble_eventHandler.o)
                0x00001334                CyBle_IsDeviceAddressValid
 .text.CyBle_EventHandler
                0x00001358      0x2cc .\CortexM0\ARM_GCC_541\Debug\capsenseled.a(ble_eventHandler.o)
                0x00001358                CyBle_EventHandler
 .text.CyBle_CustomInit
                0x00001624        0x4 .\CortexM0\ARM_GCC_541\Debug\capsenseled.a(ble_custom.o)
                0x00001624                CyBle_CustomInit
 .text.pwm_Enable
                0x00001628       0x14 .\CortexM0\ARM_GCC_541\Debug\capsenseled.a(pwm.o)
                0x00001628                pwm_Enable
 .text.pwm_Stop
                0x0000163c       0x10 .\CortexM0\ARM_GCC_541\Debug\capsenseled.a(pwm.o)
                0x0000163c                pwm_Stop
 .text.pwm_WriteCounter
                0x0000164c        0xc .\CortexM0\ARM_GCC_541\Debug\capsenseled.a(pwm.o)
                0x0000164c                pwm_WriteCounter
 .text.pwm_WritePeriod
                0x00001658        0xc .\CortexM0\ARM_GCC_541\Debug\capsenseled.a(pwm.o)
                0x00001658                pwm_WritePeriod
 .text.pwm_WriteCompare
                0x00001664        0xc .\CortexM0\ARM_GCC_541\Debug\capsenseled.a(pwm.o)
                0x00001664                pwm_WriteCompare
 .text.pwm_SetInterruptMode
                0x00001670        0xc .\CortexM0\ARM_GCC_541\Debug\capsenseled.a(pwm.o)
                0x00001670                pwm_SetInterruptMode
 .text.pwm_ReadStatusRegister
                0x0000167c        0xc .\CortexM0\ARM_GCC_541\Debug\capsenseled.a(pwm.o)
                0x0000167c                pwm_ReadStatusRegister
 .text.pwm_ReadCapture
                0x00001688        0xc .\CortexM0\ARM_GCC_541\Debug\capsenseled.a(pwm.o)
                0x00001688                pwm_ReadCapture
 .text.pwm_ClearFIFO
                0x00001694       0x14 .\CortexM0\ARM_GCC_541\Debug\capsenseled.a(pwm.o)
                0x00001694                pwm_ClearFIFO
 .text.pwm_Init
                0x000016a8       0x58 .\CortexM0\ARM_GCC_541\Debug\capsenseled.a(pwm.o)
                0x000016a8                pwm_Init
 .text.pwm_Start
                0x00001700       0x20 .\CortexM0\ARM_GCC_541\Debug\capsenseled.a(pwm.o)
                0x00001700                pwm_Start
 .text.capsense_SampleClk_StartEx
                0x00001720       0x1c .\CortexM0\ARM_GCC_541\Debug\capsenseled.a(capsense_SampleClk.o)
                0x00001720                capsense_SampleClk_StartEx
 .text.capsense_SampleClk_Stop
                0x0000173c       0x18 .\CortexM0\ARM_GCC_541\Debug\capsenseled.a(capsense_SampleClk.o)
                0x0000173c                capsense_SampleClk_Stop
 .text.capsense_SampleClk_SetFractionalDividerRegister
                0x00001754       0x20 .\CortexM0\ARM_GCC_541\Debug\capsenseled.a(capsense_SampleClk.o)
                0x00001754                capsense_SampleClk_SetFractionalDividerRegister
 .text.capsense_SenseClk_StartEx
                0x00001774       0x1c .\CortexM0\ARM_GCC_541\Debug\capsenseled.a(capsense_SenseClk.o)
                0x00001774                capsense_SenseClk_StartEx
 .text.capsense_SenseClk_Stop
                0x00001790       0x18 .\CortexM0\ARM_GCC_541\Debug\capsenseled.a(capsense_SenseClk.o)
                0x00001790                capsense_SenseClk_Stop
 .text.capsense_SenseClk_SetFractionalDividerRegister
                0x000017a8       0x20 .\CortexM0\ARM_GCC_541\Debug\capsenseled.a(capsense_SenseClk.o)
                0x000017a8                capsense_SenseClk_SetFractionalDividerRegister
 .text.CySysClkWriteImoFreq
                0x000017c8       0x64 .\CortexM0\ARM_GCC_541\Debug\capsenseled.a(CyLib.o)
                0x000017c8                CySysClkWriteImoFreq
 .text.CySysClkEcoReadStatus
                0x0000182c       0x10 .\CortexM0\ARM_GCC_541\Debug\capsenseled.a(CyLib.o)
                0x0000182c                CySysClkEcoReadStatus
 .text.CyIntEnable
                0x0000183c       0x14 .\CortexM0\ARM_GCC_541\Debug\capsenseled.a(CyLib.o)
                0x0000183c                CyIntEnable
 .text.CyIntDisable
                0x00001850       0x14 .\CortexM0\ARM_GCC_541\Debug\capsenseled.a(CyLib.o)
                0x00001850                CyIntDisable
 .text.CyIntClearPending
                0x00001864       0x14 .\CortexM0\ARM_GCC_541\Debug\capsenseled.a(CyLib.o)
                0x00001864                CyIntClearPending
 .text.CyHalt   0x00001878        0x4 .\CortexM0\ARM_GCC_541\Debug\capsenseled.a(CyLib.o)
                0x00001878                CyHalt
 .text.CyIntSetVector
                0x0000187c       0x24 .\CortexM0\ARM_GCC_541\Debug\capsenseled.a(CyLib.o)
                0x0000187c                CyIntSetVector
 .text.CyIntSetPriority
                0x000018a0       0x4c .\CortexM0\ARM_GCC_541\Debug\capsenseled.a(CyLib.o)
                0x000018a0                CyIntSetPriority
 .text.CyDelay  0x000018ec       0x30 .\CortexM0\ARM_GCC_541\Debug\capsenseled.a(CyLib.o)
                0x000018ec                CyDelay
 .text.CyDelayUs
                0x0000191c       0x14 .\CortexM0\ARM_GCC_541\Debug\capsenseled.a(CyLib.o)
                0x0000191c                CyDelayUs
 .text.CySysClkEcoStart
                0x00001930       0x54 .\CortexM0\ARM_GCC_541\Debug\capsenseled.a(CyLib.o)
                0x00001930                CySysClkEcoStart
 .text.CySysWdtLocked
                0x00001984       0x14 .\CortexM0\ARM_GCC_541\Debug\capsenseled.a(CyLFClk.o)
 .text.CySysClkWcoStart
                0x00001998       0x40 .\CortexM0\ARM_GCC_541\Debug\capsenseled.a(CyLFClk.o)
                0x00001998                CySysClkWcoStart
 .text.CySysClkWcoSetPowerMode
                0x000019d8       0x80 .\CortexM0\ARM_GCC_541\Debug\capsenseled.a(CyLFClk.o)
                0x000019d8                CySysClkWcoSetPowerMode
 .text.CySysWdtLock
                0x00001a58       0x1c .\CortexM0\ARM_GCC_541\Debug\capsenseled.a(CyLFClk.o)
                0x00001a58                CySysWdtLock
 .text.CySysWdtUnlock
                0x00001a74       0x30 .\CortexM0\ARM_GCC_541\Debug\capsenseled.a(CyLFClk.o)
                0x00001a74                CySysWdtUnlock
 .text.CySysWdtClearInterrupt
                0x00001aa4       0x4c .\CortexM0\ARM_GCC_541\Debug\capsenseled.a(CyLFClk.o)
                0x00001aa4                CySysWdtClearInterrupt
 .text.CySysWdtIsr
                0x00001af0       0xa4 .\CortexM0\ARM_GCC_541\Debug\capsenseled.a(CyLFClk.o)
                0x00001af0                CySysWdtIsr
 .text.ADC_Init
                0x00001b94      0x104 .\CortexM0\ARM_GCC_541\Debug\capsenseled.a(ADC.o)
                0x00001b94                ADC_Init
 .text.ADC_Enable
                0x00001c98       0x30 .\CortexM0\ARM_GCC_541\Debug\capsenseled.a(ADC.o)
                0x00001c98                ADC_Enable
 .text.ADC_Start
                0x00001cc8       0x20 .\CortexM0\ARM_GCC_541\Debug\capsenseled.a(ADC.o)
                0x00001cc8                ADC_Start
 .text.ADC_StartConvert
                0x00001ce8       0x14 .\CortexM0\ARM_GCC_541\Debug\capsenseled.a(ADC.o)
                0x00001ce8                ADC_StartConvert
 .text.ADC_GetResult16
                0x00001cfc       0x2c .\CortexM0\ARM_GCC_541\Debug\capsenseled.a(ADC.o)
                0x00001cfc                ADC_GetResult16
 .text.ADC_ISR  0x00001d28        0xc .\CortexM0\ARM_GCC_541\Debug\capsenseled.a(ADC_INT.o)
                0x00001d28                ADC_ISR
 *fill*         0x00001d34        0x4 
 .text          0x00001d38       0x20 .\CortexM0\ARM_GCC_541\Debug\capsenseled.a(CyBootAsmGnu.o)
                0x00001d38                CyDelayCycles
                0x00001d4a                CyEnterCriticalSection
                0x00001d52                CyExitCriticalSection
 .text.CalibrateOneDAC_P4_v2_60
                0x00001d58       0x40 C:\Program Files (x86)\Cypress\PSoC Creator\4.2\PSoC Creator\psoc\content\CyComponentLibrary\CyComponentLibrary.cylib\CapSense_CSD_P4_v2_60\PSoC4\Library\CapsenseP4Library_GCC.a(CSD_P4_SmartSense_v2_60.o)
                0x00001d58                CalibrateOneDAC_P4_v2_60
 .text.CalibrateSensors_P4_v2_60
                0x00001d98       0x22 C:\Program Files (x86)\Cypress\PSoC Creator\4.2\PSoC Creator\psoc\content\CyComponentLibrary\CyComponentLibrary.cylib\CapSense_CSD_P4_v2_60\PSoC4\Library\CapsenseP4Library_GCC.a(CSD_P4_SmartSense_v2_60.o)
                0x00001d98                CalibrateSensors_P4_v2_60
 .text.TunePrescalers_P4_v2_60
                0x00001dba       0x42 C:\Program Files (x86)\Cypress\PSoC Creator\4.2\PSoC Creator\psoc\content\CyComponentLibrary\CyComponentLibrary.cylib\CapSense_CSD_P4_v2_60\PSoC4\Library\CapsenseP4Library_GCC.a(CSD_P4_SmartSense_v2_60.o)
                0x00001dba                TunePrescalers_P4_v2_60
 .text.TuneSensitivity_P4_v2_60
                0x00001dfc       0xdc C:\Program Files (x86)\Cypress\PSoC Creator\4.2\PSoC Creator\psoc\content\CyComponentLibrary\CyComponentLibrary.cylib\CapSense_CSD_P4_v2_60\PSoC4\Library\CapsenseP4Library_GCC.a(CSD_P4_SmartSense_v2_60.o)
                0x00001dfc                TuneSensitivity_P4_v2_60
 .text.MeasureNoiseEnvelope_P4_v2_60
                0x00001ed8       0xfc C:\Program Files (x86)\Cypress\PSoC Creator\4.2\PSoC Creator\psoc\content\CyComponentLibrary\CyComponentLibrary.cylib\CapSense_CSD_P4_v2_60\PSoC4\Library\CapsenseP4Library_GCC.a(CSD_P4_SmartSense_v2_60.o)
                0x00001ed8                MeasureNoiseEnvelope_P4_v2_60
 .text.CalculateThresholds_P4_v2_60
                0x00001fd4       0x36 C:\Program Files (x86)\Cypress\PSoC Creator\4.2\PSoC Creator\psoc\content\CyComponentLibrary\CyComponentLibrary.cylib\CapSense_CSD_P4_v2_60\PSoC4\Library\CapsenseP4Library_GCC.a(CSD_P4_SmartSense_v2_60.o)
                0x00001fd4                CalculateThresholds_P4_v2_60
 *fill*         0x0000200a        0x2 
 .text.CyBLE_Bless_LlRegWrite
                0x0000200c        0x4 .\CortexM0\ARM_GCC_541\Debug\capsenseled.a(ble_HAL_PVT.o)
                0x0000200c                CyBLE_Bless_LlRegWrite
 .text.CyBLE_Bless_RfRegWrite
                0x00002010        0x4 .\CortexM0\ARM_GCC_541\Debug\capsenseled.a(ble_HAL_PVT.o)
                0x00002010                CyBLE_Bless_RfRegWrite
 .text.CyBLE_BlessDeviceConfig
                0x00002014      0x134 .\CortexM0\ARM_GCC_541\Debug\capsenseled.a(ble_HAL_PVT.o)
                0x00002014                CyBLE_BlessDeviceConfig
 .text.CyBleHal_DelayUs
                0x00002148        0x8 .\CortexM0\ARM_GCC_541\Debug\capsenseled.a(ble_HAL_PVT.o)
                0x00002148                CyBleHal_DelayUs
 .text.CyBleHal_DelayMs
                0x00002150        0x8 .\CortexM0\ARM_GCC_541\Debug\capsenseled.a(ble_HAL_PVT.o)
                0x00002150                CyBleHal_DelayMs
 .text.CyBleHal_EnableGlobalInterrupts
                0x00002158        0x8 .\CortexM0\ARM_GCC_541\Debug\capsenseled.a(ble_HAL_PVT.o)
                0x00002158                CyBleHal_EnableGlobalInterrupts
 .text.CyBleHal_DisableGlobalInterrupts
                0x00002160        0x8 .\CortexM0\ARM_GCC_541\Debug\capsenseled.a(ble_HAL_PVT.o)
                0x00002160                CyBleHal_DisableGlobalInterrupts
 .text.CyBle_HalInit
                0x00002168       0x18 .\CortexM0\ARM_GCC_541\Debug\capsenseled.a(ble_HAL_PVT.o)
                0x00002168                CyBle_HalInit
 .text.CYBLE_BlessStart
                0x00002180       0x10 .\CortexM0\ARM_GCC_541\Debug\capsenseled.a(ble_HAL_PVT.o)
                0x00002180                CYBLE_BlessStart
 .text.CyBLE_GetIpBlockVersion
                0x00002190        0x8 .\CortexM0\ARM_GCC_541\Debug\capsenseled.a(ble_HAL_PVT.o)
                0x00002190                CyBLE_GetIpBlockVersion
 .text.CyBle_Hal_pairing_local_public_key_handler
                0x00002198        0x4 .\CortexM0\ARM_GCC_541\Debug\capsenseled.a(ble_HAL_PVT.o)
                0x00002198                CyBle_Hal_pairing_local_public_key_handler
 .text.CyBle_Hal_pairing_remote_key_handler
                0x0000219c        0x4 .\CortexM0\ARM_GCC_541\Debug\capsenseled.a(ble_HAL_PVT.o)
                0x0000219c                CyBle_Hal_pairing_remote_key_handler
 .text.CyBle_Hal_pairing_dhkey_handler
                0x000021a0        0x4 .\CortexM0\ARM_GCC_541\Debug\capsenseled.a(ble_HAL_PVT.o)
                0x000021a0                CyBle_Hal_pairing_dhkey_handler
 .text.CyBle_Hal_pairing_dhkey_check_handler
                0x000021a4        0x4 .\CortexM0\ARM_GCC_541\Debug\capsenseled.a(ble_HAL_PVT.o)
                0x000021a4                CyBle_Hal_pairing_dhkey_check_handler
 .text.CyBle_Hal_pairing_keypress_notification_handler
                0x000021a8        0x4 .\CortexM0\ARM_GCC_541\Debug\capsenseled.a(ble_HAL_PVT.o)
                0x000021a8                CyBle_Hal_pairing_keypress_notification_handler
 .text.CyBle_Hal_pairing_rand_handler
                0x000021ac        0x4 .\CortexM0\ARM_GCC_541\Debug\capsenseled.a(ble_HAL_PVT.o)
                0x000021ac                CyBle_Hal_pairing_rand_handler
 .text.CyBle_Hal_pairing_confirm_handler
                0x000021b0        0x4 .\CortexM0\ARM_GCC_541\Debug\capsenseled.a(ble_HAL_PVT.o)
                0x000021b0                CyBle_Hal_pairing_confirm_handler
 .text.CyBle_Hal_pairing_lr_confirming_handler
                0x000021b4        0x4 .\CortexM0\ARM_GCC_541\Debug\capsenseled.a(ble_HAL_PVT.o)
                0x000021b4                CyBle_Hal_pairing_lr_confirming_handler
 .text.CyBle_Hal_pairing_sc_tbx_local_pubkey_generate_complete
                0x000021b8        0x4 .\CortexM0\ARM_GCC_541\Debug\capsenseled.a(ble_HAL_PVT.o)
                0x000021b8                CyBle_Hal_pairing_sc_tbx_local_pubkey_generate_complete
 .text.CyBle_Hal_pairing_sc_generate_local_P256_public_key
                0x000021bc        0x4 .\CortexM0\ARM_GCC_541\Debug\capsenseled.a(ble_HAL_PVT.o)
                0x000021bc                CyBle_Hal_pairing_sc_generate_local_P256_public_key
 .text.CyBle_Hal_se_smp_sc_user_passkey_handler
                0x000021c0        0x4 .\CortexM0\ARM_GCC_541\Debug\capsenseled.a(ble_HAL_PVT.o)
                0x000021c0                CyBle_Hal_se_smp_sc_user_passkey_handler
 .text.CyBle_Hal_EccPointMult
                0x000021c4        0x4 .\CortexM0\ARM_GCC_541\Debug\capsenseled.a(ble_HAL_PVT.o)
                0x000021c4                CyBle_Hal_EccPointMult
 .text.ble_bless_isr_SetVector
                0x000021c8        0xc .\CortexM0\ARM_GCC_541\Debug\capsenseled.a(ble_bless_isr.o)
                0x000021c8                ble_bless_isr_SetVector
 .text.ble_bless_isr_SetPriority
                0x000021d4       0x20 .\CortexM0\ARM_GCC_541\Debug\capsenseled.a(ble_bless_isr.o)
                0x000021d4                ble_bless_isr_SetPriority
 .text.ble_bless_isr_Enable
                0x000021f4       0x10 .\CortexM0\ARM_GCC_541\Debug\capsenseled.a(ble_bless_isr.o)
                0x000021f4                ble_bless_isr_Enable
 .text.ble_bless_isr_Disable
                0x00002204       0x10 .\CortexM0\ARM_GCC_541\Debug\capsenseled.a(ble_bless_isr.o)
                0x00002204                ble_bless_isr_Disable
 .text.ble_bless_isr_StartEx
                0x00002214       0x1c .\CortexM0\ARM_GCC_541\Debug\capsenseled.a(ble_bless_isr.o)
                0x00002214                ble_bless_isr_StartEx
 .text.CySysPmSleep
                0x00002230       0x1c .\CortexM0\ARM_GCC_541\Debug\capsenseled.a(cyPm.o)
                0x00002230                CySysPmSleep
 .text.CyBLE_Bless_Interrupt
                0x0000224c        0x8 .\CortexM0\ARM_GCC_541\Debug\capsenseled.a(ble_HAL_INT.o)
                0x0000224c                CyBLE_Bless_Interrupt
 .text          0x00002254      0x114 c:/program files (x86)/cypress/psoc creator/4.2/psoc creator/import/gnu/arm/5.4.1/bin/../lib/gcc/arm-none-eabi/5.4.1/armv6-m\libgcc.a(_udivsi3.o)
                0x00002254                __aeabi_uidiv
                0x00002254                __udivsi3
                0x00002360                __aeabi_uidivmod
 .text          0x00002368      0x1d4 c:/program files (x86)/cypress/psoc creator/4.2/psoc creator/import/gnu/arm/5.4.1/bin/../lib/gcc/arm-none-eabi/5.4.1/armv6-m\libgcc.a(_divsi3.o)
                0x00002368                __divsi3
                0x00002368                __aeabi_idiv
                0x00002534                __aeabi_idivmod
 .text          0x0000253c        0x4 c:/program files (x86)/cypress/psoc creator/4.2/psoc creator/import/gnu/arm/5.4.1/bin/../lib/gcc/arm-none-eabi/5.4.1/armv6-m\libgcc.a(_dvmd_tls.o)
                0x0000253c                __aeabi_idiv0
                0x0000253c                __aeabi_ldiv0
 .text.__errno  0x00002540        0xc c:/program files (x86)/cypress/psoc creator/4.2/psoc creator/import/gnu/arm/5.4.1/bin/../lib/gcc/arm-none-eabi/5.4.1/../../../../arm-none-eabi/lib/armv6-m\libg_nano.a(lib_a-errno.o)
                0x00002540                __errno
 .text.__libc_init_array
                0x0000254c       0x4c c:/program files (x86)/cypress/psoc creator/4.2/psoc creator/import/gnu/arm/5.4.1/bin/../lib/gcc/arm-none-eabi/5.4.1/../../../../arm-none-eabi/lib/armv6-m\libg_nano.a(lib_a-init.o)
                0x0000254c                __libc_init_array
 .text.memcmp   0x00002598       0x1e c:/program files (x86)/cypress/psoc creator/4.2/psoc creator/import/gnu/arm/5.4.1/bin/../lib/gcc/arm-none-eabi/5.4.1/../../../../arm-none-eabi/lib/armv6-m\libg_nano.a(lib_a-memcmp.o)
                0x00002598                memcmp
 .text.memcpy   0x000025b6       0x12 c:/program files (x86)/cypress/psoc creator/4.2/psoc creator/import/gnu/arm/5.4.1/bin/../lib/gcc/arm-none-eabi/5.4.1/../../../../arm-none-eabi/lib/armv6-m\libg_nano.a(lib_a-memcpy-stub.o)
                0x000025b6                memcpy
 .text.memset   0x000025c8       0x10 c:/program files (x86)/cypress/psoc creator/4.2/psoc creator/import/gnu/arm/5.4.1/bin/../lib/gcc/arm-none-eabi/5.4.1/../../../../arm-none-eabi/lib/armv6-m\libg_nano.a(lib_a-memset.o)
                0x000025c8                memset
 *(.plt)
 *(.gnu.warning)
 *(.glue_7t)
 .glue_7t       0x000025d8        0x0 linker stubs
 *(.glue_7)
 .glue_7        0x000025d8        0x0 linker stubs
 *(.vfp11_veneer)
 .vfp11_veneer  0x000025d8        0x0 linker stubs
 *(.bootloader)
 *(.ARM.extab* .gnu.linkonce.armextab.*)
 *(.gcc_except_table)

.v4_bx          0x000025d8        0x0
 .v4_bx         0x000025d8        0x0 linker stubs

.iplt           0x000025d8        0x0
 .iplt          0x000025d8        0x0 c:/program files (x86)/cypress/psoc creator/4.2/psoc creator/import/gnu/arm/5.4.1/bin/../lib/gcc/arm-none-eabi/5.4.1/armv6-m/crtbegin.o

i.CyBle_ControllerGetFeatureHeapReq
                0x000025d8       0x58
 i.CyBle_ControllerGetFeatureHeapReq
                0x000025d8       0x58 ..\..\..\..\..\PSoC Creator\4.2\Downloads ( 4.2).cylib\BLE_v3_54\Library\gccCyBLEStack_BLE_SOC_PERIPHERAL.a(CyBle.o)
                0x000025d8                CyBle_ControllerGetFeatureHeapReq

i.CyBle_EnterLPM
                0x00002630        0x8
 i.CyBle_EnterLPM
                0x00002630        0x8 ..\..\..\..\..\PSoC Creator\4.2\Downloads ( 4.2).cylib\BLE_v3_54\Library\gccCyBLEStack_BLE_SOC_PERIPHERAL.a(CyBle.o)
                0x00002630                CyBle_EnterLPM

i.CyBle_ExitLPM
                0x00002638        0x8
 i.CyBle_ExitLPM
                0x00002638        0x8 ..\..\..\..\..\PSoC Creator\4.2\Downloads ( 4.2).cylib\BLE_v3_54\Library\gccCyBLEStack_BLE_SOC_PERIPHERAL.a(CyBle.o)
                0x00002638                CyBle_ExitLPM

i.CyBle_ProcessEvents
                0x00002640        0x8
 i.CyBle_ProcessEvents
                0x00002640        0x8 ..\..\..\..\..\PSoC Creator\4.2\Downloads ( 4.2).cylib\BLE_v3_54\Library\gccCyBLEStack_BLE_SOC_PERIPHERAL.a(CyBle.o)
                0x00002640                CyBle_ProcessEvents

i.CyBle_SetDeviceAddress
                0x00002648       0x24
 i.CyBle_SetDeviceAddress
                0x00002648       0x24 ..\..\..\..\..\PSoC Creator\4.2\Downloads ( 4.2).cylib\BLE_v3_54\Library\gccCyBLEStack_BLE_SOC_PERIPHERAL.a(CyBle.o)
                0x00002648                CyBle_SetDeviceAddress

i.CyBle_StackGetFeatureConfig
                0x0000266c       0x38
 i.CyBle_StackGetFeatureConfig
                0x0000266c       0x38 ..\..\..\..\..\PSoC Creator\4.2\Downloads ( 4.2).cylib\BLE_v3_54\Library\gccCyBLEStack_BLE_SOC_PERIPHERAL.a(CyBle.o)
                0x0000266c                CyBle_StackGetFeatureConfig

i.CyBle_StackInit
                0x000026a4      0x154
 i.CyBle_StackInit
                0x000026a4      0x154 ..\..\..\..\..\PSoC Creator\4.2\Downloads ( 4.2).cylib\BLE_v3_54\Library\gccCyBLEStack_BLE_SOC_PERIPHERAL.a(CyBle.o)
                0x000026a4                CyBle_StackInit

i.CyBle_StackSetFeatureConfig
                0x000027f8       0xe8
 i.CyBle_StackSetFeatureConfig
                0x000027f8       0xe8 ..\..\..\..\..\PSoC Creator\4.2\Downloads ( 4.2).cylib\BLE_v3_54\Library\gccCyBLEStack_BLE_SOC_PERIPHERAL.a(CyBle.o)
                0x000027f8                CyBle_StackSetFeatureConfig

i.CyBle_StackValidateInputParams
                0x000028e0       0xf4
 i.CyBle_StackValidateInputParams
                0x000028e0       0xf4 ..\..\..\..\..\PSoC Creator\4.2\Downloads ( 4.2).cylib\BLE_v3_54\Library\gccCyBLEStack_BLE_SOC_PERIPHERAL.a(CyBle.o)

i.__ARM_common_switch8
                0x000029d4       0x1a
 i.__ARM_common_switch8
                0x000029d4       0x1a ..\..\..\..\..\PSoC Creator\4.2\Downloads ( 4.2).cylib\BLE_v3_54\Library\gccCyBLEStack_BLE_SOC_PERIPHERAL.a(CyBle.o)
                0x000029d4                __ARM_common_switch8

i.CyBleStackMgr_Init
                0x000029f0      0x10c
 i.CyBleStackMgr_Init
                0x000029f0      0x10c ..\..\..\..\..\PSoC Creator\4.2\Downloads ( 4.2).cylib\BLE_v3_54\Library\gccCyBLEStack_BLE_SOC_PERIPHERAL.a(CyBleStackMgrIP_Interface.o)
                0x000029f0                CyBleStackMgr_Init

i.CyBleStackMgr_ProcessBleEvents
                0x00002afc       0x14
 i.CyBleStackMgr_ProcessBleEvents
                0x00002afc       0x14 ..\..\..\..\..\PSoC Creator\4.2\Downloads ( 4.2).cylib\BLE_v3_54\Library\gccCyBLEStack_BLE_SOC_PERIPHERAL.a(CyBleStackMgrIP_Interface.o)
                0x00002afc                CyBleStackMgr_ProcessBleEvents

i.CyBle_GetHeapMemory
                0x00002b10       0x28
 i.CyBle_GetHeapMemory
                0x00002b10       0x28 ..\..\..\..\..\PSoC Creator\4.2\Downloads ( 4.2).cylib\BLE_v3_54\Library\gccCyBLEStack_BLE_SOC_PERIPHERAL.a(CyBleStackMgrIP_Interface.o)
                0x00002b10                CyBle_GetHeapMemory

i.CyBle_GetNumAppBufferPools
                0x00002b38        0xc
 i.CyBle_GetNumAppBufferPools
                0x00002b38        0xc ..\..\..\..\..\PSoC Creator\4.2\Downloads ( 4.2).cylib\BLE_v3_54\Library\gccCyBLEStack_BLE_SOC_PERIPHERAL.a(CyBleStackMgrIP_Interface.o)
                0x00002b38                CyBle_GetNumAppBufferPools

i.CyBle_HostStackBufferPoolInit
                0x00002b44       0xec
 i.CyBle_HostStackBufferPoolInit
                0x00002b44       0xec ..\..\..\..\..\PSoC Creator\4.2\Downloads ( 4.2).cylib\BLE_v3_54\Library\gccCyBLEStack_BLE_SOC_PERIPHERAL.a(CyBleStackMgrIP_Interface.o)

i.ble_stack_idle_task_callback
                0x00002c30        0x2
 i.ble_stack_idle_task_callback
                0x00002c30        0x2 ..\..\..\..\..\PSoC Creator\4.2\Downloads ( 4.2).cylib\BLE_v3_54\Library\gccCyBLEStack_BLE_SOC_PERIPHERAL.a(CyBleStackMgrIP_Interface.o)
                0x00002c30                ble_stack_idle_task_callback

i.BT_OSFreeBuf  0x00002c34       0x20
 i.BT_OSFreeBuf
                0x00002c34       0x20 ..\..\..\..\..\PSoC Creator\4.2\Downloads ( 4.2).cylib\BLE_v3_54\Library\gccCyBLEStack_BLE_SOC_PERIPHERAL.a(BT_os.o)
                0x00002c34                BT_OSFreeBuf

i.BT_OSGetBuF   0x00002c54       0x34
 i.BT_OSGetBuF  0x00002c54       0x34 ..\..\..\..\..\PSoC Creator\4.2\Downloads ( 4.2).cylib\BLE_v3_54\Library\gccCyBLEStack_BLE_SOC_PERIPHERAL.a(BT_os.o)
                0x00002c54                BT_OSGetBuF

i.BT_OSMemCreate
                0x00002c88       0x3c
 i.BT_OSMemCreate
                0x00002c88       0x3c ..\..\..\..\..\PSoC Creator\4.2\Downloads ( 4.2).cylib\BLE_v3_54\Library\gccCyBLEStack_BLE_SOC_PERIPHERAL.a(BT_os.o)
                0x00002c88                BT_OSMemCreate

i.BT_alloc_mem_ext
                0x00002cc4       0x3c
 i.BT_alloc_mem_ext
                0x00002cc4       0x3c ..\..\..\..\..\PSoC Creator\4.2\Downloads ( 4.2).cylib\BLE_v3_54\Library\gccCyBLEStack_BLE_SOC_PERIPHERAL.a(BT_os.o)
                0x00002cc4                BT_alloc_mem_ext

i.BT_free_mem   0x00002d00        0xc
 i.BT_free_mem  0x00002d00        0xc ..\..\..\..\..\PSoC Creator\4.2\Downloads ( 4.2).cylib\BLE_v3_54\Library\gccCyBLEStack_BLE_SOC_PERIPHERAL.a(BT_os.o)
                0x00002d00                BT_free_mem

i.bt_stack_create_buffer_pool
                0x00002d0c       0x30
 i.bt_stack_create_buffer_pool
                0x00002d0c       0x30 ..\..\..\..\..\PSoC Creator\4.2\Downloads ( 4.2).cylib\BLE_v3_54\Library\gccCyBLEStack_BLE_SOC_PERIPHERAL.a(BT_os.o)
                0x00002d0c                bt_stack_create_buffer_pool

i.BT_start_timer
                0x00002d3c       0xa8
 i.BT_start_timer
                0x00002d3c       0xa8 ..\..\..\..\..\PSoC Creator\4.2\Downloads ( 4.2).cylib\BLE_v3_54\Library\gccCyBLEStack_BLE_SOC_PERIPHERAL.a(BT_timer.o)
                0x00002d3c                BT_start_timer

i.BT_stop_timer
                0x00002de4       0x64
 i.BT_stop_timer
                0x00002de4       0x64 ..\..\..\..\..\PSoC Creator\4.2\Downloads ( 4.2).cylib\BLE_v3_54\Library\gccCyBLEStack_BLE_SOC_PERIPHERAL.a(BT_timer.o)
                0x00002de4                BT_stop_timer

i.BT_timer_process_signals
                0x00002e48       0xa4
 i.BT_timer_process_signals
                0x00002e48       0xa4 ..\..\..\..\..\PSoC Creator\4.2\Downloads ( 4.2).cylib\BLE_v3_54\Library\gccCyBLEStack_BLE_SOC_PERIPHERAL.a(BT_timer.o)
                0x00002e48                BT_timer_process_signals

i.pf_timer_handle_callback
                0x00002eec       0x20
 i.pf_timer_handle_callback
                0x00002eec       0x20 ..\..\..\..\..\PSoC Creator\4.2\Downloads ( 4.2).cylib\BLE_v3_54\Library\gccCyBLEStack_BLE_SOC_PERIPHERAL.a(BT_timer.o)
                0x00002eec                pf_timer_handle_callback

i.timer_active_entity
                0x00002f0c       0x24
 i.timer_active_entity
                0x00002f0c       0x24 ..\..\..\..\..\PSoC Creator\4.2\Downloads ( 4.2).cylib\BLE_v3_54\Library\gccCyBLEStack_BLE_SOC_PERIPHERAL.a(BT_timer.o)
                0x00002f0c                timer_active_entity

i.timer_alloc_entity
                0x00002f30       0x1c
 i.timer_alloc_entity
                0x00002f30       0x1c ..\..\..\..\..\PSoC Creator\4.2\Downloads ( 4.2).cylib\BLE_v3_54\Library\gccCyBLEStack_BLE_SOC_PERIPHERAL.a(BT_timer.o)
                0x00002f30                timer_alloc_entity

i.timer_allocated_entity
                0x00002f4c       0x34
 i.timer_allocated_entity
                0x00002f4c       0x34 ..\..\..\..\..\PSoC Creator\4.2\Downloads ( 4.2).cylib\BLE_v3_54\Library\gccCyBLEStack_BLE_SOC_PERIPHERAL.a(BT_timer.o)
                0x00002f4c                timer_allocated_entity

i.timer_bt_init
                0x00002f80        0x2
 i.timer_bt_init
                0x00002f80        0x2 ..\..\..\..\..\PSoC Creator\4.2\Downloads ( 4.2).cylib\BLE_v3_54\Library\gccCyBLEStack_BLE_SOC_PERIPHERAL.a(BT_timer.o)
                0x00002f80                timer_bt_init

i.timer_init    0x00002f84       0x28
 i.timer_init   0x00002f84       0x28 ..\..\..\..\..\PSoC Creator\4.2\Downloads ( 4.2).cylib\BLE_v3_54\Library\gccCyBLEStack_BLE_SOC_PERIPHERAL.a(BT_timer.o)
                0x00002f84                timer_init

i.timer_update_offsets
                0x00002fac       0x2c
 i.timer_update_offsets
                0x00002fac       0x2c ..\..\..\..\..\PSoC Creator\4.2\Downloads ( 4.2).cylib\BLE_v3_54\Library\gccCyBLEStack_BLE_SOC_PERIPHERAL.a(BT_timer.o)

i.CyBle_CheckBleStackTaskStatus
                0x00002fd8        0x4
 i.CyBle_CheckBleStackTaskStatus
                0x00002fd8        0x4 ..\..\..\..\..\PSoC Creator\4.2\Downloads ( 4.2).cylib\BLE_v3_54\Library\gccCyBLEStack_BLE_SOC_PERIPHERAL.a(CyBleStackMgr_StackTaskHandler.o)
                0x00002fd8                CyBle_CheckBleStackTaskStatus

i.CyBle_CreateBleStackTask
                0x00002fdc       0x2c
 i.CyBle_CreateBleStackTask
                0x00002fdc       0x2c ..\..\..\..\..\PSoC Creator\4.2\Downloads ( 4.2).cylib\BLE_v3_54\Library\gccCyBLEStack_BLE_SOC_PERIPHERAL.a(CyBleStackMgr_StackTaskHandler.o)
                0x00002fdc                CyBle_CreateBleStackTask

i.CyBle_SignalBleStackTask
                0x00003008       0x50
 i.CyBle_SignalBleStackTask
                0x00003008       0x50 ..\..\..\..\..\PSoC Creator\4.2\Downloads ( 4.2).cylib\BLE_v3_54\Library\gccCyBLEStack_BLE_SOC_PERIPHERAL.a(CyBleStackMgr_StackTaskHandler.o)
                0x00003008                CyBle_SignalBleStackTask

i.CyBle_StackTaskHandler
                0x00003058       0x64
 i.CyBle_StackTaskHandler
                0x00003058       0x64 ..\..\..\..\..\PSoC Creator\4.2\Downloads ( 4.2).cylib\BLE_v3_54\Library\gccCyBLEStack_BLE_SOC_PERIPHERAL.a(CyBleStackMgr_StackTaskHandler.o)
                0x00003058                CyBle_StackTaskHandler

i.hci_soft_transport_notify_data_received
                0x000030bc        0xc
 i.hci_soft_transport_notify_data_received
                0x000030bc        0xc ..\..\..\..\..\PSoC Creator\4.2\Downloads ( 4.2).cylib\BLE_v3_54\Library\gccCyBLEStack_BLE_SOC_PERIPHERAL.a(transport_sf.o)
                0x000030bc                hci_soft_transport_notify_data_received

i.hci_soft_transport_rx_data
                0x000030c8       0x40
 i.hci_soft_transport_rx_data
                0x000030c8       0x40 ..\..\..\..\..\PSoC Creator\4.2\Downloads ( 4.2).cylib\BLE_v3_54\Library\gccCyBLEStack_BLE_SOC_PERIPHERAL.a(transport_sf.o)
                0x000030c8                hci_soft_transport_rx_data

i.hci_transport_bt_init
                0x00003108        0x2
 i.hci_transport_bt_init
                0x00003108        0x2 ..\..\..\..\..\PSoC Creator\4.2\Downloads ( 4.2).cylib\BLE_v3_54\Library\gccCyBLEStack_BLE_SOC_PERIPHERAL.a(transport_sf.o)
                0x00003108                hci_transport_bt_init

i.hci_transport_init
                0x0000310c       0x10
 i.hci_transport_init
                0x0000310c       0x10 ..\..\..\..\..\PSoC Creator\4.2\Downloads ( 4.2).cylib\BLE_v3_54\Library\gccCyBLEStack_BLE_SOC_PERIPHERAL.a(transport_sf.o)
                0x0000310c                hci_transport_init

i.hci_transport_write_data
                0x0000311c       0xd4
 i.hci_transport_write_data
                0x0000311c       0xd4 ..\..\..\..\..\PSoC Creator\4.2\Downloads ( 4.2).cylib\BLE_v3_54\Library\gccCyBLEStack_BLE_SOC_PERIPHERAL.a(transport_sf.o)
                0x0000311c                hci_transport_write_data

i.pf_hci_soft_transport_write
                0x000031f0       0x44
 i.pf_hci_soft_transport_write
                0x000031f0       0x44 ..\..\..\..\..\PSoC Creator\4.2\Downloads ( 4.2).cylib\BLE_v3_54\Library\gccCyBLEStack_BLE_SOC_PERIPHERAL.a(transport_sf.o)
                0x000031f0                pf_hci_soft_transport_write

i.pf_soft_hci_transport_init
                0x00003234        0xc
 i.pf_soft_hci_transport_init
                0x00003234        0xc ..\..\..\..\..\PSoC Creator\4.2\Downloads ( 4.2).cylib\BLE_v3_54\Library\gccCyBLEStack_BLE_SOC_PERIPHERAL.a(transport_sf.o)
                0x00003234                pf_soft_hci_transport_init

i.CyBleStackMgr_GetTime
                0x00003240       0x14
 i.CyBleStackMgr_GetTime
                0x00003240       0x14 ..\..\..\..\..\PSoC Creator\4.2\Downloads ( 4.2).cylib\BLE_v3_54\Library\gccCyBLEStack_BLE_SOC_PERIPHERAL.a(CyBleStackMgr_PSoCHal.o)
                0x00003240                CyBleStackMgr_GetTime

i.CyBleStackMgr_HalInit
                0x00003254       0x24
 i.CyBleStackMgr_HalInit
                0x00003254       0x24 ..\..\..\..\..\PSoC Creator\4.2\Downloads ( 4.2).cylib\BLE_v3_54\Library\gccCyBLEStack_BLE_SOC_PERIPHERAL.a(CyBleStackMgr_PSoCHal.o)
                0x00003254                CyBleStackMgr_HalInit

i.CyBleStackMgr_HalIntrEnable
                0x00003278        0x8
 i.CyBleStackMgr_HalIntrEnable
                0x00003278        0x8 ..\..\..\..\..\PSoC Creator\4.2\Downloads ( 4.2).cylib\BLE_v3_54\Library\gccCyBLEStack_BLE_SOC_PERIPHERAL.a(CyBleStackMgr_PSoCHal.o)
                0x00003278                CyBleStackMgr_HalIntrEnable

i.CyBleStackMgr_HandleLinkLayerTick
                0x00003280       0x5c
 i.CyBleStackMgr_HandleLinkLayerTick
                0x00003280       0x5c ..\..\..\..\..\PSoC Creator\4.2\Downloads ( 4.2).cylib\BLE_v3_54\Library\gccCyBLEStack_BLE_SOC_PERIPHERAL.a(CyBleStackMgr_PSoCHal.o)
                0x00003280                CyBleStackMgr_HandleLinkLayerTick

i.CyBleStackMgr_HciPortInit
                0x000032dc        0xc
 i.CyBleStackMgr_HciPortInit
                0x000032dc        0xc ..\..\..\..\..\PSoC Creator\4.2\Downloads ( 4.2).cylib\BLE_v3_54\Library\gccCyBLEStack_BLE_SOC_PERIPHERAL.a(CyBleStackMgr_PSoCHal.o)
                0x000032dc                CyBleStackMgr_HciPortInit

i.CyBleStackMgr_HciPortReset
                0x000032e8        0x2
 i.CyBleStackMgr_HciPortReset
                0x000032e8        0x2 ..\..\..\..\..\PSoC Creator\4.2\Downloads ( 4.2).cylib\BLE_v3_54\Library\gccCyBLEStack_BLE_SOC_PERIPHERAL.a(CyBleStackMgr_PSoCHal.o)
                0x000032e8                CyBleStackMgr_HciPortReset

i.CyBleStackMgr_HciPortWrite
                0x000032ea        0x8
 i.CyBleStackMgr_HciPortWrite
                0x000032ea        0x8 ..\..\..\..\..\PSoC Creator\4.2\Downloads ( 4.2).cylib\BLE_v3_54\Library\gccCyBLEStack_BLE_SOC_PERIPHERAL.a(CyBleStackMgr_PSoCHal.o)
                0x000032ea                CyBleStackMgr_HciPortWrite

i.CyBleStackMgr_ResetLinkLayerTimerEntity
                0x000032f4       0x14
 i.CyBleStackMgr_ResetLinkLayerTimerEntity
                0x000032f4       0x14 ..\..\..\..\..\PSoC Creator\4.2\Downloads ( 4.2).cylib\BLE_v3_54\Library\gccCyBLEStack_BLE_SOC_PERIPHERAL.a(CyBleStackMgr_PSoCHal.o)
                0x000032f4                CyBleStackMgr_ResetLinkLayerTimerEntity

i.CyBleStackMgr_TimerStart
                0x00003308       0x2c
 i.CyBleStackMgr_TimerStart
                0x00003308       0x2c ..\..\..\..\..\PSoC Creator\4.2\Downloads ( 4.2).cylib\BLE_v3_54\Library\gccCyBLEStack_BLE_SOC_PERIPHERAL.a(CyBleStackMgr_PSoCHal.o)
                0x00003308                CyBleStackMgr_TimerStart

i.CyBleStackMgr_TimerStop
                0x00003334       0x18
 i.CyBleStackMgr_TimerStop
                0x00003334       0x18 ..\..\..\..\..\PSoC Creator\4.2\Downloads ( 4.2).cylib\BLE_v3_54\Library\gccCyBLEStack_BLE_SOC_PERIPHERAL.a(CyBleStackMgr_PSoCHal.o)
                0x00003334                CyBleStackMgr_TimerStop

i.CyBleStackMgr_isTimerRunning
                0x0000334c       0x10
 i.CyBleStackMgr_isTimerRunning
                0x0000334c       0x10 ..\..\..\..\..\PSoC Creator\4.2\Downloads ( 4.2).cylib\BLE_v3_54\Library\gccCyBLEStack_BLE_SOC_PERIPHERAL.a(CyBleStackMgr_PSoCHal.o)
                0x0000334c                CyBleStackMgr_isTimerRunning

i.CyBleAtlantisRadioInit
                0x0000335c      0x168
 i.CyBleAtlantisRadioInit
                0x0000335c      0x168 ..\..\..\..\..\PSoC Creator\4.2\Downloads ( 4.2).cylib\BLE_v3_54\Library\gccCyBLEStack_BLE_SOC_PERIPHERAL.a(CyBleStackMgr_BleSSDriver.o)

i.CyBleStackMgr_BleSSFifoRead
                0x000034c4       0x38
 i.CyBleStackMgr_BleSSFifoRead
                0x000034c4       0x38 ..\..\..\..\..\PSoC Creator\4.2\Downloads ( 4.2).cylib\BLE_v3_54\Library\gccCyBLEStack_BLE_SOC_PERIPHERAL.a(CyBleStackMgr_BleSSDriver.o)
                0x000034c4                CyBleStackMgr_BleSSFifoRead

i.CyBleStackMgr_BleSSFifoWrite
                0x000034fc       0x30
 i.CyBleStackMgr_BleSSFifoWrite
                0x000034fc       0x30 ..\..\..\..\..\PSoC Creator\4.2\Downloads ( 4.2).cylib\BLE_v3_54\Library\gccCyBLEStack_BLE_SOC_PERIPHERAL.a(CyBleStackMgr_BleSSDriver.o)
                0x000034fc                CyBleStackMgr_BleSSFifoWrite

i.CyBleStackMgr_BleSSInit
                0x0000352c       0x50
 i.CyBleStackMgr_BleSSInit
                0x0000352c       0x50 ..\..\..\..\..\PSoC Creator\4.2\Downloads ( 4.2).cylib\BLE_v3_54\Library\gccCyBLEStack_BLE_SOC_PERIPHERAL.a(CyBleStackMgr_BleSSDriver.o)
                0x0000352c                CyBleStackMgr_BleSSInit

i.CyBleStackMgr_BleSSMemRead
                0x0000357c       0x32
 i.CyBleStackMgr_BleSSMemRead
                0x0000357c       0x32 ..\..\..\..\..\PSoC Creator\4.2\Downloads ( 4.2).cylib\BLE_v3_54\Library\gccCyBLEStack_BLE_SOC_PERIPHERAL.a(CyBleStackMgr_BleSSDriver.o)
                0x0000357c                CyBleStackMgr_BleSSMemRead

i.CyBleStackMgr_BleSSMemWrite
                0x000035b0       0x34
 i.CyBleStackMgr_BleSSMemWrite
                0x000035b0       0x34 ..\..\..\..\..\PSoC Creator\4.2\Downloads ( 4.2).cylib\BLE_v3_54\Library\gccCyBLEStack_BLE_SOC_PERIPHERAL.a(CyBleStackMgr_BleSSDriver.o)
                0x000035b0                CyBleStackMgr_BleSSMemWrite

i.CyBleStackMgr_BleSSMemWriteFields
                0x000035e4       0x78
 i.CyBleStackMgr_BleSSMemWriteFields
                0x000035e4       0x78 ..\..\..\..\..\PSoC Creator\4.2\Downloads ( 4.2).cylib\BLE_v3_54\Library\gccCyBLEStack_BLE_SOC_PERIPHERAL.a(CyBleStackMgr_BleSSDriver.o)
                0x000035e4                CyBleStackMgr_BleSSMemWriteFields

i.CyBleStackMgr_BleSSRegRead
                0x0000365c        0xc
 i.CyBleStackMgr_BleSSRegRead
                0x0000365c        0xc ..\..\..\..\..\PSoC Creator\4.2\Downloads ( 4.2).cylib\BLE_v3_54\Library\gccCyBLEStack_BLE_SOC_PERIPHERAL.a(CyBleStackMgr_BleSSDriver.o)
                0x0000365c                CyBleStackMgr_BleSSRegRead

i.CyBleStackMgr_BleSSReset
                0x00003668       0x38
 i.CyBleStackMgr_BleSSReset
                0x00003668       0x38 ..\..\..\..\..\PSoC Creator\4.2\Downloads ( 4.2).cylib\BLE_v3_54\Library\gccCyBLEStack_BLE_SOC_PERIPHERAL.a(CyBleStackMgr_BleSSDriver.o)
                0x00003668                CyBleStackMgr_BleSSReset

i.CyBleStackMgr_BleSSShutdown
                0x000036a0       0x3c
 i.CyBleStackMgr_BleSSShutdown
                0x000036a0       0x3c ..\..\..\..\..\PSoC Creator\4.2\Downloads ( 4.2).cylib\BLE_v3_54\Library\gccCyBLEStack_BLE_SOC_PERIPHERAL.a(CyBleStackMgr_BleSSDriver.o)
                0x000036a0                CyBleStackMgr_BleSSShutdown

i.CyBleStackMgr_GenericIface
                0x000036dc       0x3c
 i.CyBleStackMgr_GenericIface
                0x000036dc       0x3c ..\..\..\..\..\PSoC Creator\4.2\Downloads ( 4.2).cylib\BLE_v3_54\Library\gccCyBLEStack_BLE_SOC_PERIPHERAL.a(CyBleStackMgr_BleSSDriver.o)
                0x000036dc                CyBleStackMgr_GenericIface

i.CyBleStackMgr_HandleBleSSIntr
                0x00003718       0xa0
 i.CyBleStackMgr_HandleBleSSIntr
                0x00003718       0xa0 ..\..\..\..\..\PSoC Creator\4.2\Downloads ( 4.2).cylib\BLE_v3_54\Library\gccCyBLEStack_BLE_SOC_PERIPHERAL.a(CyBleStackMgr_BleSSDriver.o)
                0x00003718                CyBleStackMgr_HandleBleSSIntr

i.CyBleStackMgr_SetClockParam
                0x000037b8       0xb4
 i.CyBleStackMgr_SetClockParam
                0x000037b8       0xb4 ..\..\..\..\..\PSoC Creator\4.2\Downloads ( 4.2).cylib\BLE_v3_54\Library\gccCyBLEStack_BLE_SOC_PERIPHERAL.a(CyBleStackMgr_BleSSDriver.o)

i.CyBleStackMgr_isXtalCpuClkSource
                0x0000386c       0x18
 i.CyBleStackMgr_isXtalCpuClkSource
                0x0000386c       0x18 ..\..\..\..\..\PSoC Creator\4.2\Downloads ( 4.2).cylib\BLE_v3_54\Library\gccCyBLEStack_BLE_SOC_PERIPHERAL.a(CyBleStackMgr_BleSSDriver.o)
                0x0000386c                CyBleStackMgr_isXtalCpuClkSource

i.CyBle_EnterDsmMode
                0x00003884       0x3c
 i.CyBle_EnterDsmMode
                0x00003884       0x3c ..\..\..\..\..\PSoC Creator\4.2\Downloads ( 4.2).cylib\BLE_v3_54\Library\gccCyBLEStack_BLE_SOC_PERIPHERAL.a(CyBleStackMgr_BleSSDriver.o)
                0x00003884                CyBle_EnterDsmMode

i.CyBle_ExitDsmMode
                0x000038c0       0x2c
 i.CyBle_ExitDsmMode
                0x000038c0       0x2c ..\..\..\..\..\PSoC Creator\4.2\Downloads ( 4.2).cylib\BLE_v3_54\Library\gccCyBLEStack_BLE_SOC_PERIPHERAL.a(CyBleStackMgr_BleSSDriver.o)
                0x000038c0                CyBle_ExitDsmMode

i.CyBle_GetBleSsOperationalMode
                0x000038ec        0xc
 i.CyBle_GetBleSsOperationalMode
                0x000038ec        0xc ..\..\..\..\..\PSoC Creator\4.2\Downloads ( 4.2).cylib\BLE_v3_54\Library\gccCyBLEStack_BLE_SOC_PERIPHERAL.a(CyBleStackMgr_BleSSDriver.o)
                0x000038ec                CyBle_GetBleSsOperationalMode

i.CyBle_GetLpMode
                0x000038f8       0x26
 i.CyBle_GetLpMode
                0x000038f8       0x26 ..\..\..\..\..\PSoC Creator\4.2\Downloads ( 4.2).cylib\BLE_v3_54\Library\gccCyBLEStack_BLE_SOC_PERIPHERAL.a(CyBleStackMgr_BleSSDriver.o)
                0x000038f8                CyBle_GetLpMode

i.CyBle_GetTxGainMode
                0x00003920       0x2c
 i.CyBle_GetTxGainMode
                0x00003920       0x2c ..\..\..\..\..\PSoC Creator\4.2\Downloads ( 4.2).cylib\BLE_v3_54\Library\gccCyBLEStack_BLE_SOC_PERIPHERAL.a(CyBleStackMgr_BleSSDriver.o)
                0x00003920                CyBle_GetTxGainMode

i.CyBle_SetAutoWakeUp
                0x0000394c        0xc
 i.CyBle_SetAutoWakeUp
                0x0000394c        0xc ..\..\..\..\..\PSoC Creator\4.2\Downloads ( 4.2).cylib\BLE_v3_54\Library\gccCyBLEStack_BLE_SOC_PERIPHERAL.a(CyBleStackMgr_BleSSDriver.o)
                0x0000394c                CyBle_SetAutoWakeUp

i.CyBle_SetBleSsOperationalMode
                0x00003958       0x20
 i.CyBle_SetBleSsOperationalMode
                0x00003958       0x20 ..\..\..\..\..\PSoC Creator\4.2\Downloads ( 4.2).cylib\BLE_v3_54\Library\gccCyBLEStack_BLE_SOC_PERIPHERAL.a(CyBleStackMgr_BleSSDriver.o)
                0x00003958                CyBle_SetBleSsOperationalMode

i.CyBle_SetEventCloseState
                0x00003978        0xc
 i.CyBle_SetEventCloseState
                0x00003978        0xc ..\..\..\..\..\PSoC Creator\4.2\Downloads ( 4.2).cylib\BLE_v3_54\Library\gccCyBLEStack_BLE_SOC_PERIPHERAL.a(CyBleStackMgr_BleSSDriver.o)
                0x00003978                CyBle_SetEventCloseState

i.CyBle_SetRxGainMode
                0x00003984       0x20
 i.CyBle_SetRxGainMode
                0x00003984       0x20 ..\..\..\..\..\PSoC Creator\4.2\Downloads ( 4.2).cylib\BLE_v3_54\Library\gccCyBLEStack_BLE_SOC_PERIPHERAL.a(CyBleStackMgr_BleSSDriver.o)
                0x00003984                CyBle_SetRxGainMode

i.CyBle_SetTxGainMode
                0x000039a4       0x38
 i.CyBle_SetTxGainMode
                0x000039a4       0x38 ..\..\..\..\..\PSoC Creator\4.2\Downloads ( 4.2).cylib\BLE_v3_54\Library\gccCyBLEStack_BLE_SOC_PERIPHERAL.a(CyBleStackMgr_BleSSDriver.o)
                0x000039a4                CyBle_SetTxGainMode

i.pf_rf_get_abs_rssi
                0x000039dc       0x50
 i.pf_rf_get_abs_rssi
                0x000039dc       0x50 ..\..\..\..\..\PSoC Creator\4.2\Downloads ( 4.2).cylib\BLE_v3_54\Library\gccCyBLEStack_BLE_SOC_PERIPHERAL.a(CyBleStackMgr_BleSSDriver.o)
                0x000039dc                pf_rf_get_abs_rssi

i.BleStackFlashStorageInit
                0x00003a2c       0x84
 i.BleStackFlashStorageInit
                0x00003a2c       0x84 ..\..\..\..\..\PSoC Creator\4.2\Downloads ( 4.2).cylib\BLE_v3_54\Library\gccCyBLEStack_BLE_SOC_PERIPHERAL.a(storage_pl.o)
                0x00003a2c                BleStackFlashStorageInit

i.BleStackIsFlashCorrupted
                0x00003ab0       0x3c
 i.BleStackIsFlashCorrupted
                0x00003ab0       0x3c ..\..\..\..\..\PSoC Creator\4.2\Downloads ( 4.2).cylib\BLE_v3_54\Library\gccCyBLEStack_BLE_SOC_PERIPHERAL.a(storage_pl.o)
                0x00003ab0                BleStackIsFlashCorrupted

i.BleStackWriteToFlashPending
                0x00003aec       0x24
 i.BleStackWriteToFlashPending
                0x00003aec       0x24 ..\..\..\..\..\PSoC Creator\4.2\Downloads ( 4.2).cylib\BLE_v3_54\Library\gccCyBLEStack_BLE_SOC_PERIPHERAL.a(storage_pl.o)
                0x00003aec                BleStackWriteToFlashPending

i.BleStackWriteToFlashRam
                0x00003b10       0x7c
 i.BleStackWriteToFlashRam
                0x00003b10       0x7c ..\..\..\..\..\PSoC Creator\4.2\Downloads ( 4.2).cylib\BLE_v3_54\Library\gccCyBLEStack_BLE_SOC_PERIPHERAL.a(storage_pl.o)
                0x00003b10                BleStackWriteToFlashRam

i.calc_checksum
                0x00003b8c       0x1a
 i.calc_checksum
                0x00003b8c       0x1a ..\..\..\..\..\PSoC Creator\4.2\Downloads ( 4.2).cylib\BLE_v3_54\Library\gccCyBLEStack_BLE_SOC_PERIPHERAL.a(storage_pl.o)
                0x00003b8c                calc_checksum

i.storage_bt_init_pl
                0x00003ba8       0x30
 i.storage_bt_init_pl
                0x00003ba8       0x30 ..\..\..\..\..\PSoC Creator\4.2\Downloads ( 4.2).cylib\BLE_v3_54\Library\gccCyBLEStack_BLE_SOC_PERIPHERAL.a(storage_pl.o)
                0x00003ba8                storage_bt_init_pl

i.storage_close_pl
                0x00003bd8        0x4
 i.storage_close_pl
                0x00003bd8        0x4 ..\..\..\..\..\PSoC Creator\4.2\Downloads ( 4.2).cylib\BLE_v3_54\Library\gccCyBLEStack_BLE_SOC_PERIPHERAL.a(storage_pl.o)
                0x00003bd8                storage_close_pl

i.storage_open_pl
                0x00003bdc       0x1c
 i.storage_open_pl
                0x00003bdc       0x1c ..\..\..\..\..\PSoC Creator\4.2\Downloads ( 4.2).cylib\BLE_v3_54\Library\gccCyBLEStack_BLE_SOC_PERIPHERAL.a(storage_pl.o)
                0x00003bdc                storage_open_pl

i.storage_read_pl
                0x00003bf8       0x28
 i.storage_read_pl
                0x00003bf8       0x28 ..\..\..\..\..\PSoC Creator\4.2\Downloads ( 4.2).cylib\BLE_v3_54\Library\gccCyBLEStack_BLE_SOC_PERIPHERAL.a(storage_pl.o)
                0x00003bf8                storage_read_pl

i.storage_read_signature_pl
                0x00003c20       0x2c
 i.storage_read_signature_pl
                0x00003c20       0x2c ..\..\..\..\..\PSoC Creator\4.2\Downloads ( 4.2).cylib\BLE_v3_54\Library\gccCyBLEStack_BLE_SOC_PERIPHERAL.a(storage_pl.o)
                0x00003c20                storage_read_signature_pl

i.storage_register_flash_pointer
                0x00003c4c       0x20
 i.storage_register_flash_pointer
                0x00003c4c       0x20 ..\..\..\..\..\PSoC Creator\4.2\Downloads ( 4.2).cylib\BLE_v3_54\Library\gccCyBLEStack_BLE_SOC_PERIPHERAL.a(storage_pl.o)
                0x00003c4c                storage_register_flash_pointer

i.storage_reset_storage_offset
                0x00003c6c       0x10
 i.storage_reset_storage_offset
                0x00003c6c       0x10 ..\..\..\..\..\PSoC Creator\4.2\Downloads ( 4.2).cylib\BLE_v3_54\Library\gccCyBLEStack_BLE_SOC_PERIPHERAL.a(storage_pl.o)

i.storage_write_pl
                0x00003c7c       0x24
 i.storage_write_pl
                0x00003c7c       0x24 ..\..\..\..\..\PSoC Creator\4.2\Downloads ( 4.2).cylib\BLE_v3_54\Library\gccCyBLEStack_BLE_SOC_PERIPHERAL.a(storage_pl.o)
                0x00003c7c                storage_write_pl

i.storage_write_signature_pl
                0x00003ca0       0x14
 i.storage_write_signature_pl
                0x00003ca0       0x14 ..\..\..\..\..\PSoC Creator\4.2\Downloads ( 4.2).cylib\BLE_v3_54\Library\gccCyBLEStack_BLE_SOC_PERIPHERAL.a(storage_pl.o)
                0x00003ca0                storage_write_signature_pl

i.OS_init       0x00003cb4       0x64
 i.OS_init      0x00003cb4       0x64 ..\..\..\..\..\PSoC Creator\4.2\Downloads ( 4.2).cylib\BLE_v3_54\Library\gccCyBLEStack_BLE_SOC_PERIPHERAL.a(mint_os.o)
                0x00003cb4                OS_init

i.mintos_malloc
                0x00003d18       0x34
 i.mintos_malloc
                0x00003d18       0x34 ..\..\..\..\..\PSoC Creator\4.2\Downloads ( 4.2).cylib\BLE_v3_54\Library\gccCyBLEStack_BLE_SOC_PERIPHERAL.a(mint_os.o)
                0x00003d18                mintos_malloc

i.OS_create_queue
                0x00003d4c       0x64
 i.OS_create_queue
                0x00003d4c       0x64 ..\..\..\..\..\PSoC Creator\4.2\Downloads ( 4.2).cylib\BLE_v3_54\Library\gccCyBLEStack_BLE_SOC_PERIPHERAL.a(mint_os_queue.o)
                0x00003d4c                OS_create_queue

i.OS_enqueue_item
                0x00003db0       0x8c
 i.OS_enqueue_item
                0x00003db0       0x8c ..\..\..\..\..\PSoC Creator\4.2\Downloads ( 4.2).cylib\BLE_v3_54\Library\gccCyBLEStack_BLE_SOC_PERIPHERAL.a(mint_os_queue.o)
                0x00003db0                OS_enqueue_item

i.OS_queue_get_num_of_items
                0x00003e3c       0x28
 i.OS_queue_get_num_of_items
                0x00003e3c       0x28 ..\..\..\..\..\PSoC Creator\4.2\Downloads ( 4.2).cylib\BLE_v3_54\Library\gccCyBLEStack_BLE_SOC_PERIPHERAL.a(mint_os_queue.o)
                0x00003e3c                OS_queue_get_num_of_items

i.OS_queue_mgmt_init
                0x00003e64       0x40
 i.OS_queue_mgmt_init
                0x00003e64       0x40 ..\..\..\..\..\PSoC Creator\4.2\Downloads ( 4.2).cylib\BLE_v3_54\Library\gccCyBLEStack_BLE_SOC_PERIPHERAL.a(mint_os_queue.o)
                0x00003e64                OS_queue_mgmt_init

i.OS_remove_item
                0x00003ea4       0xa0
 i.OS_remove_item
                0x00003ea4       0xa0 ..\..\..\..\..\PSoC Creator\4.2\Downloads ( 4.2).cylib\BLE_v3_54\Library\gccCyBLEStack_BLE_SOC_PERIPHERAL.a(mint_os_queue.o)
                0x00003ea4                OS_remove_item

i.OS_create_task
                0x00003f44       0x88
 i.OS_create_task
                0x00003f44       0x88 ..\..\..\..\..\PSoC Creator\4.2\Downloads ( 4.2).cylib\BLE_v3_54\Library\gccCyBLEStack_BLE_SOC_PERIPHERAL.a(mint_os_task.o)
                0x00003f44                OS_create_task

i.OS_isr_send_signal_to_task
                0x00003fcc        0xc
 i.OS_isr_send_signal_to_task
                0x00003fcc        0xc ..\..\..\..\..\PSoC Creator\4.2\Downloads ( 4.2).cylib\BLE_v3_54\Library\gccCyBLEStack_BLE_SOC_PERIPHERAL.a(mint_os_task.o)
                0x00003fcc                OS_isr_send_signal_to_task

i.OS_scheduler  0x00003fd8       0x64
 i.OS_scheduler
                0x00003fd8       0x64 ..\..\..\..\..\PSoC Creator\4.2\Downloads ( 4.2).cylib\BLE_v3_54\Library\gccCyBLEStack_BLE_SOC_PERIPHERAL.a(mint_os_task.o)
                0x00003fd8                OS_scheduler

i.OS_send_signal_to_task
                0x0000403c        0xc
 i.OS_send_signal_to_task
                0x0000403c        0xc ..\..\..\..\..\PSoC Creator\4.2\Downloads ( 4.2).cylib\BLE_v3_54\Library\gccCyBLEStack_BLE_SOC_PERIPHERAL.a(mint_os_task.o)
                0x0000403c                OS_send_signal_to_task

i.OS_send_signal_to_task_context
                0x00004048       0x3c
 i.OS_send_signal_to_task_context
                0x00004048       0x3c ..\..\..\..\..\PSoC Creator\4.2\Downloads ( 4.2).cylib\BLE_v3_54\Library\gccCyBLEStack_BLE_SOC_PERIPHERAL.a(mint_os_task.o)

i.OS_task_mgmt_init
                0x00004084       0x50
 i.OS_task_mgmt_init
                0x00004084       0x50 ..\..\..\..\..\PSoC Creator\4.2\Downloads ( 4.2).cylib\BLE_v3_54\Library\gccCyBLEStack_BLE_SOC_PERIPHERAL.a(mint_os_task.o)
                0x00004084                OS_task_mgmt_init

i.mint_buf_mgmt_allocate_buffer
                0x000040d4       0x4c
 i.mint_buf_mgmt_allocate_buffer
                0x000040d4       0x4c ..\..\..\..\..\PSoC Creator\4.2\Downloads ( 4.2).cylib\BLE_v3_54\Library\gccCyBLEStack_BLE_SOC_PERIPHERAL.a(mint_buf_mgmt.o)
                0x000040d4                mint_buf_mgmt_allocate_buffer

i.mint_buf_mgmt_create_pool
                0x00004120       0xd0
 i.mint_buf_mgmt_create_pool
                0x00004120       0xd0 ..\..\..\..\..\PSoC Creator\4.2\Downloads ( 4.2).cylib\BLE_v3_54\Library\gccCyBLEStack_BLE_SOC_PERIPHERAL.a(mint_buf_mgmt.o)
                0x00004120                mint_buf_mgmt_create_pool

i.mint_buf_mgmt_free_buffer
                0x000041f0       0xa4
 i.mint_buf_mgmt_free_buffer
                0x000041f0       0xa4 ..\..\..\..\..\PSoC Creator\4.2\Downloads ( 4.2).cylib\BLE_v3_54\Library\gccCyBLEStack_BLE_SOC_PERIPHERAL.a(mint_buf_mgmt.o)
                0x000041f0                mint_buf_mgmt_free_buffer

i.mint_buf_mgmt_init
                0x00004294       0x44
 i.mint_buf_mgmt_init
                0x00004294       0x44 ..\..\..\..\..\PSoC Creator\4.2\Downloads ( 4.2).cylib\BLE_v3_54\Library\gccCyBLEStack_BLE_SOC_PERIPHERAL.a(mint_buf_mgmt.o)
                0x00004294                mint_buf_mgmt_init

i.mint_buf_mgmt_malloc
                0x000042d8       0x28
 i.mint_buf_mgmt_malloc
                0x000042d8       0x28 ..\..\..\..\..\PSoC Creator\4.2\Downloads ( 4.2).cylib\BLE_v3_54\Library\gccCyBLEStack_BLE_SOC_PERIPHERAL.a(mint_buf_mgmt.o)
                0x000042d8                mint_buf_mgmt_malloc

i.mint_buf_mgmt_pl_init
                0x00004300       0x48
 i.mint_buf_mgmt_pl_init
                0x00004300       0x48 ..\..\..\..\..\PSoC Creator\4.2\Downloads ( 4.2).cylib\BLE_v3_54\Library\gccCyBLEStack_BLE_SOC_PERIPHERAL.a(mint_buf_mgmt.o)
                0x00004300                mint_buf_mgmt_pl_init

i.mint_buf_mgmt_reset_pool
                0x00004348       0x70
 i.mint_buf_mgmt_reset_pool
                0x00004348       0x70 ..\..\..\..\..\PSoC Creator\4.2\Downloads ( 4.2).cylib\BLE_v3_54\Library\gccCyBLEStack_BLE_SOC_PERIPHERAL.a(mint_buf_mgmt.o)
                0x00004348                mint_buf_mgmt_reset_pool

i.mint_buf_mgmt_stack_init
                0x000043b8       0x24
 i.mint_buf_mgmt_stack_init
                0x000043b8       0x24 ..\..\..\..\..\PSoC Creator\4.2\Downloads ( 4.2).cylib\BLE_v3_54\Library\gccCyBLEStack_BLE_SOC_PERIPHERAL.a(mint_buf_mgmt.o)
                0x000043b8                mint_buf_mgmt_stack_init

i.mint_buf_mgmt_stack_pop
                0x000043dc       0x36
 i.mint_buf_mgmt_stack_pop
                0x000043dc       0x36 ..\..\..\..\..\PSoC Creator\4.2\Downloads ( 4.2).cylib\BLE_v3_54\Library\gccCyBLEStack_BLE_SOC_PERIPHERAL.a(mint_buf_mgmt.o)
                0x000043dc                mint_buf_mgmt_stack_pop

i.mint_buf_mgmt_stack_push
                0x00004412       0x36
 i.mint_buf_mgmt_stack_push
                0x00004412       0x36 ..\..\..\..\..\PSoC Creator\4.2\Downloads ( 4.2).cylib\BLE_v3_54\Library\gccCyBLEStack_BLE_SOC_PERIPHERAL.a(mint_buf_mgmt.o)
                0x00004412                mint_buf_mgmt_stack_push

i.mint_buf_mgmt_stack_reset
                0x00004448       0x1e
 i.mint_buf_mgmt_stack_reset
                0x00004448       0x1e ..\..\..\..\..\PSoC Creator\4.2\Downloads ( 4.2).cylib\BLE_v3_54\Library\gccCyBLEStack_BLE_SOC_PERIPHERAL.a(mint_buf_mgmt.o)
                0x00004448                mint_buf_mgmt_stack_reset

i.mint_buf_mgmt_stack_search_item
                0x00004466       0x30
 i.mint_buf_mgmt_stack_search_item
                0x00004466       0x30 ..\..\..\..\..\PSoC Creator\4.2\Downloads ( 4.2).cylib\BLE_v3_54\Library\gccCyBLEStack_BLE_SOC_PERIPHERAL.a(mint_buf_mgmt.o)
                0x00004466                mint_buf_mgmt_stack_search_item

i.CyBleControllerIP_GetPingState
                0x00004498        0xc
 i.CyBleControllerIP_GetPingState
                0x00004498        0xc ..\..\..\..\..\PSoC Creator\4.2\Downloads ( 4.2).cylib\BLE_v3_54\Library\gccCyBLEStack_BLE_SOC_PERIPHERAL.a(CyBleControllerIP_Interface.o)
                0x00004498                CyBleControllerIP_GetPingState

i.CyBleController_AddDeviceToWhiteList
                0x000044a4       0x48
 i.CyBleController_AddDeviceToWhiteList
                0x000044a4       0x48 ..\..\..\..\..\PSoC Creator\4.2\Downloads ( 4.2).cylib\BLE_v3_54\Library\gccCyBLEStack_BLE_SOC_PERIPHERAL.a(CyBleControllerIP_Interface.o)
                0x000044a4                CyBleController_AddDeviceToWhiteList

i.CyBleController_EnterLowPowerMode
                0x000044ec       0x2c
 i.CyBleController_EnterLowPowerMode
                0x000044ec       0x2c ..\..\..\..\..\PSoC Creator\4.2\Downloads ( 4.2).cylib\BLE_v3_54\Library\gccCyBLEStack_BLE_SOC_PERIPHERAL.a(CyBleControllerIP_Interface.o)
                0x000044ec                CyBleController_EnterLowPowerMode

i.CyBleController_ExitLowPowerMode
                0x00004518       0x10
 i.CyBleController_ExitLowPowerMode
                0x00004518       0x10 ..\..\..\..\..\PSoC Creator\4.2\Downloads ( 4.2).cylib\BLE_v3_54\Library\gccCyBLEStack_BLE_SOC_PERIPHERAL.a(CyBleControllerIP_Interface.o)
                0x00004518                CyBleController_ExitLowPowerMode

i.CyBleController_GetDeviceAddress
                0x00004528       0x22
 i.CyBleController_GetDeviceAddress
                0x00004528       0x22 ..\..\..\..\..\PSoC Creator\4.2\Downloads ( 4.2).cylib\BLE_v3_54\Library\gccCyBLEStack_BLE_SOC_PERIPHERAL.a(CyBleControllerIP_Interface.o)
                0x00004528                CyBleController_GetDeviceAddress

i.CyBleController_GetDleHeapMemory
                0x0000454a       0x10
 i.CyBleController_GetDleHeapMemory
                0x0000454a       0x10 ..\..\..\..\..\PSoC Creator\4.2\Downloads ( 4.2).cylib\BLE_v3_54\Library\gccCyBLEStack_BLE_SOC_PERIPHERAL.a(CyBleControllerIP_Interface.o)
                0x0000454a                CyBleController_GetDleHeapMemory

i.CyBleController_GetPrivacyHeapMemory
                0x0000455c       0x1c
 i.CyBleController_GetPrivacyHeapMemory
                0x0000455c       0x1c ..\..\..\..\..\PSoC Creator\4.2\Downloads ( 4.2).cylib\BLE_v3_54\Library\gccCyBLEStack_BLE_SOC_PERIPHERAL.a(CyBleControllerIP_Interface.o)
                0x0000455c                CyBleController_GetPrivacyHeapMemory

i.CyBleController_Init
                0x00004578       0x40
 i.CyBleController_Init
                0x00004578       0x40 ..\..\..\..\..\PSoC Creator\4.2\Downloads ( 4.2).cylib\BLE_v3_54\Library\gccCyBLEStack_BLE_SOC_PERIPHERAL.a(CyBleControllerIP_Interface.o)
                0x00004578                CyBleController_Init

i.CyBleController_LlReset
                0x000045b8       0x10
 i.CyBleController_LlReset
                0x000045b8       0x10 ..\..\..\..\..\PSoC Creator\4.2\Downloads ( 4.2).cylib\BLE_v3_54\Library\gccCyBLEStack_BLE_SOC_PERIPHERAL.a(CyBleControllerIP_Interface.o)
                0x000045b8                CyBleController_LlReset

i.CyBleController_SetDeviceAddress
                0x000045c8       0x2e
 i.CyBleController_SetDeviceAddress
                0x000045c8       0x2e ..\..\..\..\..\PSoC Creator\4.2\Downloads ( 4.2).cylib\BLE_v3_54\Library\gccCyBLEStack_BLE_SOC_PERIPHERAL.a(CyBleControllerIP_Interface.o)
                0x000045c8                CyBleController_SetDeviceAddress

i.CyBleController_SetDleParams
                0x000045f8       0x1c
 i.CyBleController_SetDleParams
                0x000045f8       0x1c ..\..\..\..\..\PSoC Creator\4.2\Downloads ( 4.2).cylib\BLE_v3_54\Library\gccCyBLEStack_BLE_SOC_PERIPHERAL.a(CyBleControllerIP_Interface.o)
                0x000045f8                CyBleController_SetDleParams

i.CyBleController_SetLePrivacyParams
                0x00004614       0x18
 i.CyBleController_SetLePrivacyParams
                0x00004614       0x18 ..\..\..\..\..\PSoC Creator\4.2\Downloads ( 4.2).cylib\BLE_v3_54\Library\gccCyBLEStack_BLE_SOC_PERIPHERAL.a(CyBleControllerIP_Interface.o)
                0x00004614                CyBleController_SetLePrivacyParams

i.CyBle_GetFirmwareProgrammedDSM
                0x0000462c        0xc
 i.CyBle_GetFirmwareProgrammedDSM
                0x0000462c        0xc ..\..\..\..\..\PSoC Creator\4.2\Downloads ( 4.2).cylib\BLE_v3_54\Library\gccCyBLEStack_BLE_SOC_PERIPHERAL.a(CyBleControllerIP_Interface.o)
                0x0000462c                CyBle_GetFirmwareProgrammedDSM

i.CyBle_GetTxPowerLevel
                0x00004638       0x54
 i.CyBle_GetTxPowerLevel
                0x00004638       0x54 ..\..\..\..\..\PSoC Creator\4.2\Downloads ( 4.2).cylib\BLE_v3_54\Library\gccCyBLEStack_BLE_SOC_PERIPHERAL.a(CyBleControllerIP_Interface.o)
                0x00004638                CyBle_GetTxPowerLevel

i.CyBle_SendBlessEvtoAPP
                0x0000468c        0xc
 i.CyBle_SendBlessEvtoAPP
                0x0000468c        0xc ..\..\..\..\..\PSoC Creator\4.2\Downloads ( 4.2).cylib\BLE_v3_54\Library\gccCyBLEStack_BLE_SOC_PERIPHERAL.a(CyBleControllerIP_Interface.o)
                0x0000468c                CyBle_SendBlessEvtoAPP

i.CyBle_SendEventToApp
                0x00004698       0x38
 i.CyBle_SendEventToApp
                0x00004698       0x38 ..\..\..\..\..\PSoC Creator\4.2\Downloads ( 4.2).cylib\BLE_v3_54\Library\gccCyBLEStack_BLE_SOC_PERIPHERAL.a(CyBleControllerIP_Interface.o)
                0x00004698                CyBle_SendEventToApp

i.CyBle_SetFirmwareProgrammedDSM
                0x000046d0        0xc
 i.CyBle_SetFirmwareProgrammedDSM
                0x000046d0        0xc ..\..\..\..\..\PSoC Creator\4.2\Downloads ( 4.2).cylib\BLE_v3_54\Library\gccCyBLEStack_BLE_SOC_PERIPHERAL.a(CyBleControllerIP_Interface.o)
                0x000046d0                CyBle_SetFirmwareProgrammedDSM

i.CyBle_SetTxPowerLevel
                0x000046dc       0x88
 i.CyBle_SetTxPowerLevel
                0x000046dc       0x88 ..\..\..\..\..\PSoC Creator\4.2\Downloads ( 4.2).cylib\BLE_v3_54\Library\gccCyBLEStack_BLE_SOC_PERIPHERAL.a(CyBleControllerIP_Interface.o)
                0x000046dc                CyBle_SetTxPowerLevel

i.ll_check_and_mark_packet_ready_for_transmission
                0x00004764       0x44
 i.ll_check_and_mark_packet_ready_for_transmission
                0x00004764       0x44 ..\..\..\..\..\PSoC Creator\4.2\Downloads ( 4.2).cylib\BLE_v3_54\Library\gccCyBLEStack_BLE_SOC_PERIPHERAL.a(ll.o)
                0x00004764                ll_check_and_mark_packet_ready_for_transmission

i.ll_cleanup_pending_data_pdu
                0x000047a8       0x44
 i.ll_cleanup_pending_data_pdu
                0x000047a8       0x44 ..\..\..\..\..\PSoC Creator\4.2\Downloads ( 4.2).cylib\BLE_v3_54\Library\gccCyBLEStack_BLE_SOC_PERIPHERAL.a(ll.o)
                0x000047a8                ll_cleanup_pending_data_pdu

i.ll_enter_dsm_mode
                0x000047ec      0x15c
 i.ll_enter_dsm_mode
                0x000047ec      0x15c ..\..\..\..\..\PSoC Creator\4.2\Downloads ( 4.2).cylib\BLE_v3_54\Library\gccCyBLEStack_BLE_SOC_PERIPHERAL.a(ll.o)
                0x000047ec                ll_enter_dsm_mode

i.ll_enter_hibernate_mode
                0x00004948       0x28
 i.ll_enter_hibernate_mode
                0x00004948       0x28 ..\..\..\..\..\PSoC Creator\4.2\Downloads ( 4.2).cylib\BLE_v3_54\Library\gccCyBLEStack_BLE_SOC_PERIPHERAL.a(ll.o)
                0x00004948                ll_enter_hibernate_mode

i.ll_enter_sm_mode
                0x00004970       0x60
 i.ll_enter_sm_mode
                0x00004970       0x60 ..\..\..\..\..\PSoC Creator\4.2\Downloads ( 4.2).cylib\BLE_v3_54\Library\gccCyBLEStack_BLE_SOC_PERIPHERAL.a(ll.o)
                0x00004970                ll_enter_sm_mode

i.ll_exit_low_power_mode
                0x000049d0       0x84
 i.ll_exit_low_power_mode
                0x000049d0       0x84 ..\..\..\..\..\PSoC Creator\4.2\Downloads ( 4.2).cylib\BLE_v3_54\Library\gccCyBLEStack_BLE_SOC_PERIPHERAL.a(ll.o)
                0x000049d0                ll_exit_low_power_mode

i.ll_get_ack_status
                0x00004a54       0x44
 i.ll_get_ack_status
                0x00004a54       0x44 ..\..\..\..\..\PSoC Creator\4.2\Downloads ( 4.2).cylib\BLE_v3_54\Library\gccCyBLEStack_BLE_SOC_PERIPHERAL.a(ll.o)
                0x00004a54                ll_get_ack_status

i.ll_get_ack_status_for_all_connections
                0x00004a98       0x34
 i.ll_get_ack_status_for_all_connections
                0x00004a98       0x34 ..\..\..\..\..\PSoC Creator\4.2\Downloads ( 4.2).cylib\BLE_v3_54\Library\gccCyBLEStack_BLE_SOC_PERIPHERAL.a(ll.o)
                0x00004a98                ll_get_ack_status_for_all_connections

i.ll_get_adv_ch_tx_power
                0x00004acc       0x20
 i.ll_get_adv_ch_tx_power
                0x00004acc       0x20 ..\..\..\..\..\PSoC Creator\4.2\Downloads ( 4.2).cylib\BLE_v3_54\Library\gccCyBLEStack_BLE_SOC_PERIPHERAL.a(ll.o)
                0x00004acc                ll_get_adv_ch_tx_power

i.ll_get_data_channel_map
                0x00004aec       0x28
 i.ll_get_data_channel_map
                0x00004aec       0x28 ..\..\..\..\..\PSoC Creator\4.2\Downloads ( 4.2).cylib\BLE_v3_54\Library\gccCyBLEStack_BLE_SOC_PERIPHERAL.a(ll.o)
                0x00004aec                ll_get_data_channel_map

i.ll_get_max_white_list_size
                0x00004b14        0xc
 i.ll_get_max_white_list_size
                0x00004b14        0xc ..\..\..\..\..\PSoC Creator\4.2\Downloads ( 4.2).cylib\BLE_v3_54\Library\gccCyBLEStack_BLE_SOC_PERIPHERAL.a(ll.o)
                0x00004b14                ll_get_max_white_list_size

i.ll_get_my_role
                0x00004b20        0xc
 i.ll_get_my_role
                0x00004b20        0xc ..\..\..\..\..\PSoC Creator\4.2\Downloads ( 4.2).cylib\BLE_v3_54\Library\gccCyBLEStack_BLE_SOC_PERIPHERAL.a(ll.o)
                0x00004b20                ll_get_my_role

i.ll_get_next_available_fifo_for_data_pdu
                0x00004b2c        0x8
 i.ll_get_next_available_fifo_for_data_pdu
                0x00004b2c        0x8 ..\..\..\..\..\PSoC Creator\4.2\Downloads ( 4.2).cylib\BLE_v3_54\Library\gccCyBLEStack_BLE_SOC_PERIPHERAL.a(ll.o)
                0x00004b2c                ll_get_next_available_fifo_for_data_pdu

i.ll_get_next_available_fifo_for_ll_pdu
                0x00004b34       0x2c
 i.ll_get_next_available_fifo_for_ll_pdu
                0x00004b34       0x2c ..\..\..\..\..\PSoC Creator\4.2\Downloads ( 4.2).cylib\BLE_v3_54\Library\gccCyBLEStack_BLE_SOC_PERIPHERAL.a(ll.o)
                0x00004b34                ll_get_next_available_fifo_for_ll_pdu

i.ll_get_rssi_value
                0x00004b60       0x26
 i.ll_get_rssi_value
                0x00004b60       0x26 ..\..\..\..\..\PSoC Creator\4.2\Downloads ( 4.2).cylib\BLE_v3_54\Library\gccCyBLEStack_BLE_SOC_PERIPHERAL.a(ll.o)
                0x00004b60                ll_get_rssi_value

i.ll_get_transmit_power_level
                0x00004b88       0x2c
 i.ll_get_transmit_power_level
                0x00004b88       0x2c ..\..\..\..\..\PSoC Creator\4.2\Downloads ( 4.2).cylib\BLE_v3_54\Library\gccCyBLEStack_BLE_SOC_PERIPHERAL.a(ll.o)
                0x00004b88                ll_get_transmit_power_level

i.ll_handle_ack_received
                0x00004bb4       0x74
 i.ll_handle_ack_received
                0x00004bb4       0x74 ..\..\..\..\..\PSoC Creator\4.2\Downloads ( 4.2).cylib\BLE_v3_54\Library\gccCyBLEStack_BLE_SOC_PERIPHERAL.a(ll.o)
                0x00004bb4                ll_handle_ack_received

i.ll_handle_add_device_in_whitelist
                0x00004c28       0x50
 i.ll_handle_add_device_in_whitelist
                0x00004c28       0x50 ..\..\..\..\..\PSoC Creator\4.2\Downloads ( 4.2).cylib\BLE_v3_54\Library\gccCyBLEStack_BLE_SOC_PERIPHERAL.a(ll.o)
                0x00004c28                ll_handle_add_device_in_whitelist

i.ll_handle_clear_whitelist
                0x00004c78       0x24
 i.ll_handle_clear_whitelist
                0x00004c78       0x24 ..\..\..\..\..\PSoC Creator\4.2\Downloads ( 4.2).cylib\BLE_v3_54\Library\gccCyBLEStack_BLE_SOC_PERIPHERAL.a(ll.o)
                0x00004c78                ll_handle_clear_whitelist

i.ll_handle_encrypt_host_data
                0x00004c9c       0x36
 i.ll_handle_encrypt_host_data
                0x00004c9c       0x36 ..\..\..\..\..\PSoC Creator\4.2\Downloads ( 4.2).cylib\BLE_v3_54\Library\gccCyBLEStack_BLE_SOC_PERIPHERAL.a(ll.o)
                0x00004c9c                ll_handle_encrypt_host_data

i.ll_handle_host_data_packet
                0x00004cd4       0x9c
 i.ll_handle_host_data_packet
                0x00004cd4       0x9c ..\..\..\..\..\PSoC Creator\4.2\Downloads ( 4.2).cylib\BLE_v3_54\Library\gccCyBLEStack_BLE_SOC_PERIPHERAL.a(ll.o)
                0x00004cd4                ll_handle_host_data_packet

i.ll_handle_read_host_channel_map
                0x00004d70        0x4
 i.ll_handle_read_host_channel_map
                0x00004d70        0x4 ..\..\..\..\..\PSoC Creator\4.2\Downloads ( 4.2).cylib\BLE_v3_54\Library\gccCyBLEStack_BLE_SOC_PERIPHERAL.a(ll.o)
                0x00004d70                ll_handle_read_host_channel_map

i.ll_handle_remove_device_in_whitelist
                0x00004d74       0x38
 i.ll_handle_remove_device_in_whitelist
                0x00004d74       0x38 ..\..\..\..\..\PSoC Creator\4.2\Downloads ( 4.2).cylib\BLE_v3_54\Library\gccCyBLEStack_BLE_SOC_PERIPHERAL.a(ll.o)
                0x00004d74                ll_handle_remove_device_in_whitelist

i.ll_handle_reset
                0x00004dac        0xe
 i.ll_handle_reset
                0x00004dac        0xe ..\..\..\..\..\PSoC Creator\4.2\Downloads ( 4.2).cylib\BLE_v3_54\Library\gccCyBLEStack_BLE_SOC_PERIPHERAL.a(ll.o)
                0x00004dac                ll_handle_reset

i.ll_handle_set_random_address
                0x00004dba       0x36
 i.ll_handle_set_random_address
                0x00004dba       0x36 ..\..\..\..\..\PSoC Creator\4.2\Downloads ( 4.2).cylib\BLE_v3_54\Library\gccCyBLEStack_BLE_SOC_PERIPHERAL.a(ll.o)
                0x00004dba                ll_handle_set_random_address

i.ll_init       0x00004df0       0x20
 i.ll_init      0x00004df0       0x20 ..\..\..\..\..\PSoC Creator\4.2\Downloads ( 4.2).cylib\BLE_v3_54\Library\gccCyBLEStack_BLE_SOC_PERIPHERAL.a(ll.o)
                0x00004df0                ll_init

i.ll_initialize_device_attributes
                0x00004e10       0xc0
 i.ll_initialize_device_attributes
                0x00004e10       0xc0 ..\..\..\..\..\PSoC Creator\4.2\Downloads ( 4.2).cylib\BLE_v3_54\Library\gccCyBLEStack_BLE_SOC_PERIPHERAL.a(ll.o)
                0x00004e10                ll_initialize_device_attributes

i.ll_is_pkt_pending
                0x00004ed0       0x2a
 i.ll_is_pkt_pending
                0x00004ed0       0x2a ..\..\..\..\..\PSoC Creator\4.2\Downloads ( 4.2).cylib\BLE_v3_54\Library\gccCyBLEStack_BLE_SOC_PERIPHERAL.a(ll.o)
                0x00004ed0                ll_is_pkt_pending

i.ll_is_sent_pkt_pending
                0x00004efa       0x1a
 i.ll_is_sent_pkt_pending
                0x00004efa       0x1a ..\..\..\..\..\PSoC Creator\4.2\Downloads ( 4.2).cylib\BLE_v3_54\Library\gccCyBLEStack_BLE_SOC_PERIPHERAL.a(ll.o)
                0x00004efa                ll_is_sent_pkt_pending

i.ll_isr_exit_low_power_mode
                0x00004f14       0x16
 i.ll_isr_exit_low_power_mode
                0x00004f14       0x16 ..\..\..\..\..\PSoC Creator\4.2\Downloads ( 4.2).cylib\BLE_v3_54\Library\gccCyBLEStack_BLE_SOC_PERIPHERAL.a(ll.o)
                0x00004f14                ll_isr_exit_low_power_mode

i.ll_load_host_data_packet
                0x00004f2a       0x3c
 i.ll_load_host_data_packet
                0x00004f2a       0x3c ..\..\..\..\..\PSoC Creator\4.2\Downloads ( 4.2).cylib\BLE_v3_54\Library\gccCyBLEStack_BLE_SOC_PERIPHERAL.a(ll.o)
                0x00004f2a                ll_load_host_data_packet

i.ll_load_packet_to_fifo
                0x00004f68       0xc0
 i.ll_load_packet_to_fifo
                0x00004f68       0xc0 ..\..\..\..\..\PSoC Creator\4.2\Downloads ( 4.2).cylib\BLE_v3_54\Library\gccCyBLEStack_BLE_SOC_PERIPHERAL.a(ll.o)
                0x00004f68                ll_load_packet_to_fifo

i.ll_process_acks
                0x00005028       0x60
 i.ll_process_acks
                0x00005028       0x60 ..\..\..\..\..\PSoC Creator\4.2\Downloads ( 4.2).cylib\BLE_v3_54\Library\gccCyBLEStack_BLE_SOC_PERIPHERAL.a(ll.o)
                0x00005028                ll_process_acks

i.ll_reset      0x00005088       0x14
 i.ll_reset     0x00005088       0x14 ..\..\..\..\..\PSoC Creator\4.2\Downloads ( 4.2).cylib\BLE_v3_54\Library\gccCyBLEStack_BLE_SOC_PERIPHERAL.a(ll.o)
                0x00005088                ll_reset

i.ll_update_active_features
                0x0000509c       0x58
 i.ll_update_active_features
                0x0000509c       0x58 ..\..\..\..\..\PSoC Creator\4.2\Downloads ( 4.2).cylib\BLE_v3_54\Library\gccCyBLEStack_BLE_SOC_PERIPHERAL.a(ll.o)
                0x0000509c                ll_update_active_features

i.ll_update_device_fsm
                0x000050f4        0x8
 i.ll_update_device_fsm
                0x000050f4        0x8 ..\..\..\..\..\PSoC Creator\4.2\Downloads ( 4.2).cylib\BLE_v3_54\Library\gccCyBLEStack_BLE_SOC_PERIPHERAL.a(ll.o)
                0x000050f4                ll_update_device_fsm

i.ll_validate_add_device_to_whitelist_params
                0x000050fc       0x14
 i.ll_validate_add_device_to_whitelist_params
                0x000050fc       0x14 ..\..\..\..\..\PSoC Creator\4.2\Downloads ( 4.2).cylib\BLE_v3_54\Library\gccCyBLEStack_BLE_SOC_PERIPHERAL.a(ll.o)
                0x000050fc                ll_validate_add_device_to_whitelist_params

i.ll_validate_bd_addr
                0x00005110       0x1a
 i.ll_validate_bd_addr
                0x00005110       0x1a ..\..\..\..\..\PSoC Creator\4.2\Downloads ( 4.2).cylib\BLE_v3_54\Library\gccCyBLEStack_BLE_SOC_PERIPHERAL.a(ll.o)
                0x00005110                ll_validate_bd_addr

i.ll_wait_to_enter_dsm
                0x0000512c       0x40
 i.ll_wait_to_enter_dsm
                0x0000512c       0x40 ..\..\..\..\..\PSoC Creator\4.2\Downloads ( 4.2).cylib\BLE_v3_54\Library\gccCyBLEStack_BLE_SOC_PERIPHERAL.a(ll.o)

i.ll_wait_to_exit_dsm
                0x0000516c       0x2c
 i.ll_wait_to_exit_dsm
                0x0000516c       0x2c ..\..\..\..\..\PSoC Creator\4.2\Downloads ( 4.2).cylib\BLE_v3_54\Library\gccCyBLEStack_BLE_SOC_PERIPHERAL.a(ll.o)

i.pf_le_start_timer
                0x00005198       0x16
 i.pf_le_start_timer
                0x00005198       0x16 ..\..\..\..\..\PSoC Creator\4.2\Downloads ( 4.2).cylib\BLE_v3_54\Library\gccCyBLEStack_BLE_SOC_PERIPHERAL.a(ll.o)
                0x00005198                pf_le_start_timer

i.pf_le_stop_timer
                0x000051ae       0x12
 i.pf_le_stop_timer
                0x000051ae       0x12 ..\..\..\..\..\PSoC Creator\4.2\Downloads ( 4.2).cylib\BLE_v3_54\Library\gccCyBLEStack_BLE_SOC_PERIPHERAL.a(ll.o)
                0x000051ae                pf_le_stop_timer

i.CyBleControllerIP_TuneAdvEventInterPktSlots
                0x000051c0       0x3c
 i.CyBleControllerIP_TuneAdvEventInterPktSlots
                0x000051c0       0x3c ..\..\..\..\..\PSoC Creator\4.2\Downloads ( 4.2).cylib\BLE_v3_54\Library\gccCyBLEStack_BLE_SOC_PERIPHERAL.a(ll_advertiser.o)
                0x000051c0                CyBleControllerIP_TuneAdvEventInterPktSlots

i.ll_adv_is_configured_connection_adv
                0x000051fc       0x1e
 i.ll_adv_is_configured_connection_adv
                0x000051fc       0x1e ..\..\..\..\..\PSoC Creator\4.2\Downloads ( 4.2).cylib\BLE_v3_54\Library\gccCyBLEStack_BLE_SOC_PERIPHERAL.a(ll_advertiser.o)
                0x000051fc                ll_adv_is_configured_connection_adv

i.ll_check_random_address_in_use_by_advertiser
                0x0000521a       0x10
 i.ll_check_random_address_in_use_by_advertiser
                0x0000521a       0x10 ..\..\..\..\..\PSoC Creator\4.2\Downloads ( 4.2).cylib\BLE_v3_54\Library\gccCyBLEStack_BLE_SOC_PERIPHERAL.a(ll_advertiser.o)
                0x0000521a                ll_check_random_address_in_use_by_advertiser

i.ll_check_whitelist_in_use_by_advertiser
                0x0000522a       0x10
 i.ll_check_whitelist_in_use_by_advertiser
                0x0000522a       0x10 ..\..\..\..\..\PSoC Creator\4.2\Downloads ( 4.2).cylib\BLE_v3_54\Library\gccCyBLEStack_BLE_SOC_PERIPHERAL.a(ll_advertiser.o)
                0x0000522a                ll_check_whitelist_in_use_by_advertiser

i.ll_get_adv_data
                0x0000523c        0xc
 i.ll_get_adv_data
                0x0000523c        0xc ..\..\..\..\..\PSoC Creator\4.2\Downloads ( 4.2).cylib\BLE_v3_54\Library\gccCyBLEStack_BLE_SOC_PERIPHERAL.a(ll_advertiser.o)
                0x0000523c                ll_get_adv_data

i.ll_get_adv_status
                0x00005248        0xc
 i.ll_get_adv_status
                0x00005248        0xc ..\..\..\..\..\PSoC Creator\4.2\Downloads ( 4.2).cylib\BLE_v3_54\Library\gccCyBLEStack_BLE_SOC_PERIPHERAL.a(ll_advertiser.o)
                0x00005248                ll_get_adv_status

i.ll_get_adv_type
                0x00005254       0x18
 i.ll_get_adv_type
                0x00005254       0x18 ..\..\..\..\..\PSoC Creator\4.2\Downloads ( 4.2).cylib\BLE_v3_54\Library\gccCyBLEStack_BLE_SOC_PERIPHERAL.a(ll_advertiser.o)
                0x00005254                ll_get_adv_type

i.ll_get_scan_rsp_data
                0x0000526c        0xc
 i.ll_get_scan_rsp_data
                0x0000526c        0xc ..\..\..\..\..\PSoC Creator\4.2\Downloads ( 4.2).cylib\BLE_v3_54\Library\gccCyBLEStack_BLE_SOC_PERIPHERAL.a(ll_advertiser.o)
                0x0000526c                ll_get_scan_rsp_data

i.ll_handle_adv_intr
                0x00005278       0x70
 i.ll_handle_adv_intr
                0x00005278       0x70 ..\..\..\..\..\PSoC Creator\4.2\Downloads ( 4.2).cylib\BLE_v3_54\Library\gccCyBLEStack_BLE_SOC_PERIPHERAL.a(ll_advertiser.o)
                0x00005278                ll_handle_adv_intr

i.ll_handle_set_adv_data
                0x000052e8       0x38
 i.ll_handle_set_adv_data
                0x000052e8       0x38 ..\..\..\..\..\PSoC Creator\4.2\Downloads ( 4.2).cylib\BLE_v3_54\Library\gccCyBLEStack_BLE_SOC_PERIPHERAL.a(ll_advertiser.o)
                0x000052e8                ll_handle_set_adv_data

i.ll_handle_set_adv_parameters
                0x00005320       0xa4
 i.ll_handle_set_adv_parameters